name: Behind the Wire
theme: desert
objective: collect
doctrine: garrison
order: 15
mechanic: wire you can see through
brief: Wire stops bullets, not eyes. You will watch each other the whole way; the gates are where it turns.
tile: 16
---
############################################################################################
############################################################################################
############################################################################################
############################################################################################
######################################,,,,,,,,,,############################################
##################################,,,,,,,,,,,,,,,,,,,#######################################
#################,,,########,,,,,,,,,,,,,,,,,,,,,,,,,,,,,,...,,,,,,,,,,,####################
########,,,,,,,,,,,,,,,,,,,,,,,,,,,,,,,,,,,,,,,,,,,,,,,,.......,,,,,,,,,,,,,,###############
#####,,,,,,,,,,,,,,,,,,,,,,,,,,,,,,,,,,,,,,,,,,,,,,,,,..........,,,,,,,,,,,,,,,,,,,,,,,#####
#####,,,,,,,,,,,,,,,...,,,,,,,,,,,,,,,,,,,,,,,,,k,,,,,..........,,,,,,,,,,,,,,,,,,,,,,,#####
#####,,,,,,,,,,,,........,,,,,,,,,,,,,,,,,,,,,,,,,,,,...........,,,,,,,,,,,,,,,,,,,,,,,#####
#####,,,,,,,,,,,......E..,,,,,,,,,,,,,,,,,,,,,,,,,,,.............,,,,,,,,,,,,,,,,,,,,,,#####
#####,,,,,,,,,,,..........,,,,,,,,,,,,,,o,,,,,,,,,,,.............,,,,,,,,,,,,,E,,,,,,,,#####
#####,,,,,,,,,,...........,,,,,,,,,,,,,,,,,,,,,,,,,,...........E.,,,,,,,,,,,,,,,,,,,,,######
#####,,,,,,,,,,...........,,,,,,,,,,,,,,,,,,,,,,,,,,.............,,,E,,,,,,,,,,,,,,,,,######
#####,,,,,,,,,,...........,,,,,,,,,,,,,,,,,,,,,,,,,,............,,,,,,,,,,,,,,,,,,,,,,######
#####,+++++++++++++++++++++++++++++++++++++++++++++++++++++++++++,,,++++++++++++++++++######
####,,,,,,,,,,,,.........,,,,,,,,,,,,,,,,,,,,,,,,,,,,,.......,,,,,,,,,,,,,,,,,,,,,,,,#######
####,,,,,,,,,,,,,.......,,,,,,,,,,,,,,,,,,,,,,,,,,S,,,,,,,,,,,,,,,,,,,,,,,,,,,,,,,,,,#######
####,,,,,,,,,,,,,,,,.,,,,,,,,,,,,,,,,,,,,,,,,,,,,,,,,,,,,,,,,,,,,,,,,,,,,,,,,,,,,,,,,#######
####,,,,,,,,,,,,,,,,,,,,,,,,,,,,,,E,,,,,,,,,,,,,,,,,,,,,,,,,,,,,,,,,,,,,,,TTTTT,,,,,,#######
####,,,,,,,,,,,,,,,,,,,,,,,,,,,,,,,,,,,,,,,,,,,,,,,,,,,,,,,,,,,,,,,,,,,,,TTTTTTT,,,,########
####,,,,,,,,,,,,k,,,,,,,,,,,,,,,,,,,,,,,,,,,,....,,,,,,,,,,,,,,,,,,,,,,,,TTTTTTT,,,,########
####,,,,,,,,,,,,,,,,,,,,,,,,,,,,,,,,,,,,,,,.......,,,,,,,,,,,,,,,,,,,,,,,TTTTTTT,,,,########
#####,,,,,,,,,,,,,,,,,,,,,,,,,,,,,,,,,,,,,,.......,,,,,,,,c,,,,,,,,,,,,,,,TTTTT,,,,,########
#####,,,,,,,,,,,,,,,,,,,,,,,,,,,,,,,,,,,,,.........,,,,,,,,,,,,,,,,,,,,,,,,,,,,,,,,,########
#####,,,,,,,,,,,,,,,,,,,,,,,,,,,,,,,,,,,,,.........,,,,,,,,,,,,,,,,,,,,,,,,,,,,,,,,,########
#####,,,,,,,,,TT,,,,,E,,,,,,,,,,,,,,,,,,,,.........,,,,,,,,,,,,,,,,,,,,,,,,,,,,,,,,,########
#####,,,,,,,TTTTT,,,,,,,,,E,,,,,,,,,,,,,,,.........,,,,,,,,,,,,,,,,,,,,,,,,,,,,,,,,,########
######,,,,,,TTTTT,,,,,,,,,,,,,,,,,,,,,,,,,........,,,,,,,,,,,,,,,,,,,,,,,,,,,,,,,,,,,#######
######+++++++++++++++++,,,++++++++++++++++++++++++++++++++++++++++++++E+++++++++++++++######
######,,,,,TTTTTTT,,,,,,,,,,,,,,,,,,,,,,,,,,,,,,,,,,,,,,,,,,,,,,,,,,,,,,,,,,,,,,,,,,,#######
######,,,,,,TTTTT,,,,,,,,,,,,,,,,,,,,,,,,,,,,,,,,,,,,,,,,,,,,,,,,,,,,,,,,,,,,,,,,,,,,#######
#######,,,,,,,,,,,,,,,,,,,,,,,,,,,,,,,,,,,,,,,,,,,,,,,,,,,,,,,,,,,,,,,,,,,,,,,,,,,,,,#######
#######,,,,,,,,,,,,,,,,,,,,,,,B,,,,,,,,,,,,,,,,,,,,,,,,,E,,,,,,,,,,,,,,,,,,,,,,,,,,,,#######
#######,,,,,,,,,,,,,,,,,,,.......,,,,,,,,,,,,,,,,,,,,,,,,,,,,,,,,,,,,,,,,,,,,,,,,,,,,#######
#######,,,,,,,,,,,,,,,,,,..........,,,,,,,,,,,,,,,,,,,,,,,,,,,,,,,,,,,,,,,k,,,,,,,,,,,######
#######,,,,,,,,,,,,,,,,,,...........,,,,,,,,,,,,,,,,,,,,,,,,,,,,,,,,,,,,,,,,,,,,,,,,,,######
#######,,,,,E,,,,,,,,,,,............,,,,,,,,,,,,,,,,,,,,,,,,,,,,,,,,,,,,,,,,,,,,,,,,,,######
#######,,,,,,,,,,,,,,,,,.............,,,,,,,,,,,,,,,,,,,,,,,,,,,,,,,,,...,,,,,,,,,,,,,######
#######,,,,,,,,,,,,,,,,,,............,,,,,,,,,,,,,,,,,,,,,,,,,,,,,,........,,,,,,,,,,,######
#######,,,,,,,,,,,,,,,,,,...........,,,,,,,,,,,,,,,,,,,,,,,E,,,,,,.........,,,,,,,,,,,######
#######,,,,,,,,,,,,,,,,,,...........,,,,,,,,,,,,,,,,,,,,,,,,,,,,E...........,,,,,,,,,,######
#######,,,,,,,,,,,,,,,,,,,..........,,,,,,,,,,,,,,,,,,,,,,,,,,,,,...........,,,,,,,,,,######
######+++++++++++++++++++++++++++++++++++++++++++++++++++++++,,,++++++++++++++++++++++######
#######,,,,,,,,,,,,,,,,,,,,,.......,,,,,,,,,,,,,,,,,,,,,,,,,,,,,,...........,,,,,,,,,,######
#######,,,,,.,,,,,,,,,,,,,,,,....,,,,,,,,,,,,,,,,,,,,,,,,,,,,,,,,...........,,,,,,,,,,######
#######,,.......,,,,,,,,,,,,,,,,,,,,,,,,E,,,,,,,,,,,,,,,,,,,,,,,,,.........,,,,,,,,,,,######
#######,.........,,,c,,,,,,,,,,,,,,,,,,,,,,,,,,,TTTTT,,,,,,,,,,,,,,.......,,,,,,,,,,,,######
#######......P....,,,,,,,,,,,,,,,,,,,,,,,,,,,,,TTTTTTT,,,,,,,,,,,,,,,,.,,,,,,,,,,,,,,,######
#######...P.....P.,,,,,,,,,,,,,,,,,,,,,,,,,,,,,TTTTTTT,,,,,,,,,,,,,,,,,,,,,,,,,,,,,,,,######
#######...........,,,,,,,,,,,,,,,,,,,,,,,,,,,,,,TTTTTT,,,,,,,,,,,,,,,,,,,,,,,,,,,,,,,,######
######......P......,,,,,,,,,,,,,,,,,,,,,,,,,,,,,TTTTT,,,,,,,,,,,,,,,#####,,,,,,,k,,,,,######
#######..P.....P..,,,,,,,,,,,,,,,,,,,,,,,,,,,#################################,,,,,,,,######
#######...........###,,,,,,,,,,,,,,,,,,,,#########################################,,,,,#####
#######...........#########,,,,,,,,,########E###############################################
########.........###########################################################################
#########.......############################################################################
############.###############################################################################
############################################################################################
