name: Black Ice
theme: arctic
objective: reach
doctrine: patrol
order: 42
mechanic: many crossings, none safe
brief: The river braids here and the ice is thin. Pick a crossing and commit.
tile: 16
---
########.###############################################~~~~~########.#.####################...#.###########
########.#..###########################################~~~~~#########.#######################.##..##########
#######.....###########################################~~~~~##########.#####################.#..############
########.#..##########################################~~~~~###################################.#############
#######..##.##########################################~~~~~#######........##################################
#####i............####################################~~~~~###................#####################.########
#####i...............################################~~~~~#...#......................####......##.....######
#####i..................################.#..........,~~~~~,...#........................................#####
#####..................ii.i..####.....#.##.........i,~~~~~,#..#...................................AA...#####
#####.................iiii.......TT...##.#........ii,~~~~~,.#.##.#................................AA....####
#.###.................iiii.....TTTT....#.###........,~~~~~,#.###..#....................................#####
.#i#....................i........TT....##.#.#.......,~~~~~,.######.....................................#####
##.###..........................TT..................,~~~~~,#.###......................................######
#...##..............................................,~~~~~,#............................E...........T#######
##..##........E.....................................,~~~~~,....##................................TTT.#######
#######...........................................E.,~~~~~,........................................TT#######
#######..............p..............................,~~~~~,..........................................#######
#######.............................................,~~~~~,..........................................#######
########............................................,~~~~~,............................E.............#######
########...........................................,~~~~~,...........................................#######
########...........................................,~~~~~c...................................o.......#######
########........p.................................,~~~~~,............................................#######
#########........................................E======..............................................######
#########.#...........E..........................=====S=..............................................######
############....................................,~~~~~,...............................................######
##########.....................................,~~~~~,................................................######
#########,,,,,................................,~~~~~,...........................,,==,,,,..........##..######
########~~~~~~,,.............................,~~~~~,..........................,,~~==~~~~,,.....##.###..#####
######~~WWWWWW~~,,..........................,~~~~~,..........................,~~WW==WWWW~~,....##.#..#######
####~~WWWWWWWWWW~~,........................,~~~~~,.........................,,~WWWW==WWWWWW~,,.##.#####.#####
##~~WWWWWWWWWWWWWW~,......................,~~~~~,.........................,~~WWWWW==WWWWWWW~~,.####..#.#####
~~WWWWWWWWWWWWWWWWW~,.....................,~~~~~,........................,~WWWWWWW==WWWWWWWWW~,,#.#.#...####
WWWWWWWWWWWWWWWWWWWW~,...................,~~~~~,........................,~WWWWWWWW==WWWWWWWWWW~~,,#.....####
WWWWWWWW~~~~~~WWWWWWW~,.................,~~~~~,........................,~WWWWWWW~~==~~~~WWWWWWWW~~,,....####
WWWWWW~~,,,,,,~~WWWWWW~=................,~~~~~,.......................,~WWWWWW~~,,==,,,,~~WWWWWWWW~~,,,,####
WWWW~~#,......,,~~WWWWW==,..............,~~~~~,.....................,,~WWWWWW~,,........,,~WWWWWWWWW~~~~~~~~
WW~~###.#.......,,~WWWW==~,.............,~~~~~,....................,~~WWWWW~~,............,~~WWWWWWWWWWWWWWW
~~#####.###.......,~WWW==W~,............,~~~~~,,,,,,...........#.,,~WWWWWW~,,..............,,~WWWWWWWWWWWWWW
########..#........,~WW==WW~,,..........,~~~~~~~~~~~,==,,,,..,,,,~~WWWWWW~,..................,~~WWWWWWWWWWWW
#######.###.........,~W==WWW~~,,,.....,,,~~~~~WWWWWW~==~~~~,,~~~~WWWWWWW~,....................,,~~WWWWWWWWWW
#######.#............,~==WWWWW~~~,,,,,~~~~~~~~~WWWWWW==WWWW~~WWWWWWWWWW~,.....................#.##~~WWWWWWWW
#######..#............,==WWWWWWWW~~~~~WWWW~~~~~WWWWWW==WWWWWWWWWWWWWWW~,........................#.##~~~~~~~~
#######.............#..==~WWWWWWWWWWWWWWWWW~~~~~WWWWW==WWWWWWWWWWWWW~~,........................#######,#####
#######............####.=,~WWWWWWWWWWWWWWWWW~~~~~WWWW==WWWWWWWWWWWW~,,............................##..######
#######..........iii##i###,~WWWWWWWWWWWWWWWWW~~~~~~~W==WWWWWWWWWW~~,............................####..######
#######..........ii.#i##.##,~~WWWWWWWWWWWW~~~~~~~~~,~==~~~~WW~~~~,,...................................######
#######..............i.###..,,~~~WWWWW~~~~,,,,,~~~~~,==,,,,~~,,,,.....................................######
#######.............ii........,,,~~~~~,,,,.....,~~~~~,.....,,........................................#######
.######.............ii...........,,,,,.i.........,~~~~~,.............................................#######
...#.##..............................iii..........,~~~~~,............................................#######
.##.###........iii..................iiiiii.........=======...........................................#######
..#.###.....iiiiii..........#......iiiiiiii.........=======....................TTTT..................#######
.....##....iiiiiiii.......#.##......ii...............,~~~~~,...................TT....................#######
#.####......iiiiii.........###........................,~~~~~,...................TTT..................#######
######...ii..iiii.........###.........................,~~~~~,...................T....................#######
######...ii.iiiii..E...................................,~~~~~,.......................................#######
######...#.i............................................,~~~~~,......................................#######
#####.##..##.i...........p..............................,~~~~~,......................................#######
######.####.#.B.........................................,~~~~~,.............................ii.......#######
###########.............................................,~~~~~,............................ii........#######
####.#.#####............................................,~~~~~,............................ii..iii...#######
####.#.###...#..........................................,~~~~~,............................iiiiii....#######
####.#.....P......o.....................................,~~~~~,...........................iiiiii.....#######
####....P...............E...............................,~~~~~,..........................iiiiiiii....#######
####....................................................,~~~~~,..........................iiiiiiii#...#######
####.........P......................................E...,~~~~~,..........................iiiE.###...########
####..P.................................................,~~~~~,..............................##.#.#.########
####...................................................,~~~~~,............#######..............##...########
####............c......................................,~~~~~,.......################..........###..########
####.........P.############......T...............i.#####~~~~~######################.####......#.....########
####...........################TTT.............#########~~~~~#####################.#..######........########
#####......P..####################.........#############~~~~~###############################################
######.......###########################################~~~~~###############################################
########################################################~~~~~###############################################
#########################################################~~~~~##############################################
#########################################################~~~~~##############################################
