name: Cold Keep
theme: arctic
objective: survive
doctrine: swarm
order: 24
mechanic: a wall with four gates
brief: Four ways in and one outpost. Level a hut and the next wave is thinner.
advice: Four ways in and one outpost. Level a hut and the next wave is thinner, which is the closest thing to good news I have for you.
waves: 5@20
tile: 16
duration: 110
---
########################################################################################
########################################################################################
########################################################################################
########################################################################################
###########################################......#######################################
######################################...............###################################
###################################.....................################################
################################.............................#.#.........###############
#############........TT......................................###.............###########
#######.ii...........T......................................#.#.................########
######.iii......................iiiii........................#..................########
#######.ii.......................iiii..........................................#########
#######ii.........................iiii..i.......................................########
#######.i.........................iiiiiiii.....................................#########
########..........................iiiiiiii.....................................#########
########...........................iiiiiii.....................................#########
########............................i..ii.....................................##########
#########.....................................................................##########
#########.....................................................................##########
#########........................................................p............##########
##########....................................................................##########
##########....................................................................##########
##########....................................................................##########
##########.....................................................................#########
##########.....................................................................#########
##########.....................................................................#########
#########............#.........................................................#########
#########......................................................................#########
#########......................................................................#########
#########...................................................................#...########
#########................................TTT..................................#.########
########.....................++++++++++++++...+++++++++++++..................###########
########.....................+...........TTTT.............+..................#.#########
########.....................+............TTT.............+...............#...##.#######
########.....................+............T.T.............+..............####....#######
########.....................+............................+......................#######
########.....................+....................T.......+................##....#######
#######......................+......................T.....+.....................########
#######.....ii...............+....................TTTTT...+......................#######
#######...iiiii.......ii.....+....................TTT.....+......................#######
#######...iiTiii.....iii.....+....................T.......+......................#######
#....##i..Tiiiiii...iiii.....+.......................T....+......................#######
#...####..iiiii....iiiiii....+...ii.i.....................+......................#######
###.####..iiTiT....iiiiiii......iiiiii.....hh...........................hh.......#######
##.#####....iiT......iiiiii......iiii......hh...........................hh.......#######
########..............iii.i.......iiii...........................................#######
#######...............ii...T.+....iiii....................+......................#######
#######....................TT+TT..........................+......................#######
#######......................+TTT.........................+.....i.................######
#######.....................T+T..............p............+..iiiii..c.............######
#######......................+T...........................+.iiiiiii...............######
#######......................+............................+.iiiiiiii...............#####
######.......................+............................+i..iiiii................#####
######.......................+............................+....iii.................#####
######.......................+............................+...ii...................#####
#####........................+............................+...ii....................####
#####........................++++++++++++++...+++++++++++++.........................####
#####...............................................................................####
####................................................................................####
####........................................TTT.....................................####
####.......................................T.TTT....................................####
####........................................TTTT....................................####
####.......................................TTTT....................................#####
####..........................................T....................................#####
####...............................................................................#####
####...............................................................................#####
#####.............................................................................######
#####.....................o.......................................................######
#####.......................hh...p.........TT.............hh......................######
######......................hh.............T.TT...........hh.....................#######
######...................................T.TTTT...........o......................#######
######........................................TT.........................ii......#######
#######............................................................ii.i.iii.....########
#######...........................................................iiiiiii.......######..
#######....................................OO.....................ii.iii........#####..#
#########..................................OO.......c.................iii.......########
########.....................................P.........................i........########
########.#......................................................................########
#########.#.....................................................................########
########.#.......................######P.........P.....######i..................########
###.#.##.#....................#########...........###############...............########
####.#.###.#...............############.......P...##################............########
##.....#####.............##############...........############.#######..........########
####..##########.#..###################...P.......#############i##########......########
#################.#.####################.......P.##############.########################
################..#..###########...######.......########################################
################.#.#.############..#####################################################
################....###########.#..#####################################################
