name: Dry Run
theme: desert
objective: reach
doctrine: ambush
order: 22
mechanic: a corridor with shoulders
brief: One way east, and the walls keep closing on you. Nothing here is optional.
advice: One way east and the walls keep closing. Nothing on this map is optional, including the walking.
tile: 16
---
########################################################################################################################################################################
#########################..#############################################################################################################################################
##########################.#.###.##########################.############################################################################################################
#############################.###########################...#.############################################################################################.##..#########
###########################.#,#,##########################....###########################################################################################......#########
############################,############################....,###########.,.,.#########################################################################........#########
#############.#.#,,########################################.#.########.,.,,.,.....#################################################################............#########
#######..#..##...,.#########################################.######,,,,##.,#.,....,.%,#########################################################.................########
#######..#.#####...,..###########################################..,,##.,#,.,,.....%.....,.,.,,..,.,,,#########################.......###.......................########
#######.#.#####.#.##.,.########################################,..,.#######.,,....%%.....,,,,,,,,,,,,,,,.###################.,......#,###.......................########
#######..#...##.##.,#,,###.#,,,.#########........................,,#...####,.......%,%,,,,,,,,,,,,,,,,,,,.,,###############.#.........,.........................########
#######....#.##...#.########.#,.,..,###.#.........................#.######,..........,,,,,,,,,,,,,,,,,,,,,,,.###############...,,,....,##...........#...........########
#######..............####,##,#,#,,,,,,#,,.........................#.##..#####.......%%,,,,,,,,,,,,,,,,,,,,,,,.......###..,.#.,,,,,,,,..,..,.....................########
######...............,######.#,#,,,###,,#,..........................###.###..#....,,,,,,,,,,,,,,,,,,,,,,,,,,,.........#.##",#,,,,,,,,,,,,,,,....................########
######,#,...........###,##..,#..,,.,....,...............................###.......,,,,,,,,,,,,,,,,,,,,,,,,,,,........###.#"#,#,,,,,,,,,,,,,,................,,.,########
######.##.........#.#.#.#,,...,,.....................................#...###......,,,,,,,,,,,,E,,,,,,,,,,,,,,,.......#...""",,,,,,,,,,,,,,,,...............,.,,.########
######...#...........##.,,#.............................................##...........,,,,,,,,,,,,,,,,,,,,,,,,,,..........."#",,,,,,,,,,,,,,...............,,,.,,########
###.##.##,,......"......#............................................................,,,,,,,,,,,,,,,,,,,,,,,,,,.............,,,,,,,,,,,,,,................,,,,#,########
##,#,#.###,,,..."""...............................................................,,,,,,,,,,,,,,,,,,B,,,,,,.,,..............,,,,,,,,,,,,,,E,,..............,,,#,########
##,,,,,,#,,,,,","""".............................................................,,,,,,,,,,,,,,,,,,...,,,,,,................,,,,,,,,,,,,,,,,,,.............,,,,,########
##,##.#,,,,,,,".""",............................................................,,,,,,,,,,,,..,,,,,,.,,,,,,,,..............,,,,,,,,,,,,,,,,,,...........".",,,,,.#######
####,..,,P,,,,,.."",,........................................................,.,,,,,,,,,,,,,..,.o,,,,,,,,,,,,,..............,,,,,,,,,,,,,,,,...........""",,,,,,,#######
####.P,,,,,,,,""",".,,..,,.......................S...........................,,,,,,,,,,,,,..,....,,,,,,,,,,,,,...............,,,,,,,,,,,,,,..........."",.".,,,..#######
###...,,,,,,,,.,..,.,,.,,,,...................c...............................,,,,,,,,,,,..p....,,,,,,,,,,,,,,...............,,,,,,,,,,,,,............."....,,....######
###....,,,,,,,,,,,.,,..,p,,..........................E........................,,,,,,,,,,,.......,,,,,,,,,,,.,.................,,,,,,,,,,,,...................,.....#####
###.P...,,,P,,,,,,,,...,,,....................................................,,..,,,,,..........,,,,..,,....,,................,,,,,,,........................AA,..#####
###....,,,,,,,,,,,,,,,,,,,....................................................,......,,......................,,,,...............,,,,,.........................AA....####
###....P...,,,,,,,,,,,,,,,,...................E........................"""...E...................E..........,,,,,.............#.,..,...........,,.,...........,,,.,#####
###........,,,,,,,,,...,,,,,............................................""..................................,,.,,,.......#....##...............,,,,,..,,.....,,,,,.#####
###........,,,,,,,,p,..,,,,,..........................................E.....................................,..,,,,......##..##...............,.,,,,,,,.,,,,..,,,,.#####
####..P.....,,,,,,,,,,,,,..,.................................................................................,,,,,,..,..###,,....................,,,,,..,,,,,.,,,,,#####
#####.......,,c,,,,,,,,,,...................................................................................,,,,,,,,,,..,,.,....................,,,,,,,...,,,,,,,,,#####
##########....,.,.,,,,,,,,....E...........................................o..................................,,,,,,,,,,,,..................,,..#,,,,,,,,...,,,,,##,#####
##########,....,..,,,,,.E....................................................................................,,,,,,,,,,....E..........,....,,,,#,,,,,,,,,.,,,,,...######
###########.....,,,,,,................................................................................,,,....,,,,,,,,,,...............,,...,,,,,,,,,,,,,,,,,,,,,########
###########....,,,,,,,,.......................####...................................................,,.,.,,.,,,,,,,,,,,................,,,,,,,,#,,#,,,,,,,,,,,#,,######
###########...,,,,,,,,,,...................#...#."...................................................,...,,,,,,,,,,,,,,,...........#....,,,,,,,#,,,,#,,,,,,,,,,.########
###########...,,,,,,,,,,....................""########..........................................#.#...,,,,,,,,,,,,,,,,,,..........##,#,.,,,,#.####.#,,,,,,,,,,,#,#######
###########....,,,,,,,,,...................#"#####.#.#....."...................................#..##.,,,,,,,,,,,,,,,,,,,.........####,,.,,#,,##,##,.,,,,,,,,,,..########
###########.....,,,,,,,,..........,,......#..##########...""""""".............................###.,.,,,,,,,,,,##,,,,,,,,........#.#,#....,,,#####..###.,,,,.....########
###########......,.,..,............,,"...#.."##.#####.#....""""""...........#####.............####.#.,,,,,,,,##,,,,,,,,,,.......#.##......############,#,,,,....########
###########......................,,""",.....###.##..""....""""""""......############..........#,#.#.#.,,,,,,,###,,,,,,,,,........#############.####.,...,..,,..#########
####.#.####.......,.,...........",."""",...,#.######"""...."".".."..##################......####,.#,.,,,,,,,,,,,,,,,,,,..........#######################################
#####...###################,..,,,"""""""....#.###..######################################....#,#.,###,,,,,..,,,,,,,,,,........##########################################
###.##.#######################,,.""""""".....#.############################################.,...,.,,,#,,,,,..,,.,,,,,,.,,...############################################
####..###########################,."""",...#..###############################################################,###,.,,,,.,###############################################
####################################".,..,.#################################################################,,,,########################################################
########################################################################################################################################################################
###.####################################################################################################################################################################
#..#####################################################################################################################################################################
########################################################################################################################################################################
########################################################################################################################################################################
