name: Dust Devils
theme: desert
objective: eliminate
doctrine: hunters
order: 41
mechanic: high ground, both ways
brief: They own the ridge and they will not stay on it. Take it anyway.
tile: 16
---
########################################################################################################
########################################################################################################
########################################################################################################
#####.......############################################################################################
####...P...P.#################################################.......###################################
###...........############################################...............#.#############################
###...........#..######################################........................#########################
###.................################,....,.....E..........E..................................,...#######
###.................."".######"","",.,,.,,........................................................######
###.P................."".,.,.,,,,""""",..,,......................................................,######
###..........P............,,,,,,,",,,,,..........................................................,######
###.....P...............,,,,,,,,,,,,,,,.............................................."""""".......######
####.......P............,,,,,,,,,,,,,,,.............................................""""""".....,,######
#####..............c.....,....,,,,,,,.,.................p............,.............."""""...,,,,,.##,#,#
#######.......................,,,,,,...,.........B..................,,......,,......,""",....,,,,.####.#
#######........................,...,,.,,...........................,,,......,,,....,,.""......,,,,###,,#
########..................,,.........,,,..........................,,,,,.....,,,,..,,,,.........,,,#,#,,#
#########.....""."..........,,.......................o.........,..,,,,,,....,,,,,,,,,......,.,,,,,##,,,#
###########..""""""............................................,,..,,,,,,..,,,,,,,,,,......,,,,,,,####,#
############.."""".............................................,,,,,,,,,,,,,,..,,,%,,,,....,,,,,,,######
##############"""".............................................,,,,,,,,,,,,,...,,%%,%,,,...,,,,,,.###,##
#################..........,......................#.#..........,,,,,,,,,,,,,,..,,%%%,,,....,,....,.##,,,
####################..E...,,,,....................##..........,,,,,,,,,,,,,,..,,,,,,,,,....,.#,...,####,
#######.############......,,,,,...................#..........,,,,,,,,,,..,,...,,,,,,,,,,,....#,#.,,#####
#######..#############...,,,p,,...............................,,,,,,,,,.,,...,,,,,,,,,,,,,,.#####,######
#######.,,.###########...,,,,....................................,,,,,........,,,,.,,.,..#,#,##,,,######
#######,,,..##########,,,,,,,.,,,...............................................,.........,#####,,.,####
#######,,,,..,########,,,,,,,#.,,,........................................................#####,,##,####
#######,,,,,.,..######,,,,,,,#####.......................................................,#####,,...####
#######,,,,,,..,..####,,,,,,,##########..................................................,#,#,,,,,.,####
#######,%,%%,.,,...,##.,.,,.,##############................................................,#,,,,,,,####
#######""%,.%,,,,,,,....E....##################..,......................,,.................,,,,,,,,,####
######""%%%%,,,,,,,.........,#####################,,....................,,,,,,,,............,,,,,,,,####
######""".,,,,,,.............########################,..................,,,,,,,,............,,,,,,,,####
#####"""",,,,,................########################.................,,,,,,,,,...........,,,,,,,,#####
###.#"""".,,,,....................####################,................,,,,,,,,,..........,,,,,,.#,#####
###,#,"""",,,,,,.................."#"""###############,...............,,,,,,,,,,,.........,,,,,,,,,#####
#####."",,,,,,,..................""#.""".".###########,....p..........,,,,,,,,,,,........,.,.,,,,.######
#####,.,.,,,,,....................,...,....,,.,#######,......##.......,,,,,,,,,,..........,.,,,##.######
####,.....,,......................,........,,..,,.####,...c..####......,,,,,,,,............,,,,,########
####,............................,,,..,..........,,,.#.......#####.....,,,,,,,,............,,,,,.#######
####............................,,,,,,,,.........,,,,,.......#######....,,,,,,....,........,...,########
####...........................,,,,,,,,.............,........########...,,,,,,,.,,,,......,..,.#########
####............................,,,,,,.......................##########,.,..,,,,,,,,,....,,.,,,,.#######
####.............................,,,,..................E...S.###########,..,,,,,,,,,......,,..,#########
####.............................,,,,,.........................##########..,,,,,,,,..............#######
####..............,,.,,...........,,,,...........................##########,,,,,,,,.,..........,########
#####...........,,,,,,,...........,,,,............................##########%,%,,,,,,,.........,########
#####..........,,,,,,,,,,........,,,,.......................E.....,.#########%%%.,,,,,,,........########
#####..#......,,,,,,,,,,,.....,...,,,,...............................##########%..,,,.,E........########
#####.#..##,..,,,,,,,,,,,,...###..,,,,,..............................,,#########.,,,,...........########
#####.#..###.,,,,,,,,,,,,,..#.##.,,,,,,...............................,.##########,,,............#######
######..##.,..,,,,,,,,,,,,,,####,.,,..,,,,,.............................,#########.o.............#######
######...,,,.,,,,,,,,,,,,,,,,,.....,..,,,,,,............................,,.#######...............#######
######......,,,.,,,,,,,,,,,,,,.......,,,,,,.................................######......E........#######
######.......,....,,,,,,,,,,,,......,,,,,,,..................................#####...............#######
######............,,,,,,,,,,,..,...,,,,,,,.....................................###,........#.....#######
#######...........,,,,,,,,,,,..,,,,,,,,,,,......,,..............................##.,.....##.#....#######
#######...........,,,,,,.......,,,,,,,,,,,.......................................",".....#####...#######
#######..............,,........,,,,,,,,,,,........................................"".....######..#######
#######.........................,,,,,,,,,,.........................................".....###############
#######...................,,....,,,,,,,,,,....................,,,........................###############
#######....................,...,,,,,,,,,,,,,.................,,,,........................###############
#######.......................,,,,,,,,,,,,,,,...........,,.,,,,,.........................###############
#######........................,,,,,,,,,,,,,,............,,,,,,,...........................#############
#######...............#........,,,,,,,,,,,,,...E.........,,,,,,,.............................###########
#######................#.......,,,,,,,,,,,,...............,,,,,,...............................#########
#######..............###......,,,,,,,,,,,,...............,,,,,,,,,..............................########
#######.............##.......,,,,,,,,,,..,...............,..,,..,,...................,,..,,,,...########
#######...............#......,,,,,,,,,,..................E..........................,,,,,,,,,..,########
########....................,,,,,,,,,,,............................................,,,,,,.,,....########
#########...................,,,,,,,,,,,..........................................,########......########
#################.........#####,,,,.,,,.......................................################..########
####################################.,..,................................###############################
########################################,......##.......############################################...#
###########################################.....#..#################################################..##
################################################.#.#################################################..##
##.#.############################################..################################################.####
.##.#.############################################.#.###################################################
##.#.#############################################.#####################################################
