name: Frozen Lake
theme: arctic
objective: hold
doctrine: swarm
order: 46
mechanic: ground you cannot leave
brief: Take the bunker on the ice and stay on it. Four waves come across for it.
waves: 4@11
tile: 16
duration: 45
---
WWWWWWWWWWWWWWWWWWWWWWWWWWWWWWWWWWWWWWWWWWWWWWWWWWWWWWWWWWWWWWWWWWWWWWWWWWWWWWWWWWWW
WWWWWWWWWWWWWWWWWWWWWWWWWWWWWWWWWWWWWWWWWWWWWWWWWWWWWWWWWWWWWWWWWWWWWWWWWWWWWWWWWWWW
WWWWWWWWWWWWWWWWWWWWWWWWWWWWWWWWWWWWWWWWWWWWWWWWWWWWWWWWWWWWWWWWWWWWWWWWWWWWWWWWWWWW
WWWWWWWWWWWWWWWWWWWWWWWWWWWWWWWWWWWWWWWWWWWWWWWWWWWWWWWWWWWWWWWWWWWWWWWWWWWWWWWWWWWW
WWWWWWWWWWWWWWWWWWWWWWWWWWWWWWWWWWWWWWWWWWWWWWWWWWWWWWWWWWWWWWWWWWWWWWWWWWWWWWWWWWWW
WWWWWWWWWWWWWWWWWWWWWWWWWWWWWWWWWWWWWWWWWWWWWWWWWWWWWWWWWWWWWWWWWWWWWWWWWWWWWWWWWWWW
WWWWWWWWWWWWWWWWWWWWWWWWWWWWWWWWWWWWWWWWWWWWWWWWWWWWWWWWWWWWWWWWWWWWWWWWWWWWWWWWWWWW
WWWWWWWWWWWWWWWWWWWWWWWWWWWWWWWWWWWWWWWWWWWWWWWWWWWWWWWWWWWWWWWWWWWWWWWWWWWWWWWWWWWW
WWWWWWWWWWWWWWWWWWWWWWWWWWWWWWWWWWWWWWWWWWWWWWWWWWWWWWWWWWWWWWWWWWWWWWWWWWWWWWWWWWWW
WWWWWWWWWWWWWWWWWWWWWWWWWWWWWWWWWWWWWWWWWWWWWWWWWWWWWWWWWWWWWWWWWWWWWWWWWWWWWWWWWWWW
WWWWWWWWWWWWWWWWWWWWWWWWWWWWWWWWWWW~W~W~~W~W~~W~W~WWWWWWWWWWWWWWWWWWWWWWWWWWWWWWWWWW
WWWWWWWWWWWWWWWWWWWWWWWWWWWWWWWW~W~WW,,,,,,,,,,,WW~W~WWWWWWWWWWWWWWWWWWWWWWWWWWWWWWW
WWWWWWWWWWWWWWWWWWWWWWWWWWWWWW~WW,,,,,,.......,,,,,,WW~WWWWWWWWWWWWWWWWWWWWWWWWWWWWW
WWWWWWWWWWWWWWWWWWWWWWWWWWW~W~,,,,.................,,,,~W~WWWWWWWWWWWWWWWWWWWWWWWWWW
WWWWWWWWWWWWWWWWWWWWWWWWWW~W,,,.......................,,,W~WWWWWWWWWWWWWWWWWWWWWWWWW
WWWWWWWWWWWWWWWWWWWWWWWW~W,,,..........ii...............,,,W~WWWWWWWWWWWWWWWWWWWWWWW
WWWWWWWWWWWWWWWWWWWWWWW~W,,...........iiii................,,W~WWWWWWWWWWWWWWWWWWWWWW
WWWWWWWWWWWWWWWWWWWWWW~,,............iiiii..................,,~WWWWWWWWWWWWWWWWWWWWW
WWWWWWWWWWWWWWWWWWWW~W,,............iiiiii...................,,W~WWWWWWWWWWWWWWWWWWW
WWWWWWWWWWWWWWWWWWW~W,,.............iiiiiii...................,,W~WWWWWWWWWWWWWWWWWW
WWWWWWWWWWWWWWWWWW~W,,................i..i.....................,,W~WWWWWWWWWWWWWWWWW
WWWWWWWWWWWWWWWWWWW,,..............p............................,,WWWWWWWWWWWWWWWWWW
WWWWWWWWWWWWWWWWW~,,....................................hh.......,,~WWWWWWWWWWWWWWWW
WWWWWWWWWWWWWWWW~,,.....................................hh........,,~WWWWWWWWWWWWWWW
WWWWWWWWWWWWWWW~W,.................................................,W~WWWWWWWWWWWWWW
WWWWWWWWWWWWWWWW,...................................................,WWWWWWWWWWWWWWW
WWWWWWWWWWWWWW~,,...................................................,,~WWWWWWWWWWWWW
WWWWWWWWWWWWW~W,.ii..................................................,W~WWWWWWWWWWWW
WWWWWWWWWWWWWW,,iiii...................o.............................,,WWWWWWWWWWWWW
WWWWWWWWWWWWW~,iiiiii.................................................,~WWWWWWWWWWWW
WWWWWWWWWWWW~,,iiiii..................................................,,~WWWWWWWWWWW
WWWWWWWWWWWWW,..i.i....................................................,WWWWWWWWWWWW
WWWWWWWWWWW~W,i........................................................,W~WWWWWWWWWW
WWWWWWWWWWWW,,.........................................................,,WWWWWWWWWWW
WWWWWWWWWWW~,...........................................................,~WWWWWWWWWW
WWWWWWWWWW~W,...........................................................,W~WWWWWWWWW
WWWWWWWWWWWW,................TT.T.......................................,WWWWWWWWWWW
WWWWWWWWWW~,,................TTT........................................,,~WWWWWWWWW
WWWWWWWWWWW,,.......P..P..#.T.TT........................................,,WWWWWWWWWW
WWWWWWWWWW~,..............#..TTT....................................TT.T.,~WWWWWWWWW
WWWWWWWWWW~,................#o.....................................TTTTTT,~WWWWWWWWW
WWWWWWWWWWW,.....P........##........................ii..............TTTT.,WWWWWWWWWW
WWWWWWWWWW~,..P........P..#.......................iiiii.............TTT.T,~WWWWWWWWW
WWWWWWWWWWW,......................................iiiiii...........T.T..T,WWWWWWWWWW
WWWWWWWWWW~,.......................................iiii.i................,~WWWWWWWWW
WWWWWWWWWW~,.....P..................................i....................,~WWWWWWWWW
WWWWWWWWWWW,,...........................................................,,WWWWWWWWWW
WWWWWWWWWW~,,.............c.............................................,,~WWWWWWWWW
WWWWWWWWWWWW,..........####.............................................,WWWWWWWWWWW
WWWWWWWWWW~W,...........##..............................................,W~WWWWWWWWW
WWWWWWWWWWW~,...........#..............................UU.....p.........,~WWWWWWWWWW
WWWWWWWWWWWW,,.............hh..........................UU..............,,WWWWWWWWWWW
WWWWWWWWWWW~W,.............hh..........................................,W~WWWWWWWWWW
WWWWWWWWWWWWW,.....................p...................................,WWWWWWWWWWWW
WWWWWWWWWWWW~,,........................................X..............,,~WWWWWWWWWWW
WWWWWWWWWWWWW~,.......................................................,~WWWWWWWWWWWW
WWWWWWWWWWWWWW,,.....................................................,,WWWWWWWWWWWWW
WWWWWWWWWWWWW~W,.....................................................,W~WWWWWWWWWWWW
WWWWWWWWWWWWWW~,,...................................................,,~WWWWWWWWWWWWW
WWWWWWWWWWWWWWWW,...................................................,WWWWWWWWWWWWWWW
WWWWWWWWWWWWWWW~W,.................................................,W~WWWWWWWWWWWWWW
WWWWWWWWWWWWWWWW~,,.................c.............................,,~WWWWWWWWWWWWWWW
WWWWWWWWWWWWWWWWW~,,.............................................,,~WWWWWWWWWWWWWWWW
WWWWWWWWWWWWWWWWWWW,,...........................................,,WWWWWWWWWWWWWWWWWW
WWWWWWWWWWWWWWWWWW~W,,.........................................,,W~WWWWWWWWWWWWWWWWW
WWWWWWWWWWWWWWWWWWW~W,,.......................................,,W~WWWWWWWWWWWWWWWWWW
WWWWWWWWWWWWWWWWWWWW~W,,.....................................,,W~WWWWWWWWWWWWWWWWWWW
WWWWWWWWWWWWWWWWWWWWWW~,,...................................,,~WWWWWWWWWWWWWWWWWWWWW
WWWWWWWWWWWWWWWWWWWWWWW~W,,...............................,,W~WWWWWWWWWWWWWWWWWWWWWW
WWWWWWWWWWWWWWWWWWWWWWWW~W,,,...........................,,,W~WWWWWWWWWWWWWWWWWWWWWWW
WWWWWWWWWWWWWWWWWWWWWWWWWW~W,,,.......................,,,W~WWWWWWWWWWWWWWWWWWWWWWWWW
WWWWWWWWWWWWWWWWWWWWWWWWWWW~W~,,,,.................,,,,~W~WWWWWWWWWWWWWWWWWWWWWWWWWW
WWWWWWWWWWWWWWWWWWWWWWWWWWWWWW~WW,,,,,,.......,,,,,,WW~WWWWWWWWWWWWWWWWWWWWWWWWWWWWW
WWWWWWWWWWWWWWWWWWWWWWWWWWWWWWWW~W~WW,,,,,,,,,,,WW~W~WWWWWWWWWWWWWWWWWWWWWWWWWWWWWWW
WWWWWWWWWWWWWWWWWWWWWWWWWWWWWWWWWWW~W~W~~W~W~~W~W~WWWWWWWWWWWWWWWWWWWWWWWWWWWWWWWWWW
WWWWWWWWWWWWWWWWWWWWWWWWWWWWWWWWWWWWWWWWWWWWWWWWWWWWWWWWWWWWWWWWWWWWWWWWWWWWWWWWWWWW
WWWWWWWWWWWWWWWWWWWWWWWWWWWWWWWWWWWWWWWWWWWWWWWWWWWWWWWWWWWWWWWWWWWWWWWWWWWWWWWWWWWW
WWWWWWWWWWWWWWWWWWWWWWWWWWWWWWWWWWWWWWWWWWWWWWWWWWWWWWWWWWWWWWWWWWWWWWWWWWWWWWWWWWWW
WWWWWWWWWWWWWWWWWWWWWWWWWWWWWWWWWWWWWWWWWWWWWWWWWWWWWWWWWWWWWWWWWWWWWWWWWWWWWWWWWWWW
WWWWWWWWWWWWWWWWWWWWWWWWWWWWWWWWWWWWWWWWWWWWWWWWWWWWWWWWWWWWWWWWWWWWWWWWWWWWWWWWWWWW
WWWWWWWWWWWWWWWWWWWWWWWWWWWWWWWWWWWWWWWWWWWWWWWWWWWWWWWWWWWWWWWWWWWWWWWWWWWWWWWWWWWW
WWWWWWWWWWWWWWWWWWWWWWWWWWWWWWWWWWWWWWWWWWWWWWWWWWWWWWWWWWWWWWWWWWWWWWWWWWWWWWWWWWWW
WWWWWWWWWWWWWWWWWWWWWWWWWWWWWWWWWWWWWWWWWWWWWWWWWWWWWWWWWWWWWWWWWWWWWWWWWWWWWWWWWWWW
WWWWWWWWWWWWWWWWWWWWWWWWWWWWWWWWWWWWWWWWWWWWWWWWWWWWWWWWWWWWWWWWWWWWWWWWWWWWWWWWWWWW
