name: Hold the Junction
theme: desert
objective: hold
doctrine: garrison
order: 28
mechanic: ground, measured in seconds
brief: Take the bunker on the crossroads and stand there. Four waves come for it. Leaving stops the clock.
waves: 4@11
tile: 16
duration: 45
---
#####.#.##############################################################################################.#
#####.#############################################################################################.#.#.
#####.##.############################################################################################.##
###################################..###############################################################...#
####################################...###...#######TT,..,..#######################################.#..#
###################################..#.##.....#TTTTT_T,,,,...,.#########################################
###############################.......##........TT,T__,,,,..,,,,,,,#####################################
######.#.################..#,.............hh....TT,_T_,,,...,,,,,,,,..,...............##################
########..#..########,###....,............hh.....,T___,,...,,..,,,,,,........................###.#######
######..#####.,..,..##.,###,,,,..................,,,__,,.......,,................................#######
######..#.##.#.,,,,,#.,.##,,,,,,,,...............,,___,,.........................................#######
######..#####.##,,,..#.###.,,,,,,,...............,,___,,.........................................#######
########.#.##....,...,...T,,,,,,,......."".......,,___,,.........................................#######
######...#.........T,T..TTT.,,,,,......."""......,,___,,.........................................#######
######..............,TT.T.TT,,,,.........""......,,___,,.........................................#######
######..............TTTTTT,T.,,..................,,___,,.........................................#######
######.................TTT,T,,,,.................,,___,,............................"."..........#######
######,............T.TT.T,T,,,,..................,,___,,...........................""""".........#######
######.............,.,,,T.T,,,,..................,,___,,............................"""..........#######
#####,.............,,,,,,,,,,,,,.................,,___,,............................""...........#######
#####,,,,..,,.....,,,,,,,,,,,,,,.................,,___,,.........................................#######
#####.,,,,,,,,...,,,,,,,,,,,,,,,,................,,___,,..........................................######
#####,,,,,,,,,,.,,,,,,,,,,,,,,,,.".""""".........,,___,,..........................................######
#####,,,,,,,,,,,,,,,,,,,,,,,,,,,,,.""""""........,,___,,..........................................######
####..,,,,,,,,,,,,,,,,,,,,,,,,,,."...".""........,,___,,..........................................######
####,,,,,,,,,,,,,,,,,,,,,,,,,,,.,................,,___,,..........................................######
####,,,,,,,,,,,,,,,,,,,,,,,,,....................,,___,,...........................................#####
####,,,,,....,,,,,,,,,,,,,,,,....................,,___,,...........................................#####
####..........,,,,,,,,,,,,,,.....................T,T__,,.................................#.........#####
####....,....,..,,,,,,,,,,....................TTTT,T_TT,.................................#.##......#####
####....,..,,...,,,,,,,,,.....................TTTTT_T_T,.................................###........####
#####......,,....,..,,.............._____E______________________o____...................""..........####
#####.............,,................_________________________________...................""..........####
#####.............,,................__........__.........__........__.................."""".........####
#####...............T.TTT...........__........__S........__........__............,,...."""".........####
######..............TTT.TT..........__..hhh...__..hhh....c_..hhh...__............,......."..........####
######T............TTTTTT...........p_..hUU...__..hhh...,__,,hhh...__.............,..,,,.,,.........####
######T.....hh.....TTTTTT.T.........__..hUU..E__..hhh....__,.hhh...__...hh........,,,,,,,,...####...####
#######T....hh....TTTTTTTTTT........__........__........,E_,,.,E,,,__...hh........,,,,,,......##...#####
#####..................TTT.T........__....X...__...E.....__,,,,,,,.__..........,,,,,,,,,.....#.##.######
####.........,,,..T...TT............__........__.........__,,,,,,,.__.........,,,,,,,,,,...,####..######
###P...P...P,,,,,,T,T,T,,,,,,,,,,,,,__........__.......,,__,,,,,,,.__,,,,,,,,,,,,,,,,,,,,,,,#,#,########
###.......,..,,,,,,,T,,T,,,,,,,,,,,,__........__E......,,__.,,,,,,,__,,,,,,,,,,,,,,,,,,,,,,,#,,#########
###....._.____________________________........__.........__,,,,,,,._______________________________######
###....._____P___________________________E________________________________________________________######
###....._________________________________________E_______________________________________________#######
###.....,,,,,,,,"",",,,,,,,,,,,,,,,,__........__.........__.,,.,...__,,,,,,,,,,,,,,,,,,,,,,,,,,,,#######
###..P..,,,,,,,c,,,,,,,,,,,,,,,,,,,,__........__.........__..,.,...__,,,,,,,,,,,,,,,,,,,,,,,,,,,,#######
####....,,P,,,,.....................__..hhh...__..hhh....__.,hhh...__..........,,,,,,,,..........#######
#####...,...,,......................__..hhh...__..hhh....__..hhh...__...........,,,,,,,..........#######
########,,.,,.......................__..hhh...__..hhh....__..hhh...__...........,,,,,,,,.........#######
#######,..,,........................B_.....E..__.........__E.......__..........,,,,,,,,,.........#######
#######....,........................__........__.........__........__..........,..,,,.,..........#######
#######............................,__........__.........__........__.........,...,,,..,.........#######
#######.............................__,.......__.........__........__........,.,,,,,,,,,,........#######
#######....,...,,.................,.__,.......__.........__........__........,#,,,,,,,,,,,.......#######
#######....,...,,...........,,,,,,,,__...o.,."__.........__........__.....,,,.,,,,,,,,,,,........#######
#######.......,,,,,,,.......,,,,,,,,_______________________________........,.,,,,,,,,,,,,,.......#######
########......,,,,,,,......,,,###,,,_______________________________...........,,,,,,,,,,.,,,,....#######
########,.....,,,,,,,,.....,,,.#,,,,,,,,.,.,.....,,___,,.....................,.,,,,,,,,..,,,,...,#######
########..,,...,,,,,,,,......,,,,,,,,,,,,........,,___,,.......................,,,,.,,.,,,,,.....#######
########,,,.,...,,,,,,,,,.,..,,,,,,,,,,..........,,___,,........................,,,,...,,,,,....,#######
########,,,..,,,,,,,,,,,,,,,,,,,,,,,,,,..........,,___,,................,.,.....,,,,....,,,,,....#######
########.,,,,,,,,,,,,,,,,,,,,..,,,,,,,.,,........,,___,,...............,,,,,.....,.......,,,,,,,,#######
########,,,,,,,,,,,,,,,,,,,,.....,,,,...,,.......,,___,,...............,,,,..............,,,,,,,########
########,,,,,,,,,,,,,,,,...,.....,,,,...,,.......,,,__,,"..............,,,,...............,,.,,,########
########,,,,,,,,,,,,,,,,,.#........,,............,,___,""...............,,,..............%%%.%,.###,####
########,,,,,,,,,,,,,,,,.###.......,,,....hh.....,,___,""...............,,,.................%,,,###.####
########.,,,,,,,,,,,,,,,###.#.......,,....hh.....,,___",."..............,,,,.............,%%%%,,########
########,,,,,,,,,,,,,,,..........................,,___,"."""............,,,...............,%,,,,###,,###
########,,,,,,,,,,,,,,...........................,,___,"".""............,,...............,,,,,,,########
########,,,,,,,,,,,,,............................,,___,"".............................,,TT,,,,,#########
########,,,,,,,,,,,,.............................,,___,,..............................,,TT.,,,,#########
#######..,,,,,,,,,,,...........................#.#,___,,................................TTTT,,,#########
#######,,,,,,,,,,.,,...........................##,,___,,....................,.........T.TTTT,,,#########
#######.,,,,,,,,,................................,,___,,...................,,,...,...,TT.TT,,,,#########
######.,,,,,,,,,.................................,,___,,....................,,,.,,..,..T.T.,,,,.########
######.,,,,,,........................#...........,,___,,....................,,,,,,,,,...,T.,,,,,########
######,...,,.................####..#.........,,..,,___,,..............."".,,.,,,,,,,,,...,,..,,,########
#####........................####.###.###...,,.,,,,___,,..............",,""."",,,,,,,,.......,,,########
#####.........................###.####.....########___,,...###############".,",,,,,,,,......,,,,.#######
#####........................TT..#.##,#######################################,,,.#,##.......,,,.,#######
####################.........TT..T.################################################,.,,,...,,#.#########
########################....T..T#..,.################################################,,#################
#################################..,####################################################################
################################..#.####################################################################
#################################...,.##################################################################
################################.#.#####################################################################
