name: Hold the Junction
theme: desert
objective: hold
doctrine: garrison
order: 28
mechanic: ground, measured in seconds
brief: Take the bunker on the crossroads and stand there. Four waves come for it. Leaving stops the clock.
advice: Take the bunker on the crossroads and stand on it. Four waves come for it, and leaving stops the clock. Standing still is the job.
waves: 4@11
tile: 16
duration: 75
---
#####.#.##############################################################################################.#
#####.#############################################################################################.#.#.
#####.##.############################################################################################.##
###################################..###############################################################...#
####################################...###...#######TT,..,..#######################################.#..#
###################################..#.##.....#TTTTT_T,,,,...,.#########################################
###############################.......##........TT,T__,,,,..,,,,,,,#####################################
######.#.################..#,.............hh....TT,_T_,,,...,,,,,,,,..,...............##################
########..#..########,###....,............hh.....,T___,,...,,..,,,,,,........................###.#######
######..#####.,..,..##.,###,,,,..................,,,__,,.......,,................................#######
######..#.##.#.,,,,,#.,.##,,,,,,,,...............,,___,,.........................................#######
######..#####.##,,,..#.###.,,,,,,,...............,,___,,.........................................#######
########.#.##....,...,...T,,,,,,,......."".......,,___,,.........................................#######
######...#.........T,T..TTT.,,,,,......."""......,,___,,.........................................#######
######..............,TT.T.TT,,,,.........""......,,___,,.........................................#######
######..............TTTTTT,T.,,..................,,___,,.........................................#######
######.................TTT,T,,,,.................,,___,,............................"."..........#######
######,............T.TT.T,T,,,,..................,,___,,...........................""""".........#######
######.............,.,,,T.T,,,,..................,,___,,............................"""..........#######
#####,.............,,,,,,,,,,,,,.................,,___,,............................""...........#######
#####,,,,..,,.....,,,,,,,,,,,,,,.................,,___,,.........................................#######
#####.,,,,,,,,...,,,,,,,,,,,,,,,,................,,___,,..........................................######
#####,,,,,,,,,,.,,,,,,,,,,,,,,,,.".""""".........,,___,,..........................................######
#####,,,,,,,,,,,,,,,,,,,,,,,,,,,,,.""""""........,,___,,..........................................######
####..,,,,,,,,,,,,,,,,,,,,,,,,,,."...".""........,,___,,..........................................######
####,,,,,,,,,,,,,,,,,,,,,,,,,,,.,................,,___,,..........................................######
####,,,,,,,,,,,,,,,,,,,,,,,,,....................,,___,,...........................................#####
####,,,,,....,,,,,,,,,,,,,,,,....................,,___,,...........................................#####
####..........,,,,,,,,,,,,,,.....................T,T__,,.................................#.........#####
####....,....,..,,,,,,,,,,....................TTTT,T_TT,.................................#.##......#####
####....,..,,...,,,,,,,,,.....................TTTTT_T_T,.................................###........####
#####......,,....,..,,.............._____p___________________________...................""..........####
#####.............,,................_________________________________...................""..........####
#####.............,,................__........__.........__........__.................."""".........####
#####...............T.TTT...........__........__.........__........__............,,...."""".........####
######..............TTT.TT..........__..hhh...__..hhh....__..hhh...__............,......."..........####
######T............TTTTTT...........__..hUU...__..hhh...,__,,hhh...__.............,..,,,.,,.........####
######T.....hh.....TTTTTT.T.........__..hUU...__..hhh....__,.hhh...__...hh........,,,,,,,,...####...####
#######T....hh....TTTTTTTTTT........p_........__..c.....,__,,.,,,,,__...hh........,,,,,,......##...#####
#####..................TTT.T........__....X...__.........__,,,o,,,.__..........,,,,,,,,,.....#.##.######
####.........,,,..T...TT............__........__.........__,,,,,,,.__.........,,,,,,,,,,...,####..######
###P...P...P,,,,,,T,T,T,,,,,,,,,,,,,__........__.......,,__,,,,,,,.__,,,,,,,,,,,,,,,,,,,,,,,#,#,########
###.......,..,,,,,,,T,,T,,,,,,,,,,,,__........__.......,,__.,,,,,,,__,,,,,,,,,,,,,,,,,,,,,,,#,,#########
###....._.___________c________________........__.........__,,,,,,,._______________________________######
###....._____P____________________________________________________________________________________######
###....._________________________________________________________________________________________#######
###.....,,,,,,,,"",",,,,,,,,,,,,,,,,__........__.........__.,,.,...__,,,,,,,,,,,,,,,,,,,,,,,,,,,,#######
###..P..,,,,,,,,,,,,,,,,,,,,,,,,,,,,__........__.........__..,.,...__,,,,,,,,,,,,,,,,,,,,,,,,,,,,#######
####....,,P,,,,....................._o..hhh...__..hhh....__.,hhh...__..........,,,,,,,,..........#######
#####...,...,,......................__..hhh...__..hhh....__..hhh...__...........,,,,,,,..........#######
########,,.,,.......................__..hhh...__..hhh....__..hhh...__...........,,,,,,,,.........#######
#######,..,,........................__........__.........__........__..........,,,,,,,,,.........#######
#######....,........................__........__.........__........__..........,..,,,.,..........#######
#######............................,__........__.........__........__.........,...,,,..,.........#######
#######.............................__,....p..__.........__........__........,.,,,,,,,,,,........#######
#######....,...,,.................,.__,.......__.........__........__........,#,,,,,,,,,,,.......#######
#######....,...,,...........,,,,,,,,__.....,."__.........__........__.....,,,.,,,,,,,,,,,........#######
#######.......,,,,,,,.......,,,,,,,,_______________________________........,.,,,,,,,,,,,,,.......#######
########......,,,,,,,......,,,###,,,_______________________________...........,,,,,,,,,,.,,,,....#######
########,.....,,,,,,,,.....,,,.#,,,,,,,,.,.,.....,,___,,.....................,.,,,,,,,,..,,,,...,#######
########..,,...,,,,,,,,......,,,,,,,,,,,,........,,___,,.......................,,,,.,,.,,,,,.....#######
########,,,.,...,,,,,,,,,.,..,,,,,,,,,,..........,,___,,........................,,,,...,,,,,....,#######
########,,,..,,,,,,,,,,,,,,,,,,,,,,,,,,..........,,___,,................,.,.....,,,,....,,,,,....#######
########.,,,,,,,,,,,,,,,,,,,,..,,,,,,,.,,........,,___,,...............,,,,,.....,.......,,,,,,,,#######
########,,,,,,,,,,,,,,,,,,,,.....,,,,...,,.......,,___,,...............,,,,..............,,,,,,,########
########,,,,,,,,,,,,,,,,...,.....,,,,...,,.......,,,__,,"..............,,,,...............,,.,,,########
########,,,,,,,,,,,,,,,,,.#........,,............,,___,""...............,,,..............%%%.%,.###,####
########,,,,,,,,,,,,,,,,.###.......,,,....hh.....,,___,""...............,,,.................%,,,###.####
########.,,,,,,,,,,,,,,,###.#.......,,....hh.....,,___",."..............,,,,.............,%%%%,,########
########,,,,,,,,,,,,,,,..........................,,___,"."""............,,,...............,%,,,,###,,###
########,,,,,,,,,,,,,,...........................,,___,"".""............,,...............,,,,,,,########
########,,,,,,,,,,,,,............................,,___,"".............................,,TT,,,,,#########
########,,,,,,,,,,,,.............................,,___,,..............................,,TT.,,,,#########
#######..,,,,,,,,,,,...........................#.#,___,,................................TTTT,,,#########
#######,,,,,,,,,,.,,...........................##,,___,,....................,.........T.TTTT,,,#########
#######.,,,,,,,,,................................,,___,,...................,,,...,...,TT.TT,,,,#########
######.,,,,,,,,,.................................,,___,,....................,,,.,,..,..T.T.,,,,.########
######.,,,,,,........................#...........,,___,,....................,,,,,,,,,...,T.,,,,,########
######,...,,.................####..#.........,,..,,___,,..............."".,,.,,,,,,,,,...,,..,,,########
#####........................####.###.###...,,.,,,,___,,..............",,""."",,,,,,,,.......,,,########
#####.........................###.####.....########___,,...###############".,",,,,,,,,......,,,,.#######
#####........................TT..#.##,#######################################,,,.#,##.......,,,.,#######
####################.........TT..T.################################################,.,,,...,,#.#########
########################....T..T#..,.################################################,,#################
#################################..,####################################################################
################################..#.####################################################################
#################################...,.##################################################################
################################.#.#####################################################################
