name: Last Stand
theme: arctic
objective: survive
doctrine: swarm
order: 8
mechanic: holding out
brief: Hold the outpost for two minutes. Five waves come out of the huts -- level a hut and the next one is smaller.
waves: 5@22
tile: 16
duration: 120
---
#######################################.####################################
########################################..##################################
####################################.###...#################################
####################################......##################################
####################################.#..#.##################################
###########...........###############..#.############################..#####
########................##############....########################.....#####
########..................###########.....######################......######
#########...................########.......##################.........######
#########......................####...hh........i..i..................######
##########......................E..E..hh.........iiii.................######
##########........................................i#ii................######
##########........................................#####..............#######
###########........................................###...............#######
###########........................................#..E............TT#######
###########.........E..............................................T########
###########...............................ii.......................T########
###########..............................iiii......................#########
###########.......hh......................iii.............hh.......#########
###########.......hh.....................iiiiii...........hh......##########
##########..............................iiiiiiii..................##########
##########......E.........................iiiiii..........E.......##########
##########................................iiii...................###########
#########......TTT........................iii............T.......###########
#########.....T.TTTTT.....................ii.............TTTT....###########
#########......TTT..T....................................TTT.....###########
########........T.T..............................................###########
########...####.TT..............................TT....T...........##########
########.##.#.##...............................T...TTT.T..........##########
############.#....................+++++...........TTT.............##########
#######..#######.................+.........+.....T.T.TT...........##########
#######..#..##.................++...........++..TT....T............#########
#######.......##..............+..............+....T..TTT...........#########
#######...#.##................+....o..........+...T..T..........E..#########
#######....#............................c......+...................#########
#######........................................+............T.........######
#######...E..B...............................o.+......B..TT..T.........#####
#######......................+o......OO...................TT.T..........####
######...hh..................+.......OO........++.......TT..TTTT...hh....###
######...hh..................+.......P.........+.........T.TTT.....hh....###
######...E...................+............P..............................###
#######......................+....P..............................E......####
#######............#.###.....+.........................................#####
########............T.#.......+...............+.......................######
#######.#........TT.T##........+........P....+......................########
#######..........TTT.T###.......+.c........P+.......................########
####...#.........TTTTT.##.......++........++........................########
#####.............TTTTT..............+++++..........................#####.#.
#####............TTTT.T..............P..............................#####..#
#####............TTT.TTT............................................#####.#.
#####...#.#.......T..TT.............................................#####.##
#####...#.#.#.......................................................######.#
####.....####...............ii.......................................#######
####.......#...............T.iiii....................................#######
####.......................iTiiiiT...................................#######
####........................T.i.i.........ii..........................######
####........................TiTTTT.TT.....iiTi........................######
####................E.............TTT..TTTiiii..........ii.............#####
####..............hh.............TTTT.TTiiiiTT..........i.hh..........T#####
#####.............hh..............TTTTTTii.i..i........i..hh..........T#####
#####........E....................TTTTTT..TTii.i...........iE.......T.T.####
#####...........................T.TTTTTT...i.ii.ii...E..............T...####
##.###............................T..T.....T.iTiii.....................T####
######...................................TTT.Ti......................TTT####
#######....................................TT..i....................TT..####
##.##..........######...............E.....T.TTTT.......................T####
###.####....#############.................E..T..........................####
##.#####.###################..........hh...............................#####
##################################....hh............................########
###################################.........###...................##########
####################################.......#######.............#############
#####################################.....###########.......################
######################################...###################################
########...#################################################################
########.....###############################################################
##########..################################################################
