name: Last Stand
theme: arctic
objective: survive
doctrine: swarm
order: 8
mechanic: holding out
brief: Hold the outpost for two minutes. The huts around you never stop.
tile: 16
duration: 120
---
#######################################.####################################
########################################..##################################
####################################.###...#################################
####################################......##################################
####################################.#E.#.##################################
###########...........###############..#.############################..#####
########................##############....########################.....#####
########..................###########.....######################......######
#########...................########.......##################.........######
#########......................####.E.hh........i..i..................######
##########............................hh.........iiii.................######
##########........................................i#ii................######
##########........................................#####..............#######
###########........................................###...............#######
###########........................................#...............TT#######
###########........................................................T########
###########...............................ii...........E...........T########
###########.....E........................iiii......................#########
###########.......hh......................iii.............hhE......#########
###########.......hh.....................iiiiii...........hh......##########
##########............E.................iiiiiiii..................##########
##########................................iiiiii..................##########
##########................................iiii...................###########
#########......TTT........................iii............T.......###########
#########.....T.TTTTT.....................ii.............TTTT....###########
#########......TTT..T....................................TTT.....###########
########........T.T..............................................###########
########...####.TT..............................TT....T...........##########
########.##.#.##...............................T...TTT.T..........##########
############.#....................+++++...........TTT.............##########
#######..#######.................+.........+.....T.T.TT...........##########
#######..#..##.................++...........++..TT....T............#########
#######.......##..............+.....o........+....T..TTT...........#########
#######...#.##................+...............+...T..T.............#########
#######....#...............................c...+...................#########
#######.........................o..............+............T.........######
#######.E......................................+.........TT..T.........#####
#######......................+.......hh...................TT.T..........####
######...hh..................+.......hh........++.......TT..TTTT...hh....###
######...hh.E................+.................+.........T.TTT.....hh....###
######.......................+.....c....................B................###
#######......................+...............o....................E...E.####
#######............#.###.....+....P.P.P................................#####
########.......B....T.#.......+...............+.......................######
#######.#........TT.T##........+..P.P.P......+......................########
#######..........TTT.T###.......+...o.......+.......................########
####...#.........TTTTT.##.......++........++........................########
#####.............TTTTT..............+++++..........................#####.#.
#####............TTTT.T.............................................#####..#
#####............TTT.TTT............................................#####.#.
#####...#.#.......T..TT.............................................#####.##
#####...#.#.#.......................................................######.#
####.....####...............ii.......................................#######
####.......#...............T.iiii....................................#######
####.......................iTiiiiT...................................#######
####........................T.i.i.........ii.............E............######
####.............E..........TiTTTT.TT.....iiTi...........i............######
####..............................TTT..TTTiiii..........ii.............#####
####..............hh.............TTTT.TTiiiiTT..........i.hh..........T#####
#####.............hh..............TTTTTTii.i..i.......Ei..hh..........T#####
#####.............................TTTTTT..TTii.i...........i........T.T.####
#####...........................T.TTTTTT...i.ii.ii..................T...####
##.###........E...................T..T..E..T.iTiii.....................T####
######...................................TTT.Ti......................TTT####
#######....................................TT..i....................TT..####
##.##..........######.....................T.TTTT.......................T####
###.####....#############....................T..........................####
##.#####.###################..........hh...............................#####
##################################E...hh............................########
###################################.........###...................##########
####################################.......#######.............#############
#####################################.....###########.......################
######################################...###################################
########...#################################################################
########.....###############################################################
##########..################################################################
