name: Last Stand
theme: arctic
objective: survive
doctrine: swarm
order: 10
mechanic: holding out
brief: Hold the outpost for two minutes. Five waves come out of the huts -- level a hut and the next one is smaller.
waves: 5@22
tile: 16
duration: 150
---
#######################################.####################################
########################################..##################################
####################################.###...#################################
####################################......##################################
####################################.#..#.##################################
###########...........###############..#.############################..#####
########................##############....########################.....#####
########..................###########.....######################......######
#########...................########.......##################.........######
#########......................####...hh........i..i..................######
##########............................hh.........iiii.................######
##########........................................i#ii................######
##########........................................#####..............#######
###########........................................###...............#######
###########........................................#...............TT#######
###########........................................................T########
###########...............................ii.......................T########
###########..............................iiii......................#########
###########.......hh......................iii.............hh.......#########
###########.......hh.....................iiiiii...........hh......##########
##########..............................iiiiiiii..................##########
##########................................iiiiii..................##########
##########................................iiii...................###########
#########......TTT........................iii............T.......###########
#########.....T.TTTTT.....................ii.............TTTT....###########
#########......TTT..T....................................TTT.....###########
########........T.T..............................................###########
########...####.TT..............................TT....T...........##########
########.##.#.##...............................T...TTT.T..........##########
############.#....................+++++...........TTT.............##########
#######..#######.................+.........+.....T.T.TT...........##########
#######..#..##.................++...........++..TT....T............#########
#######.......##..............+..............+....T..TTT...........#########
#######...#.##................+....o..........+...T..T.............#########
#######....#............................c......+...................#########
#######........................................+............T.........######
#######......................................o.+.........TT..T.........#####
#######......................+o......OO...................TT.T..........####
######...hh..................+.......OO........++.......TT..TTTT...hh....###
######...hh..................+.......P.........+.........T.TTT.....hh....###
######.......................+............P..............................###
#######......................+....P.....................................####
#######............#.###.....+.........................................#####
########............T.#.......+...............+.......................######
#######.#........TT.T##........+........P....+......................########
#######..........TTT.T###.......+.c........P+.......................########
####...#.........TTTTT.##.......++........++........................########
#####.............TTTTT..............+++++..........................#####.#.
#####............TTTT.T..............P..............................#####..#
#####............TTT.TTT............................................#####.#.
#####...#.#.......T..TT.............................................#####.##
#####...#.#.#.......................................................######.#
####.....####...............ii.......................................#######
####.......#...............T.iiii....................................#######
####.......................iTiiiiT...................................#######
####........................T.i.i.........ii..........................######
####........................TiTTTT.TT.....iiTi........................######
####..............................TTT..TTTiiii..........ii.............#####
####..............hh.............TTTT.TTiiiiTT..........i.hh..........T#####
#####.............hh..............TTTTTTii.i..i...........hh..........T#####
#####.............................TTTTTT..TTii.i...........i........T.T.####
#####...........................T.TTTTTT...i.ii.ii..................T...####
##.###............................T..T.....T.iTiii.....................T####
######...................................TTT.Ti......................TTT####
#######....................................TT..i....................TT..####
##.##..........######.....................T.TTTT.......................T####
###.####....#############....................T..........................####
##.#####.###################..........hh...............................#####
##################################....hh............................########
###################################.........###...................##########
####################################.......#######.............#############
#####################################.....###########.......################
######################################...###################################
########...#################################################################
########.....###############################################################
##########..################################################################
