name: The Long Road
theme: desert
objective: reach
doctrine: ambush
order: 3
mechanic: extraction
brief: A long march east. Get everyone still standing to the pickup.
tile: 16
---
TTTTTTTTTTTTTTTTTTTTTTTTTTTTTTTTTTTTTTTTTTTTTTTTTTTTTTTTTTTTTTTTTTTTTTTTTTTTTTTTTTTTTTTTTTTTTTTTTTTTTTTTTTTTTTTTTTTTTTTTTTTTTTTTTTTTTTTTTTTTTTTTTTTTTTTTTTTTTTTTTTTTTTTTTTTTTTTTTTTTTTTTTTTTTTTTTTTTTTTTTTTTTTTTTTTTTTTTTTTT
TTTTTTTTTTTTTTTTTTTTTTTTTTTTTTTTTTTTTTTTTTTTTTTTTTTTTTTTTTTTTTTTTTTTTTTTTTTTTTTTTTTTTTTTTTTTTTTTTTTTTTTTTTTTTTTTTTTTTTTTTTTTTTTTTTTTTTTTTTTTTTTTTTTTTTTTTTTTTTTTTTTTTTTT..TTTTTTTTTTTTTTTTTTTTTTTTTTTTTTTTTTTTTTTTTTTTTTTTTT
TTTTTTTTTTTTTTTTTTTTTTTTTTTTTTTTTTTTTTTTTTTTTTTTTTTTTTTTTTTTTTTTTTTTTTTTTTTTTTTTTTTTTTTTTTTTTTTTTTTTTTTTTTTTTTTTTTTTTTTTTTTTTTTTTTTTTTTTTTTTTTTTTTTTTTTTTTTTTTTTTTTTTTTT..TTTTTTTTTTTTTTTTTTTTTTTTTTTTTTTTTTTTTTTTTTTTTTTTTT
TTTTTTTTTTTTTTTTTTTTTTTTTTTTTT,..,...TTTTTTTTTTTTTTTTTTTTTTTTTTTTTTTTTTTTTTTTTTTTTTTTTTTTTTTTTTTTTTTTTTTTTTTTTTTTTTTTTTTTTTTTTTTTTTTTTTTTTTTTTTTTTTTTTTTTTTTTTTTTTTTTT..T,TTTTTTTTTTTTTTTTTTTTTTTTTTTTTTTTTTTTTTTTTTTTTTTTTT
TTTTTTTTTTTTTTTTTTTTTTTTTTT,.,,,.#,,...,TTTTTTTTTTTTTTTTTTTTTTTTTTTTTTTTTTTTTTTTTTTTTTTT,.,....TTTTTTTTTTTTTTT....TTTTTTTTTTTTTTTTTTTTTTTTTTTTTTTTTTTTTTTTTTTTTTTTT.......TT,TTTTTTTTTTTTTTTTTTTTTTTTTTTTTTTTTTTTTTTTTTTTTTT
TTTTTTTTTTTTTTTTTTTTTTTT.,,,,,,,,,,,#,,,...TTTTTTTTTTTTTTTTTTTTTTTTTTTTTTTTTTTTTTTTTT,,,..............................TTTTTTTTTTTTTTTTTTTTTTTTTTTTTTTTTTTTTTTTTTT,.......TTT,,,,T,,TTTTTTTTTTTTTTTTTTTTTTTTTTTTTTTTTTTTTTTTT
TTTTTTTTTTTTTTTTTTTT,,,.,,,,,,,,,#,,,,,,,,,,,TTTTTTTTTTTTTTTTTTTTTTTTTTTTTTTTTTTTTT,,,,,,,,",,...........................TTTTTTTTTTTTTTTTTTTTTTTTTTTTTTTTTTTTT.,...,.....,TT,,T,,,,,,E,TTTTTTTTTTTTTTTTTTTTTTTTTTTTTTTTTTTTT
TTTTTT,,.,,.,.....,,.,,,,,,,,,,,,,,,,..,,,,,,,,#,TTTTTTT.T,"",TTTTTTTTTTTTTTTTTTT,,,,,,,,,,,,,,,...........................TTTTTTTTTTTTTTTTTTT......"....".....,..,,,,.,,,,T,,,,,,,,,,,,,,,,.,,,,,,.,,,TTTTTTTTTTTTTTTTTTTTT
TTTTTT,,,,,,.....,,,,,,,,,,,,,,,,,,....,,,,,,,,#T,.,,..TTTT"T,.,,,,TTTTTTTTTTT,,,,,,,,,,,,,,,,,,.............................TTTTTTTTTTTT.....................,,.,.,,,,,,,,,,,,,,,,,,,,,,,,,,,,,,,,,,,,,,.TTTTTTTTTTTTTTTTTT
TTTTTT,,,,,,,....,,,,,,,,,,,,,,,,,,..,TT,,,,,,,,T,.TT,,.TTTTT.T.,..,,.,,TT,,,,,,,,,,,,,,,,,,,,...................................TTTT.........................,.,.,.,,,,,,,,,,,,,,,,,,,,,,,,,,,,,,,,,,,,,.,,".TTTTTT..TTTTTT
TTTTT.,,,,,,,......,,,,,,,,,,,,,,,,,TTT,TT,,,,,TT,TT,.TT..TT..,,...,,,,,,,,,,,,,,,,,,,,,,,,,,,...................................................................,.,.,,,,,,,,,,,,,,,,,,,,,,,,,,,,,,,,,,,.,,,,.""......TTTTTT
TTTTT,,..,,,.......,.,,,,,,,,,,,.,,,..,TT,,,,,,T.TTT.,..,,,T,,,,,,,,,,,,,,,,,,,,,,,,,,,,,,,",........................................................TT...........,..,,,,,,,,,,,,,,,,,,,,,,,,,,,,,,,,,,,,,,,",".......TTTTTT
TTTTT.TT.,,,.....E,..,,,,,,,,,,..,,,,T,..,,,,TT,TT,TT.,,,,,,,,,,,,,,,,,,,,,,,,,,,,,,,,,,,......................TTT.T..................................TT...........,.,,,,,,,,,,,,,,,,,,,T,,,,,,,,,,,,T,,,,,.,,........TTTTTT
TT.TTTT.T.,......,,,,,,,,,,,,,,,,,,....,T,,,,,..T,,,,,,,,,,,,,,,T..,,,,,,,,,,TTT,,,,,,,,.......................TT,TTT..........................TTT..TT..........,,,,,,,,,,,,,,,,,,,,E,,,,,,,,,,,,,,T,,T,,,.,,,........TTTTTT
TT....T......,,,,,,,,,,,,,,,,,,..,,..,,,,,,,,,,,T,,,,,,,,,,,,,,,TTT,,,,,,,,,,TT,T,,,,,,,..................,...TT,TTT..............,..................T..........,,,,,,,,,,,,,,,,,,,,,,,TTTT,,,,,,,,,,TTT,.............TTTTTT
TT.T......,,,,,,,,,,,,,,,,,,,,,,....,,,,..,..,,TT,,,,,,,,,,,,,,,,,TT,,,,,,,.TTTTT,E,,,,,................,E.#,.,,TTTTT............,,E...........TTT...............,,,.,,,,,,,,,,,,,,,,,,,TT,TT.,,,,TTTTTTT..............TTTTT
TTTT.....,,,,,,,,,,,,,,,,,,,,,,,,,T,,,,,.....E..,,,.T,T,,,,,,,,,,,T.,,,,,,,.TTTT,,..,,,,.................,,#,.T,TTT.T........TT..,,............TTT....................,,,,,,,,,,,,,,E,,,T.,,.,.,,,..TTTTT..............TTTTT
TTTT.,,P.,,,,,,,,,,,,,,,,,,,,,,TTTTT,,,,,.......,,,,TT,TT,,,,,,,,,,,,,,,,,,,,TTTT,,.#..,...............,,,,,,,.TTTT..,.......,..TT...................................,.#,,,,,,,,,,,,,,,,,,,T,,,,,,.T,,,..........TT.T..TTTTT
TTTT.,,...P,,,,,,,,,,,,,,,,,,,.T.T,,.,,,,......,,,,,TTT,T,,,,E,,,,,,,,,,,,,,,TT..,,,,,#.............,,,,,,,,,,,.,,,..,,,...TT.T.TT...,..,.....................,..,.T,,#,,,,,,,,,,,,,,,,,,,,,,,,,,,,,,,,.E..,...........TTTTT
TTT..,,,,,,,,,,,,,,,,,,,,,,,,,,T,T,T,,,,,,,,,,,,,,,,,TT,,,,,,,,,,,,,,,,,,,,,,,,,,,,,,#,,,,,,,,,,,,,,,,,,,,,,,,,,,,,,,,,,,,,T,TTT,,T,,,,,,,,,,,,,,,,,,,,,,,,,,,,,,,TTT,,,,,,,,,,,,,,,,,,,,,,,,,,,,,,,,,,,,,,,,,,,,.......TTTT
TTT,,,...,,,,,,,,,,,,,,,,,,,,,,,,T,,,,,,,,,,,,,,,,,,,,,,,,,,,,,,,,,,,,,,,,,,,,,,,,,,,,,,,,,,,,,,,,,,,,,,,,,,,,,,,,,,,,,,,,,,TTTTTT,,,,,,,,,,,,,,,,,,,TT,,,,,,,,,,T,,TT,,,,,,,,,,,,,,,,,,,,,,,,,,,,,o,,,,,,,,,,,,,.......TTTT
TTT..,_.__.___P__________________________________________________c,________________________________________________________TTTT_________E___________T_T___________T_T______________,____________________#________.AA....TTTT
TTT.,__._...________________________________________________________o__________________________________________________________T_T____________________TTT_______E_T_____________________________________##_______.AA,....TTT
TTTP,.__...P_______________________________________________,________________________________________________________,________T______________________TTTT________________#_#_,____________________________##________.,,,..TTT
TTT.,,......,.,,,,,,,,,,,,,,,,,,,,,,,,,,,,,,,,,TT,,,,,,,,,,,,,,,,,,,,,,,,,,,,,,,,,,,,,,,,,,,,,,,,,,,,,,,,,,,,,,,,,,,,,,,,,,,,,,,,,E,,,,,,,,,,,,,,TTTTTTT,,,,,,,,,,,,,,,,,,,,,,,,,,,,,,,,,,,,,,,,,,,,,,,,###,,,,,,,,,,,,,.TTT
TTT..,P......,T,,,,,,,,,,,,,,,,,,,,,,,,,,,,,,,,T,,TT,,,,,,,,,,,,,,,,,,,,,,,,,,,,,,,,,,,,,,,,,,,,,,,,,,,,,,,,,,,,,,,,,,,,,,,,,,,,c,,,,,o,,,,,,,,,,,,T.T.T,,,,,,,,,,,,,,,,#,,,",,,,,,,,,,,,,,,,#,,,#,,,E,,,,.,,,,,,,,,,,,,,TTT
TTTT.,.......T,...,.,,,,..,,,,,...","...........TTT,,,,,,,,,,,,,,,..,,,,..,...,...........,,,.,,,,,,,,,,,,,,,,,,,,,,,,,,,,,,,,,,,,,,,,,,,,,,,.....T.TTTTT,,,,,,,,,,,,,,,,.""""................,,#,,,,,,,,.......,..,,,,,.TTT
TTTTT,,.....,T,.....,,,,....,,,....""..........TT,,,,,,,,,,,,,,,,,.............................,,,,,,,,,,,,,,,,,,,,,,,,,,,,,,,,,,,,,,,,,..,,........T..,,,,,,,,,,,,,,,,,,""""..................,,,,,,,..............,,,,,TTT
TTTTTT,...TT........,,......,,.,,...........T....T,,,,,,,,,,E,,,,,..............................,,,,,,,,,,E,,,,,,,,,,,,,,,,,,,,,,,,,,,,,...........,,,,,,,,,,,,,,,,,,.,",,.,".....................,,,...............,,,,TTTT
TTTTTT.....T.........T.........,,.............T,,,,,,,,,,,,,,,,,,,..........................S...,,,,,,,,,,,.,,,,,,,,,,,,,,,,,,,,,,,,,,,,..........,,,,,,,,,,,,,,,,,,.,...,,,......................E,,,............,,,,,,TTTT
TTTTTTT.............TT,.......................,TT,,,,,,,,,,,,,,,,,...........................,,,,,,,,,,,,,,,,,,,,,,,,,,,,,,,,,,,,,,,,,,,...........,,,,,,,,,,,,,,,....,,,.,,.....................,,",""...........,,,,,.TTTT
TTTTTTT.............T..T.T.................TT.TT,.,,,,,,,,,,,...,.............................,,,,,,,,,,,,,,,,,,,,,,,,,,,,,,,,,,,,,,,,,,,,.........,,,,,E,,,,,.,E......,".,.......................""""""..........,,,,,,TTTT
TTTTTTTT........#..T.TTT...................T...TTTT,,,,,,,,,...,,,.............................,,,,,,,,,,,,,,,,,,,,,,,,,,,,,TT,,,,,,,,,,,,...........,,,,..,,.....#,....,,.....ST.T.T..............""""".........,,,,,,TTTTT
TTTTTTTT......###....TTTT...................T,T..T,,,,T,,,,,...,,,...........................,..,,,,,,,,,,,,,,,,,,,,,,,,,,,,,T,,,,,,,,,,,..............,,..,,...,##,#...........TTTTT.............""""""...E.....,,,,,,TTTTT
TTTTTTTT.......#."...TT......................T.T,T..T.T,..,.,..............................,,,,.,,,,,,,,.,,,,,,,,,,,,,,TTTTTTTT,,,,,,,,,,.................,,,...,#,........TT...T.T.T......,,,.....""""...,.,...,,.,,,TTTTTT
TTTTTTTTT.......#.T.TTTTT....................,T,.,.,TTT,,..,TTTTTTTT..............,,......,.,,...,,..,,,..,,,,,,,,,,TTTTTTTTTTTTT,,,,,,,,,.................,,...............TT...TTT..,,,.,,,,....TTTTTTTTTTT.,,TT.T.,TTTTTT
TTTTTTTTTT........."T..TT.............TTTTTTTTTTTTTTTTTTTTTTTTTTTTTTTTT..........,,,....,,,......,,.,,,,,...,,..,TTTTTTTTTTTTTTTTTTT,...,,...............................T.T.T.TTTTTTTTTT.,,TTTTTTTTTTTTTTTTTTTT,.TT,TTTTTTT
TTTTTTTTTT.............TTT.........TTTTTTTTTTTTTTTTTTTTTTTTTTTTTTTTTTTTTT........,,,,..E.,.......,,,.,,,,,,..,.TTTTTTTTTTTTTTTTTTTTTTTTTT....TTTTT..........................TTTTTTTTTTTTTTTTTTTTTTTTTTTTTTTTTTTTTTTTTTTTTTTT
TTTTTTTTTTTTTTT....TTTTTTT.......TTTTTTTTTTTTTTTTTTTTTTTTTTTTTTTTTTTTTTTTTT.,..,,,,,,..,,.....,TTT......,.,TTTT.TTTTTTTTTTTTTTTTTTTTTTTTTTTTTTTTTTTTTTT...................TTTTTTTTTTTTTTTTTTTTTTTTTTTTTTTTTTTTTTTTTTTTTTTTTT
TTTTTTTTTTTTTTTTTTT.TT..T.T....TTTTTTTTTTTTTTTTTTTTTTTTTTTTTTTTTTTTTTTTTTTTTTT,.,,,,.,.,.TTTTTTTTTTTTTTTTTTTTTT.T..TTTTTTTTTTTTTTTTTTTTTTTTTTTTTTTTTTTTTTT................TTTT..TTTTTTTTTTTTTTTTTTTTTTTTTTTTTTTTTTTTTTT.TTTT
TTTTTTTTTTTTTTTTTTTTTTT..T..TTTTTTTTTTTTTTTTTTTTTTTTTTTTTTTTTTTTTTTTTTTTTTTTTTTTTTTTTTTTTTTTTTTTTTTTTTTTTTTTTTT....TTTTTTTTTTTTTTTTTTTTTTTTTTTTTTTTTTTTTTTTTTT......TTTT...TTT.TTTTTTTTTTTTTTTTTTTTTTTTTTTTTTTTTTTTTTT...TTT
TTTTTTTTTTTTTTTTTTTTTTTTTTTTTTTTTTTTTTTTTTTTTTTTTTTTTTTTTTTTTTTTTTTTTTTT..TTTTTTTTTTTTTTTTTTTTTTTTTTTTTTTTTTTTTT..TTTTTTTTTTTTTTTTTTTTTTTTTTTTTTTTTTTTTTTTTTTTTTTTTTTTTTT.....TTTTTTTTTTTTTTTTTTTTTTTTTTTTTTTTTTTTTTTT.TTTTT
TTTTTTTTTTTTTTTTTTTTTTTTTTTTTTTTTTTTTTTTTTTTTTTTTTTTTTTTTTTTTTTTTTTTTTTTT.TTTTTTTTTTTTTTTTTTTTTTTTTTTTTTTTTTTTTT..TTTTTTTTTTTTTTTTTTTTTTTTTTTTTTTTTTTTTTTTTTTTTTTTTTTTTTTTT...TTTTTTTTTTTTTTTTTTTTTTTTTTTTTTTTTTTTTTTTTT.TTT
TTTTTTTTTTTTTTTTTTTTTTTTTTTTTTTTTTTTTTTTTTTTTTTTTTTTTTTTTTTTTTTTTTTTTTTT.T.TTTTTTTTTTTTTTTTTTTTTTTTTTTTTTTTTTTTTTTTTTTTTTTTTTTTTTTTTTTTTTTTTTTTTTTTTTTTTTTTTTTTTTTTTTTTTT.TT...TTTTTTTTTTTTTTTTTTTTTTTTTTTTTTTTTTTTTTTTTTTTT
