name: Minefield
theme: desert
objective: demolish
doctrine: garrison
order: 7
mechanic: mines
brief: Mines everywhere. Shoot a barrel to clear a lane, then level the huts.
advice: Mines everywhere. Shoot a barrel to open a lane, then level the huts. Do not open a lane you are standing in.
tile: 16
---
##############################################.##..#########################################
##############################################...###########################################
#################################################.##########################################
###########################################,,,,,,,,#########################################
########################################,,,#,,,,,,o,,,,,####################################
####################################,,,,,,*,,#,,##,,,,,,,,,,,,,,,",.,",,,###################
#################,,,,,,,,,#####,,,,,,,,,,##,,,,####,,,,,,,,,,,,,E.,,.,,,,,,,,.##############
####,#,##,,,,T,TT,,,,,,,,","",,,,,,,,,,,,#,,##,###,,,,,,,,,,,,,,,,..,,,,,,,,E,,.,###########
#####,,,,,,T,TTT,T,,,,,,TT"""",,,,,,,,,,,,####,###,,,,,,,,,*,,,,,,hh,,,,,,,,,,,,,",__#,#####
#####,,,,,,,,TTTTT,,,,,,T,,,,,,,,,,,,*,,,,,,,##,##,,,,,,,,,,,,,,,,hh,,,,,,,,,,,,,_#___,#####
#####,,,,,,,TTTTT,,,,,TTT,,*,,,,,,,,,,,,,,#,#,,##,,,,,,*,,,,,,,,,,,,,,,,,o,,,,,,_____,,#####
#####,,,,,,,TT,,T,,,,TTT,TT,,,,,,,,,,,,,,,*,,#,,#,,,,,,,,,,,,,,,,,,,*,,,,,,,,,_____,,,,#####
######,,,,,,,,,,T,,,,,TT,T,,,,,,,,"",,,,,,,,,,,,,,,,,,,,,,,,,,,,,,,,,,,,,,,,,____,,,,,,#####
######,,,,,T,,,,,,,,,,,,,,,,,,,,,,""",,,,,,,,,,,c,,,,,,,,,,,,,,,,,,,,,,,,,,_____,,,,,,,#####
######,,,,T,TT,,,,,,,,,,,,,,,,,,,,,""",,,,,,,,,,,,,,,,,,,,,,,,,,,,,,,,,,,_____,,,,,,,,,#####
#######,.,TTTT,,,,,###,,,,,,,,",,,,*",,,,,,,,,*,,,,,,,,,,,,,,,,,,,,,,#,#_____,,,,,,,,,,#####
#######.,,,,TT,,,T,T##,,,,,,,,"",,,,,,,,,,,,,,,,,,,,,,,,,,,,,,,,,,,,##_____,,,,,,,,,,,,#####
#######,,,,,,,,,,,TT##T,,,,,,,"",,,,,,,,*,,,,,,,,,,,,,,,,,,,,,,,,,*,__#__,,,,,,,,,,,,,,#####
#######,,,,,,,,,,TT,TT,,,,,,,,,,,,,,,,,,,,,,,,,,,,,,,,,,,,,,,,,,,,,_____,hh,,,,,,,,,,,,#####
########,,,,,,,,T,TTT,,,,,,,,,,,,,,,,,,,,,,,,,,,,,,,,,,,,,,,,,,,______,,,hh,,,,,,,,,,,,#####
########,,,,,,,,TTTT,T,,,,,,,,,,,,,,,,,,,,,,,,*,,,,,,,,,,,,,,,,_____,,,,,,,,,,,,,,,,,,,#####
########,,,,,,,,,,,,,T,,,,,,,,,,,,,,,,,,,,,,,,,,,,,,,,,,,,,,,_____,,,,,,E,,,,,,,,,,,,,,#####
########,,,,,,,,,,,,,,,,,,,,,,,,,,,,,,,,,,,,,,,,,,,,,,,,,,__hh__,,,,,,,,,,,,,,,,,,,,,,,,####
.#######,,,,,,,,,,,,,,,,,,,,,,,,,,,,,,,,,,,,,,,,,,,,,,,,,___hh_,,,,,,,,,,,,,,E,,,,,,,,,,####
..######,,,,,,,,,,,,,,,,,,,,,,,,,,,,,,,,,",,,,,,,,,,,,,____,_,,,,,,,,,,,,,,,,,,,,,,,,,,,####
.#######,,,,,,,,,,,,,,,,,,,,,,,,,,,,,,,"""""....,,,,,_____,,,,,,,,,,,,,,,,,,,,,,,,,,,,,,####
########,,,,,,,,,,,,,,,,,,,,,,,*,,,,,,""""""....,,,,_____,,,,,,,,,,,,,,,,,,,,,,,,,,,,,,,,###
#######,,,,,,,,,,,,,,,,,,,,,,,,,,,,,,,*"""%,....,._____,,,,,*,,,,,,,,,,,,,,,,,,,,,,,,,,,,###
#######,,,,,,,,,,c.,,,,,,,,,,,,%,,,,,,,,,%%,%...*____,,,,,,,,,,,,,,,,,,,,,*,,,,,,,,,,,,,,###
#######,,,,,,,,,,....,,,,,,,,,%,%,%,,,,,,,,%%%._____,,,,,,,,,,,,,,,,,,,B,,,,,,,,,,,,,,,,,###
#######,,,,,,,,,,,".",,,,,*,,,%,%,%,,,,,,,,%%%____,,,,,,,,,,,,,,,,,,,,,,,,,,,,,,,,,,,,,,,###
######,,,,,,,,,,,,."",..,,,,,%%%%,,,,,..,,,,_*___,,,,,,,,,,,,,,,,.,,,,,,,,,,,,,,,,,,,,,,,###
######,,,,,,,,,,,,""""",,,,,,,,%%,%,,....,_____,,,,,,,,,*,,,,,*,,...E,,,,,,,,,,,,,,,,,,,,###
######,,,,,,,,,,,.,"""",,,,,,,,%,,,,,..,_____,,,,,TTT,,,,,,,,,,,,...,,,,,,,,,,,%%%,%,,,,,###
######,,,#,,,,,,......,,,,,,,,,,,%,,..._____,,,,,,TTTT,,,,,,,,,,,...,,,,,,,,,,E,%%%,,,,,####
######,,,,,,,,.....,,,,,,,,,,,,,,,,,,_____,,,,,,,TTTTT*,,,,,*,,,,,,,,,,,,,,,,,,%%%,%%,,,####
######,,,#,#......,,,,,##,,,,,,,,,*,,___,,,,,,,,,,,,TT,,,,,,,,,,,,,,,,,*,,,,,,,,%,%#,,,,####
######,,,,,,.,....,,,,,,,,,,,,,,,,,____,,,,,,,,,,*,,,,,,,,,,,,,,,,,,,,,,,,,,,,,,,,,,#,,,####
######,,,,,,,,......,,,,,,,,,,,,,_____,,%,,,,,,,,,,,,,,,,,TTT,,,,,,,,,,,,,,,E,,,,,,,.,,#####
######,,,,,,,..............,,,,,_____%,,,,,,,,,,,,,,,,,,,,T,,,T,T,,o,,,,,,,,,,,,,,,.########
######,,,,,,,...............,,,____,,,,,%,,,,,,,%,,,,,,,,*TTTTTTT,,,,,,,,,,,,,,,,,..,#######
########,,,,,,.,,.,.........,____,,,,%%,%%,,,,,,,%,,,,,,,,.TT,T.,,,,,,,,,,,,,,,,,,..,.######
######,##,,,,,,,,,,,,.,,,,.,_____,o,,%,%,%,,,,%%%%,,*,,,,,T,...,,,,,,,,,,,,,,,,,,,,,,,######
######,,,,,,,,,,,,,,,,%,,,_____,,,,,,,%,,%,,%,%%TT%,,,,,,,..*..,,,,,,,,,,,,,,,,,,,,,,.######
######,#,,,,,,,,,,%%,%,,,____,,,,,,,,,,%,,,,,%%%T%%,,,,,,,,.,..,,,,,,E,,,,,,,,,,,,,,,,######
######,,,,,,,,,,,%%%%%%_____,,,,,,,,,,,,*,,,,,,T,,,,,*,,,,,,,,,,,,,,,,,,,,,,,,,,,,,,,.######
######,,,,,,,,,,,,,,%%%___,,,,,,,,,,,*,,,,,,,,,,,,,,,,,,,,,,,,*,,,,,,,,,,,,,,,,,,,,,,,######
######,,,,,,,,,,,,,,_____,,,,,,,,,,,,,,,,,,,,,,,,*,,,,,,,,,,,,,,,,,,,,,,,,,,,,,,,,,,,#######
######,,,,,,,,,,,,_____,,,,,,,,*,,,,,,,,,,,,,,,,,,,,,,,,,,,,,,,,,,,,,,,,,,,,,,,,,,,,,#######
#####,,,###,,,,,_____,,,,,,,,,,,,,,,,,,,,,,,,,,,,,,,,,,,,,,*,,,,""",,,,,,,,,,,,,,,,,,#######
#####,,,####,,,_____,,,,,,,,,,,,,,,,,,,,,,,,,,,,,,,,,,,,,,,,,,,",o,,,,,,,,,,,,,,,,,,,#######
#####,,.....#_____,,,...,,,,,,,,,,,,,,,,,,,,,,,,,,,,,,,,,,,,,,""",",,,,,,,,,,,,,,,,,,,######
####.,,..P..____,####....,,,,,,,,,,,,,,,,,,,,,,,,o,,,,,,,,,,,,,""""",,,,,##,,,,,,,,,,,######
###..,........_,,####.....,,,,,,,,,,,,,*,,,,,,,,,,,,,,,,,,,*,,,","""",,,,###,,,,,,,,,,######
###.P,...__..,.,.,##,,...,,,,,,,,,,,,,,,,,,*,#,,,,,,,,,,,,,,,,,,,,""",,,,,###,,,,,,,,,######
###.,,_._.__P.,.,,,,,,,,,,,,,,,,,,,,,,,,,,,,##,,,,,,,,,,,,,,,,,,,,""",",,###,#,,,,,,,,######
###.,___.,....,,,,,,,,,,,,,,,,,,,,,*,,,*,,#,###,,,,,,,,*,,,,,,,,,*,""",",,######,,,,########
###......,,...,.,,,,,,,,,,,,,,,,,,,,,,,,,,,###,,*,,,*,,,,,*,,,,,,,,"################,,######
###.P...P..P..############,,,,,,,,,,,,,,,,,,,#,,,,##########################################
###...........################,,,,,,,,,,,,,,,,############################################..
###..........#####################,,,,,,,,################################T..##############.
##..........#############################################################T..################
##.T####################################################################T##T.###############
#.#T.#####################################################################....##############
