name: No Way Off
theme: jungle
objective: eliminate
doctrine: garrison
order: 23
mechanic: nowhere to fall back to
brief: The sea is on every side. Clear it, because there is nowhere else to be.
tile: 16
---
WWWWWWWWWWWWWWWWWWWWWWWWWWWWWWWWWWWWWWWWWWWWWWWWWWWWWWWWWWWWWWWWWWWWWWWWWWWWWWWWWWWWWWWWWWWWWWWW
WWWWWWWWWWWWWWWWWWWWWWWWWWWWWWWWWWWWWWWWWWWWWWWWWWWWWWWWWWWWWWWWWWWWWWWWWWWWWWWWWWWWWWWWWWWWWWWW
WWWWWWWWWWWWWWWWWWWWWWWWWWWWWWWWWWWWWWWWWWWWWWWWWWWWWWWWWWWWWWWWWWWWWWWWWWWWWWWWWWWWWWWWWWWWWWWW
WWWWWWWWWWWWWWWWWWWWWWWWWWWWWWWWWWWWWWWWWWWWWWWWWWWWWWWWWWWWWWWWWWWWWWWWWWWWWWWWWWWWWWWWWWWWWWWW
WWWWWWWWWWWWWWWWWWWWWWWWWWWWWWWWWWWWWWWWWWWWWWWWWWWWWWWWWWWWWWWWWWWWWWWWWWWWWWWWWWWWWWWWWWWWWWWW
WWWWWWWWWWWWWWWWWWWWWWWWWWWWWWWWWWWWWWWWWWWWWWWWWWWWWWWWWWWWWWWWWWWWWWWWWWWWWWWWWWWWWWWWWWWWWWWW
WWWWWWWWWWWWWWWWWWWWWWWWWWWWWWWWWWWWWWWWWWWWWWWWWWWWWWWWWWWWWWWWWWWWWWWWWWWWWWWWWWWWWWWWWWWWWWWW
WWWWWWWWWWWWWWWWWWWWWWWWWWWWWWWWWWWWWWWWWWWWWWWWWWWWWWWWWWWWWWWWWWWWWWWWWWWWWWWWWWWWWWWWWWWWWWWW
WWWWWWWWWWWWWWWWWWWWWWWWWWWWWWWWWWWWWWWWWWWWWWWWWWWWWWWWWWWWWWWWWWWWWWWWWWWWWWWWWWWWWWWWWWWWWWWW
WWWWWWWWWWWWWWWWWWWWWWWWWWWWWWWWWWWWWWWWWWWWWWWWWWWWWWWWWWWWWWWWWWWWWWWWWWWWWWWWWWWWWWWWWWWWWWWW
WWWWWWWWWWWWWWWWWWWWWWWWWWWWWWWWWWWWWWWWWWW~W~~W~W~~W~WWWWWWWWWWWWWWWWWWWWWWWWWWWWWWWWWWWWWWWWWW
WWWWWWWWWWWWWWWWWWWWWWWWWWWWWWWWWWWWWWW~W~WWW,,,,,,,WWW~W~WWWWWWWWWWWWWWWWWWWWWWWWWWWWWWWWWWWWWW
WWWWWWWWWWWWWWWWWWWWWWWWWWWWWWWWWWWW~W~W,,,,,,,,,,,,,,,,,W~W~WWWWWWWWWWWWWWWWWWWWWWWWWWWWWWWWWWW
WWWWWWWWWWWWWWWWWWWWWWWWWWWWWWWWWWW~W,,,,...............,,,,W~WWWWWWWWWWWWWWWWWWWWWWWWWWWWWWWWWW
WWWWWWWWWWWWWWWWWWWWWWWWWWWWWWWW~~W,,,......"".............,,,W~~WWWWWWWWWWWWWWWWWWWWWWWWWWWWWWW
WWWWWWWWWWWWWWWWWWWWWWWWWWWWWW~WW,,........"""................,,WW~WWWWWWWWWWWWWWWWWWWWWWWWWWWWW
WWWWWWWWWWWWWWWWWWWWWWWWWWWWW~W,,..........."...................,,W~WWWWWWWWWWWWWWWWWWWWWWWWWWWW
WWWWWWWWWWWWWWWWWWWWWWWWWWW~WW,,..........."""...............TTT.,,WW~WWWWWWWWWWWWWWWWWWWWWWWWWW
WWWWWWWWWWWWWWWWWWWWWWWWWWWW,,............."""..............TTT....,,WWWWWWWWWWWWWWWWWWWWWWWWWWW
WWWWWWWWWWWWWWWWWWWWWWWWWW~,,..............."...............TTTTT...,,~WWWWWWWWWWWWWWWWWWWWWWWWW
WWWWWWWWWWWWWWWWWWWWWWWWW~,,..............T.T...............TTTTT....,,~WWWWWWWWWWWWWWWWWWWWWWWW
WWWWWWWWWWWWWWWWWWWWWWWW~,,.............TTT..T.................T......,,~WWWWWWWWWWWWWWWWWWWWWWW
WWWWWWWWWWWWWWWWWWWWWW~W,,..............TTTT...........................,,W~WWWWWWWWWWWWWWWWWWWWW
WWWWWWWWWWWWWWWWWWWWWWW,,................TTT..TE........................,,WWWWWWWWWWWWWWWWWWWWWW
WWWWWWWWWWWWWWWWWWWWW~W,................TTTTT......T.T...................,W~WWWWWWWWWWWWWWWWWWWW
WWWWWWWWWWWWWWWWWWWW~W,.................BTT.T.............................,W~WWWWWWWWWWWWWWWWWWW
WWWWWWWWWWWWWWWWWWWWW,,...........................TTT.....................,,WWWWWWWWWWWWWWWWWWWW
WWWWWWWWWWWWWWWWWWW~W,.............................T.......................,W~WWWWWWWWWWWWWWWWWW
WWWWWWWWWWWWWWWWWWW~,"".....................................................,~WWWWWWWWWWWWWWWWWW
WWWWWWWWWWWWWWWWWWWW,"".........................p...........................,WWWWWWWWWWWWWWWWWWW
WWWWWWWWWWWWWWWWWW~,..................E......................................,~WWWWWWWWWWWWWWWWW
WWWWWWWWWWWWWWWWW~WT...T................................E....................,W~WWWWWWWWWWWWWWWW
WWWWWWWWWWWWWWWWWWTTTT.......................................................,,WWWWWWWWWWWWWWWWW
WWWWWWWWWWWWWWWWW~T.TTTT...................E.................E................,~WWWWWWWWWWWWWWWW
WWWWWWWWWWWWWWWW~WT.T.T.......................................................,W~WWWWWWWWWWWWWWW
WWWWWWWWWWWWWWWWWT,TTT........................................................,,WWWWWWWWWWWWWWWW
WWWWWWWWWWWWWWWW~T...TT........................................................,~WWWWWWWWWWWWWWW
WWWWWWWWWWWWWWWWW,.T........E..................................................,WWWWWWWWWWWWWWWW
WWWWWWWWWWWWWWW~W,.............................................................,W~WWWWWWWWWWWWWW
WWWWWWWWWWWWWWWWW,.............................................................,WWWWWWWWWWWWWWWW
WWWWWWWWWWWWWWW~,,....P...P...P................................................,,~WWWWWWWWWWWWWW
WWWWWWWWWWWWWWW~,,.............................................................,,~WWWWWWWWWWWWWW
WWWWWWWWWWWWWWWW,,..............c......................""......................,,WWWWWWWWWWWWWWW
WWWWWWWWWWWWWWW~,,............P.....E................."""".....................,,~WWWWWWWWWWWWWW
WWWWWWWWWWWWWWWW,,........................"..........."""""....................,,WWWWWWWWWWWWWWW
WWWWWWWWWWWWWWW~,,...............E....."""""""......."""""""...................,,~WWWWWWWWWWWWWW
WWWWWWWWWWWWWWW~,,.......P..P..........""""""".......""""""....................,,~WWWWWWWWWWWWWW
WWWWWWWWWWWWWWWWW,....................."""""""........""""""...................,WWWWWWWWWWWWWWWW
WWWWWWWWWWWWWWW~W,....................TTT""""..........."""""..................,W~WWWWWWWWWWWWWW
WWWWWWWWWWWWWWWWW,................TTTTTT"""""..........."""""..................,WWWWWWWWWWWWWWWW
WWWWWWWWWWWWWWWW~,...............T..TTTTT""...............E"...................,~WWWWWWWWWWWWWWW
WWWWWWWWWWWWWWWWW,,................TTTT."T....................................,,WWWWWWWWWWWWWWWW
WWWWWWWWWWWWWWWW~W,...............T.TTT.T.....................................,W~WWWWWWWWWWWWWWW
WWWWWWWWWWWWWWWWW~,.........................................E.....S...........,~WWWWWWWWWWWWWWWW
WWWWWWWWWWWWWWWWWW,,.....................S...................................,,WWWWWWWWWWWWWWWWW
WWWWWWWWWWWWWWWWW~W,............................E............................,W~WWWWWWWWWWWWWWWW
WWWWWWWWWWWWWWWWWW~,.........................E................E..............,~WWWWWWWWWWWWWWWWW
WWWWWWWWWWWWWWWWWWWW,.......................................................,WWWWWWWWWWWWWWWWWWW
WWWWWWWWWWWWWWWWWWW~,............................T..........................,~WWWWWWWWWWWWWWWWWW
WWWWWWWWWWWWWWWWWWW~W,.........................TTT.........................,W~WWWWWWWWWWWWWWWWWW
WWWWWWWWWWWWWWWWWWWWW,,.............."".......c..TT..T....................,,WWWWWWWWWWWWWWWWWWWW
WWWWWWWWWWWWWWWWWWWW~W,"............."".......TTTTTTT.....................,W~WWWWWWWWWWWWWWWWWWW
WWWWWWWWWWWWWWWWWWWWW~W,""..........""E......TTTTTTTTTT..................,W~WWWWWWWWWWWWWWWWWWWW
WWWWWWWWWWWWWWWWWWWWWWW,,"........""""""......TTTTTT.T..................,,WWWWWWWWWWWWWWWWWWWWWW
WWWWWWWWWWWWWWWWWWWWWW~W,,".....""""""""....p.TTTTT.TT.................,,W~WWWWWWWWWWWWWWWWWWWWW
WWWWWWWWWWWWWWWWWWWWWWWW~,,....""""""""""......TT.TT..................,,~WWWWWWWWWWWWWWWWWWWWWWW
WWWWWWWWWWWWWWWWWWWWWWWWW~,,....""...""""......T..TT.................,,~WWWWWWWWWWWWWWWWWWWWWWWW
WWWWWWWWWWWWWWWWWWWWWWWWWW~,,.....TTT"""............................,,~WWWWWWWWWWWWWWWWWWWWWWWWW
WWWWWWWWWWWWWWWWWWWWWWWWWWWW,,....TTTTT............................,,WWWWWWWWWWWWWWWWWWWWWWWWWWW
WWWWWWWWWWWWWWWWWWWWWWWWWWW~WW,,.TT"TT...........................,,WW~WWWWWWWWWWWWWWWWWWWWWWWWWW
WWWWWWWWWWWWWWWWWWWWWWWWWWWWW~W,,"".TT..........................,,W~WWWWWWWWWWWWWWWWWWWWWWWWWWWW
WWWWWWWWWWWWWWWWWWWWWWWWWWWWWW~WW,,T.......T..................,,WW~WWWWWWWWWWWWWWWWWWWWWWWWWWWWW
WWWWWWWWWWWWWWWWWWWWWWWWWWWWWWWW~~W,,,.TTTT................,,,W~~WWWWWWWWWWWWWWWWWWWWWWWWWWWWWWW
WWWWWWWWWWWWWWWWWWWWWWWWWWWWWWWWWWW~W,,,T............#..,,,,W~WWWWWWWWWWWWWWWWWWWWWWWWWWWWWWWWWW
WWWWWWWWWWWWWWWWWWWWWWWWWWWWWWWWWWWW~W~W,TT,,,,,,,,,,,,,,W~W~WWWWWWWWWWWWWWWWWWWWWWWWWWWWWWWWWWW
WWWWWWWWWWWWWWWWWWWWWWWWWWWWWWWWWWWWWWW~W~WWW,,,,,,,WWW~W~WWWWWWWWWWWWWWWWWWWWWWWWWWWWWWWWWWWWWW
WWWWWWWWWWWWWWWWWWWWWWWWWWWWWWWWWWWWWWWWWWW~W~~W~W~~W~WWWWWWWWWWWWWWWWWWWWWWWWWWWWWWWWWWWWWWWWWW
WWWWWWWWWWWWWWWWWWWWWWWWWWWWWWWWWWWWWWWWWWWWWWWWWWWWWWWWWWWWWWWWWWWWWWWWWWWWWWWWWWWWWWWWWWWWWWWW
WWWWWWWWWWWWWWWWWWWWWWWWWWWWWWWWWWWWWWWWWWWWWWWWWWWWWWWWWWWWWWWWWWWWWWWWWWWWWWWWWWWWWWWWWWWWWWWW
WWWWWWWWWWWWWWWWWWWWWWWWWWWWWWWWWWWWWWWWWWWWWWWWWWWWWWWWWWWWWWWWWWWWWWWWWWWWWWWWWWWWWWWWWWWWWWWW
WWWWWWWWWWWWWWWWWWWWWWWWWWWWWWWWWWWWWWWWWWWWWWWWWWWWWWWWWWWWWWWWWWWWWWWWWWWWWWWWWWWWWWWWWWWWWWWW
WWWWWWWWWWWWWWWWWWWWWWWWWWWWWWWWWWWWWWWWWWWWWWWWWWWWWWWWWWWWWWWWWWWWWWWWWWWWWWWWWWWWWWWWWWWWWWWW
WWWWWWWWWWWWWWWWWWWWWWWWWWWWWWWWWWWWWWWWWWWWWWWWWWWWWWWWWWWWWWWWWWWWWWWWWWWWWWWWWWWWWWWWWWWWWWWW
WWWWWWWWWWWWWWWWWWWWWWWWWWWWWWWWWWWWWWWWWWWWWWWWWWWWWWWWWWWWWWWWWWWWWWWWWWWWWWWWWWWWWWWWWWWWWWWW
WWWWWWWWWWWWWWWWWWWWWWWWWWWWWWWWWWWWWWWWWWWWWWWWWWWWWWWWWWWWWWWWWWWWWWWWWWWWWWWWWWWWWWWWWWWWWWWW
WWWWWWWWWWWWWWWWWWWWWWWWWWWWWWWWWWWWWWWWWWWWWWWWWWWWWWWWWWWWWWWWWWWWWWWWWWWWWWWWWWWWWWWWWWWWWWWW
