name: North Station
theme: arctic
objective: rescue
doctrine: garrison
order: 48
mechanic: a shore with one way up it
brief: They are held at the station above the beach. Walk them back down to the tent.
advice: They are held at the station above the beach. Walk them down. It is downhill, which is the only good news on this map.
tile: 16
---
####################################################################################################################
####################################################################################################################
##################################################################################################################..
################..#####################################################........###################################..
########.##.............###########################################.#..............###############################.#
########...................######################################...#................................############.#.
#######.......................##############.......#########...#....#.....................................########.#
#######..........................................................#.........................................#..######
#######..................................................................................................#i#.iii####
#######................................................................................................#####iii.####
#######.................................................................................................###iiii.####
#######.................................................................................................###..iii####
######..................................................................................................#.i#.iii####
#####.......P...........................................................................ii.i..................i#####
####.P..P..............................................................................iiiiii..................#####
####...................................................................................iiiiii.................i#####
####...........AA......................................................................iiiiii....E.............#####
####...........AA.....................................................................iiii.ii.................######
####........P.c..............T...T.....................................................i......................######
####P..........................T.T...............................................................H............######
####.....P..................TTTTTTT.........p.............................E..................................#######
#####.............p..........TTTT........................iii.i...................p..................H........#######
######..........................T.....................E..iiiiii..............................................#######
######............................E......................iiiiii...............................H..............#######
######..................................................iiii................................................########
######.................E................E................iii...E........o........................H....E.....########
######...........TT.T....................................o.i.................B..............................########
######...........TT.T.......................................................................................########
######i........TTTT..T..............c.......................................................................########
######i........TTTT...................S.....................................................................########
#####ii...........TETi........................................................E..............................#######
#####i..........T...iii......................................................................................#######
#####..............iiiii.....................................................................................#######
#####..............iiiii.....................................................................................#######
####...............iiiii.......#.............................................................................#######
####................iii.......##..........................,,,,,,,,,,.........................................#######
####................iii................................,,,,,,,,,,,,,,,,...........ii..........................######
####................ii...............................,,,,,~~~~~~~~~~,,,,,.........ii..........................######
###................................................,,,,~~~~~~~~~~~~~~~~,,,,,......iii.........................######
###..............................................,,,,~~~~~~~~~~~~~~~~~~~~,,,,,,,,,,i..i.......................######
###................==..........................,,,,~~~~~~~==~~~~~~~~~~~~~~~~,,,,,,,,,,,,,,,,,,,,.==...........######
###....#...........==........................,,,,~~~~~~~~~==WWWWWWWW~~~~~~~~~~~~~~~,,,,,,,,,,,,,,==...........######
~##,,..##..........==...,,,,,,,,,,,.....,,,,,,,~~~~~~~~WWW==WWWWWWWWWWW~~~~~~~~~~~~~~~~~~~~~~~~~,==,,,........######
~~~#,###.#.........==,,,,,,,,,,,,,,,,,,,,,,,,~~~~~~~~WWWWW==WWWWWWWWWWWWW~~~~~~~~~~~~~~~~~~~~~~~~==,,,,,......######
~~~~~##,##,,,,,,,,,==,,,~~~~~~~~~~~,,,,,~~~~~~~~~~~WWWWWWW==WWWWWWWWWWWWWWWW~~~~~~~~~~~~~~~~~~~~~==~~~,,,,,...######
~~~~~~~~,,,,,,,,,,,==~~~~~~~~~~~~~~~~~~~~~~~~~~~~WWWWWWWWW==WWWWWWWWWWWWWWWWWWWWWWW~~~~~~~~~~~~~~==~~~~~,,,,,,######
W~~~~~~~~~~~~~~~~~~==~~~~~~~~~~~~~~~~~~~~~~~~~~WWWWWWWWWWW==WWWWWWWWWWWWWWWWWWWWWWWWWWWWWWWWWWWW~==~~~~~~~~,,,######
WWW~~~~~~~~~~~~~~~~==~~~~~~~~~~~~~~~~~~~~~~~~WWWWWWWWWWWWW==WWWWWWWWWWWWWWWWWWWWWWWWWWWWWWWWWWWWW==~~~~~~~~~~~~##~~~
WWWWW~~~~~~~~~~~~~~==~~~WWWWWWWWWWW~~~~~WWWWWWWWWWWWWWWWWW==WWWWWWWWWWWWWWWWWWWWWWWWWWWWWWWWWWWWW==WWW~~~~~~~~~~~~~~
WWWWWWWW~~~~~~~~~~~==WWWWWWWWWWWWWWWWWWWWWWWWWWWWWWWWWWWWW==WWWWWWWWWWWWWWWWWWWWWWWWWWWWWWWWWWWWW==WWWWW~~~~~~~~~~~~
WWWWWWWWWWWWWWWWWWW==WWWWWWWWWWWWWWWWWWWWWWWWWWWWWWWWWWWWW==WWWWWWWWWWWWWWWWWWWWWWWWWWWWWWWWWWWWW==WWWWWWWW~~~~~~~~~
WWWWWWWWWWWWWWWWWWWWWWWWWWWWWWWWWWWWWWWWWWWWWWWWWWWWWWWWWWWWWWWWWWWWWWWWWWWWWWWWWWWWWWWWWWWWWWWWWWWWWWWWWWWWWWW~~WWW
WWWWWWWWWWWWWWWWWWWWWWWWWWWWWWWWWWWWWWWWWWWWWWWWWWWWWWWWWWWWWWWWWWWWWWWWWWWWWWWWWWWWWWWWWWWWWWWWWWWWWWWWWWWWWWWWWWWW
WWWWWWWWWWWWWWWWWWWWWWWWWWWWWWWWWWWWWWWWWWWWWWWWWWWWWWWWWWWWWWWWWWWWWWWWWWWWWWWWWWWWWWWWWWWWWWWWWWWWWWWWWWWWWWWWWWWW
WWWWWWWWWWWWWWWWWWWWWWWWWWWWWWWWWWWWWWWWWWWWWWWWWWWWWWWWWWWWWWWWWWWWWWWWWWWWWWWWWWWWWWWWWWWWWWWWWWWWWWWWWWWWWWWWWWWW
WWWWWWWWWWWWWWWWWWWWWWWWWWWWWWWWWWWWWWWWWWWWWWWWWWWWWWWWWWWWWWWWWWWWWWWWWWWWWWWWWWWWWWWWWWWWWWWWWWWWWWWWWWWWWWWWWWWW
WWWWWWWWWWWWWWWWWWWWWWWWWWWWWWWWWWWWWWWWWWWWWWWWWWWWWWWWWWWWWWWWWWWWWWWWWWWWWWWWWWWWWWWWWWWWWWWWWWWWWWWWWWWWWWWWWWWW
WWWWWWWWWWWWWWWWWWWWWWWWWWWWWWWWWWWWWWWWWWWWWWWWWWWWWWWWWWWWWWWWWWWWWWWWWWWWWWWWWWWWWWWWWWWWWWWWWWWWWWWWWWWWWWWWWWWW
WWWWWWWWWWWWWWWWWWWWWWWWWWWWWWWWWWWWWWWWWWWWWWWWWWWWWWWWWWWWWWWWWWWWWWWWWWWWWWWWWWWWWWWWWWWWWWWWWWWWWWWWWWWWWWWWWWWW
WWWWWWWWWWWWWWWWWWWWWWWWWWWWWWWWWWWWWWWWWWWWWWWWWWWWWWWWWWWWWWWWWWWWWWWWWWWWWWWWWWWWWWWWWWWWWWWWWWWWWWWWWWWWWWWWWWWW
WWWWWWWWWWWWWWWWWWWWWWWWWWWWWWWWWWWWWWWWWWWWWWWWWWWWWWWWWWWWWWWWWWWWWWWWWWWWWWWWWWWWWWWWWWWWWWWWWWWWWWWWWWWWWWWWWWWW
WWWWWWWWWWWWWWWWWWWWWWWWWWWWWWWWWWWWWWWWWWWWWWWWWWWWWWWWWWWWWWWWWWWWWWWWWWWWWWWWWWWWWWWWWWWWWWWWWWWWWWWWWWWWWWWWWWWW
WWWWWWWWWWWWWWWWWWWWWWWWWWWWWWWWWWWWWWWWWWWWWWWWWWWWWWWWWWWWWWWWWWWWWWWWWWWWWWWWWWWWWWWWWWWWWWWWWWWWWWWWWWWWWWWWWWWW
WWWWWWWWWWWWWWWWWWWWWWWWWWWWWWWWWWWWWWWWWWWWWWWWWWWWWWWWWWWWWWWWWWWWWWWWWWWWWWWWWWWWWWWWWWWWWWWWWWWWWWWWWWWWWWWWWWWW
WWWWWWWWWWWWWWWWWWWWWWWWWWWWWWWWWWWWWWWWWWWWWWWWWWWWWWWWWWWWWWWWWWWWWWWWWWWWWWWWWWWWWWWWWWWWWWWWWWWWWWWWWWWWWWWWWWWW
WWWWWWWWWWWWWWWWWWWWWWWWWWWWWWWWWWWWWWWWWWWWWWWWWWWWWWWWWWWWWWWWWWWWWWWWWWWWWWWWWWWWWWWWWWWWWWWWWWWWWWWWWWWWWWWWWWWW
WWWWWWWWWWWWWWWWWWWWWWWWWWWWWWWWWWWWWWWWWWWWWWWWWWWWWWWWWWWWWWWWWWWWWWWWWWWWWWWWWWWWWWWWWWWWWWWWWWWWWWWWWWWWWWWWWWWW
WWWWWWWWWWWWWWWWWWWWWWWWWWWWWWWWWWWWWWWWWWWWWWWWWWWWWWWWWWWWWWWWWWWWWWWWWWWWWWWWWWWWWWWWWWWWWWWWWWWWWWWWWWWWWWWWWWWW
