name: River Run
theme: jungle
objective: eliminate
doctrine: garrison
order: 2
mechanic: deep water
brief: Deep water cannot be crossed. Take a bridge, and expect it covered.
tile: 16
---
TTTTT....TTT.TTTTTTTTTTTTTTTTTTTTTTTTTTTTTTTTTTTTTTTTTTTT..T...T
TTTTTTTT.TT.....TTTTTTTTTTTTTTTTTTTTTTTTTTTTTTTTTTTTTTTTTT....TT
TTTTTT....TTTT.TTTTTTTTTTTTTTTTTTTTTTTTTTTTTTTTTTTTTTTTTTT.T...T
TTTTTTTTTTT.E.TTT...TTTTTTTTTTTTTTTTTTTTTTTTTTTTTTTTTTTTTTTTTTTT
TTTTTTTTTTT..............TTTTTTTTTTTTTTTTTTTTTTTTTTTTTTTTTTTTTTT
TTTTT.......................TTTTTTTTTTTTTTTTTTTTTTTTTTTTTTTTTTTT
TTTTT..........................TTTTTTTTTTTTTT.......TTTTTTTTTTTT
TTTTT....E.......................................E........TTTTTT
TTTTT.......................T.............................TTTTTT
TTTTT..............E.....T...............................TTTTTTT
TTTTT......................T.T.T.........................TTTTT.T
TTTTT....................TTT..TT...............E.........TTT...T
TTTTT.....................TTTT.T..S.....................TTT...TT
TTTTT.....................TTT...........................TTTTT.TT
TTTTT.....................TT............................TTTTTTTT
TTTTT........................c..............E...........TTTTTTTT
TTTTT...................................................TTTTTTTT
TTTT....................................................TTTTTTTT
TTTT....................................................TTTTTTTT
TTTT....................................................TTTTTTTT
TTTT....................................................TTTTTTTT
TTTT.....................................................TTTTTTT
TTT....................................................TTTTTTTTT
TTTT.................E..............................TT.T.TTTTTTT
TTTT................................................T.TT.TTTTTTT
TTT.................................................TT.TTTTTTTTT
TTT....................T.T.............E............T.T..TTTTTTT
TTT..................TT..T.................TTT......T..TT.TTTTTT
TTTTT.......T.T......TTT.T.................TTTT..........TTTTTTT
TTT..T.....T.....o....TT.TTT..............TTTTT...........TTTTTT
TTTTT.....,T,TT,,....TTTTTTT.............T.TTTT............TTTTT
TTTT....,,~~~~~~~,=T..TT..TT...............T.TT............TTTTT
TTTT..,,~~WWWWWWW~ET.TTTTT...............T.T.TT............TTTTT
TTTTT,~~WWWWWWWWWW==T.TTT...............TTTT.TT............TTTTT
TTTTT~WWWWWWWWWWWW==~ETT................TTTTTT............TTTTTT
TTT~~WWWWWWWWWWWWW==W~,..................T.TT...T..........TTTTT
TT~WWWWWWWWWWWWWWW==WW~,..................TTTT...........TTTTTTT
~~WWWWWWWWWWWWWWWW==WWW~,...............TT...T.........T.TTTTTTT
WWWWWWWWWWWWWWWWWW==WWWW~,...............T..T............T.TTTTT
WWWWWWWWWW~~~~~~~W==WWWWW~,..................o............TTTTTT
WWWWWWWW~~,,,,,,,~==WWWWWW~,.....................E..E...T..TTTTT
WWWWWW~~,,.......,==WWWWWWW~,..............................TTTTT
WWWWW~T,...........=~WWWWWWW~,.............................TTTTT
WWW~~TT.............,~WWWWWWW~,...........E...,,,,,,,,,,...TTTTT
WW~TTTT..............,~WWWWWWW~,,..........,==~~~~~~~~~~,,,TTTTT
~~TTTTT...............,~WWWWWWW~~,,,,.,,,,,~==WWWWWWWWWW~~~~~~T~
TTTTTTT................,~WWWWWWWW~~~~,~~~~~W==WWWWWWWWWWWWWWWW~W
TTTTTTT.................,~WWWWWWWWWWW~WWWWWW==WWWWWWWWWWWWWWWWWW
TTTTTTT..................,~WWWWWWWWWWWWWWWWW==WWWWWWWWWWWWWWWWWW
TTTTTTT...................,~WWWWWWWWWWWWWWWW==WWWWWWWWWWWWWWWWWW
TTTTTT.....................,~WWWWWWWWWWWWWWW==WWWWWWWWWWWWWWWWWW
TTTTTT......................,~WWWWWWWWWWWWWW==WWWWWWWWWWWWWWWWWW
TTTTTT.......................,~WWWWWWWWWWWWW==~~~~~~~~~~WWWWWWWW
TTTTTT........................,~~WWWWWWWWWW~==,,,,,,,,,,~~~~~~W~
TTTTTT.........................,,~~~~W~~~~~,==..........,,,,,T~T
TTTTTT...........................,,,,~,,,,,.........TT.TT....TTT
TTTTTT...............................,.................TTT...TTT
TTTTTTT.............................................T.TTT....TTT
TTTTTTT..............................................TTTT....TTT
TTTTTTT..T.............................................TT...TTTT
TTTTTTT.T.T...........................................T.....TTTT
TTTTTTTTTT............................................TTTT.TTTTT
TTTTTTTTT..T...........................................TT...TTTT
TTTTTTT.T.............................................TTT.TTTTTT
TTTTTTT..TT............................................TT..TTTTT
TTTTTTT....................................................TTTTT
TTTTTTT...................................................TTTTTT
TTTTTTT...................................................TTTTTT
TTTTTTT...................................................TTTTTT
TTTTTTT...................................................TTTTTT
TTTTTTT...................................................TTTTTT
TTTTTT....................................................TTTTTT
TTTTTT...................................................TTTTTTT
TTTTTT...................................................TTTTTTT
TTTTT....................................................TTTTTTT
TTTTT.......T................................T............TTTTTT
TTTTT......T.TT.............................T.T.T.........TTTTTT
TTTT.......TTT.T.............................T.T.T........TTTTTT
TTTT.......TTTT..............P..P............TTT.T........TTTTTT
TTTT.......TTTTTT.............................TTT.........TTTTTT
TTTT......TTTT.........................c.....T..TT........TTTTTT
TTTT.T....................T.P.........TTT.....TT..TTTTTT..TTTTTT
TTT....T...............TTTT...........TTTTTTTTTTTTTTTTTT.TTTTTTT
TTTTTTTT............TTTTTTT.....P..P..TTTTTTTTTTTTTTTTT.T.TTTTTT
TTTTTTTTTTTTTTTTTTTTTTTTTTT...........TTTTTTTTTTTTTT......TTTTTT
TTTTTTTTTTTTTTTTTTTTTTTTTTTT.P.......TTTTTTTTTTTTTTTTTT..TTTTTTT
TTTTTTTTTTTTTTTTTTTTTTTTTTTTT.......TTTTTTTTTTTTTTTTT.T...TTTTTT
TTTTTTTTTTTTTTTTTTTTTTTTTTTTTTTTTTTTTTTTTTTTTTTTTTTTTTTT.TTTTTTT
