name: Salt Pan
theme: desert
objective: collect
doctrine: ambush
order: 38
mechanic: flat, bright and overlooked
brief: Crates scattered across the pan, and nowhere at all to stand out of sight.
tile: 16
---
WWWWWWWWWWWWWWWWWWWWWWWWWWWWWWWWWWWWWWWWWWWWWWWWWWWWWWWWWWWWWWWWWWWWWWWWWWWWWWWWWWWWWWWWWWWWWWWW
WWWWWWWWWWWWWWWWWWWWWWWWWWWWWWWWWWWWWWWWWWWWWWWWWWWWWWWWWWWWWWWWWWWWWWWWWWWWWWWWWWWWWWWWWWWWWWWW
WWWWWWWWWWWWWWWWWWWWWWWWWWWWWWWWWWWWWWWWWWWWWWWWWWWWWWWWWWWWWWWWWWWWWWWWWWWWWWWWWWWWWWWWWWWWWWWW
WWWWWWWWWWWWWWWWWWWWWWWWWWWWWWWWWWWWWWWWWWWWWWWWWWWWWWWWWWWWWWWWWWWWWWWWWWWWWWWWWWWWWWWWWWWWWWWW
WWWWWWWWWWWWWWWWWWWWWWWWWWWWWWWWWWWWWWWWWWWWWWWWWWWWWWWWWWWWWWWWWWWWWWWWWWWWWWWWWWWWWWWWWWWWWWWW
WWWWWWWWWWWWWWWWWWWWWWWWWWWWWWWWWWWWWWWWWWWWWWWWWWWWWWWWWWWWWWWWWWWWWWWWWWWWWWWWWWWWWWWWWWWWWWWW
WWWWWWWWWWWWWWWWWWWWWWWWWWWWWWWWWWWWWWWWWWWWWWWWWWWWWWWWWWWWWWWWWWWWWWWWWWWWWWWWWWWWWWWWWWWWWWWW
WWWWWWWWWWWWWWWWWWWWWWWWWWWWWWWWWWWWWWWWWWWWWWWWWWWWWWWWWWWWWWWWWWWWWWWWWWWWWWWWWWWWWWWWWWWWWWWW
WWWWWWWWWWWWWWWWWWWWWWWWWWWWWWWWWWWWWWWWWWWW~~W~~~W~~WWWWWWWWWWWWWWWWWWWWWWWWWWWWWWWWWWWWWWWWWWW
WWWWWWWWWWWWWWWWWWWWWWWWWWWWWWWWWWWWWWW~W~~WWW,,,,,WWW~~W~WWWWWWWWWWWWWWWWWWWWWWWWWWWWWWWWWWWWWW
WWWWWWWWWWWWWWWWWWWWWWWWWWWWWWWWWWWWW~~WW,,,,,,,,,,,,,,,WW~~WWWWWWWWWWWWWWWWWWWWWWWWWWWWWWWWWWWW
WWWWWWWWWWWWWWWWWWWWWWWWWWWWWWWWWWW~WW,,,,........,...,,"",WW~WWWWWWWWWWWWWWWWWWWWWWWWWWWWWWWWWW
WWWWWWWWWWWWWWWWWWWWWWWWWWWWWWWWWW~W,,,................."",,,W~WWWWWWWWWWWWWWWWWWWWWWWWWWWWWWWWW
WWWWWWWWWWWWWWWWWWWWWWWWWWWWWWWW~~,,,......................,,,,~~WWWWWWWWWWWWWWWWWWWWWWWWWWWWWWW
WWWWWWWWWWWWWWWWWWWWWWWWWWWWWW~WW,,...........................,,WW~WWWWWWWWWWWWWWWWWWWWWWWWWWWWW
WWWWWWWWWWWWWWWWWWWWWWWWWWWWW~W,,...............................,,W~WWWWWWWWWWWWWWWWWWWWWWWWWWWW
WWWWWWWWWWWWWWWWWWWWWWWWWWWW~W,,.................................,,W~WWWWWWWWWWWWWWWWWWWWWWWWWWW
WWWWWWWWWWWWWWWWWWWWWWWWWWW~W,,...................................,,W~WWWWWWWWWWWWWWWWWWWWWWWWWW
WWWWWWWWWWWWWWWWWWWWWWWWWW~W,,..........B..........................,,W~WWWWWWWWWWWWWWWWWWWWWWWWW
WWWWWWWWWWWWWWWWWWWWWWWWWWW,,.......................................,,WWWWWWWWWWWWWWWWWWWWWWWWWW
WWWWWWWWWWWWWWWWWWWWWWWWW~W,.........................................,W~WWWWWWWWWWWWWWWWWWWWWWWW
WWWWWWWWWWWWWWWWWWWWWWWWW~,...................k.......................,~WWWWWWWWWWWWWWWWWWWWWWWW
WWWWWWWWWWWWWWWWWWWWWWWW~,,...........................................,,~WWWWWWWWWWWWWWWWWWWWWWW
WWWWWWWWWWWWWWWWWWWWWWW~W,.............................................,W~WWWWWWWWWWWWWWWWWWWWWW
WWWWWWWWWWWWWWWWWWWWWWWW,,............p..#......E.............E........,,WWWWWWWWWWWWWWWWWWWWWWW
WWWWWWWWWWWWWWWWWWWWWW~W,................###E...........................,W~WWWWWWWWWWWWWWWWWWWWW
WWWWWWWWWWWWWWWWWWWWWW~,,...............,#..............E...............,,~WWWWWWWWWWWWWWWWWWWWW
WWWWWWWWWWWWWWWWWWWWW~W,................,................................,W~WWWWWWWWWWWWWWWWWWWW
WWWWWWWWWWWWWWWWWWWWWWW,............,,..,...,............................,WWWWWWWWWWWWWWWWWWWWWW
WWWWWWWWWWWWWWWWWWWWW~,,............,,..,o,,...................k.........,,~WWWWWWWWWWWWWWWWWWWW
WWWWWWWWWWWWWWWWWWWWW~,............,,,..,,,,,............................,,~WWWWWWWWWWWWWWWWWWWW
WWWWWWWWWWWWWWWWWWWWWW,.............,,,,,,,,,,..........................,,,WWWWWWWWWWWWWWWWWWWWW
WWWWWWWWWWWWWWWWWWWW~W,..............,,,,,,,,"...........................,,W~WWWWWWWWWWWWWWWWWWW
WWWWWWWWWWWWWWWWWWWW~W,...P.........,c,,,,,,.,""""................,,,,...,,W~WWWWWWWWWWWWWWWWWWW
WWWWWWWWWWWWWWWWWWWWW,,..........,P,,,,,,,,.""""",............,,..,,,,,.,,,,WWWWWWWWWWWWWWWWWWWW
WWWWWWWWWWWWWWWWWWWW~,,,..........,,,,,,,,,,...",.............,,,,,,,,,,,,,,~WWWWWWWWWWWWWWWWWWW
WWWWWWWWWWWWWWWWWWWW~,,,P.......P..,,,,,,....................,,,,,,,,,,,,,,,~WWWWWWWWWWWWWWWWWWW
WWWWWWWWWWWWWWWWWWWW~,,.............,.,,......................,,,,,,,,,,,,,,~WWWWWWWWWWWWWWWWWWW
WWWWWWWWWWWWWWWWWWWWW,,..,,..,.......k....,,,..................,,,,,,,,,,,,,WWWWWWWWWWWWWWWWWWWW
WWWWWWWWWWWWWWWWWWWW~W,,,,,,P,...P........,,,.................,,,,,,,,,,,,,W~WWWWWWWWWWWWWWWWWWW
WWWWWWWWWWWWWWWWWWWW~W,,,,,,,,,........................E.....,,,,,,,,,,,,,,W~WWWWWWWWWWWWWWWWWWW
WWWWWWWWWWWWWWWWWWWWWW,,,,,,,,,,.............................,,,,,,,,,,,,,,WWWWWWWWWWWWWWWWWWWWW
WWWWWWWWWWWWWWWWWWWWW~,,,,,,,,,,..............................,,,,E,,,,,#,,~WWWWWWWWWWWWWWWWWWWW
WWWWWWWWWWWWWWWWWWWWW~,,,,,,,,,,...............................,,,,,,,,###,~WWWWWWWWWWWWWWWWWWWW
WWWWWWWWWWWWWWWWWWWWWWW,,,,,,,,,,.,,..........................,,,,,,,,,###WWWWWWWWWWWWWWWWWWWWWW
WWWWWWWWWWWWWWWWWWWWW~W,,,,,,,,,..,,...........E...............,,,,,,,,,,,W~WWWWWWWWWWWWWWWWWWWW
WWWWWWWWWWWWWWWWWWWWWW~,,,,,,,,,................................,..,,,,,,,~WWWWWWWWWWWWWWWWWWWWW
WWWWWWWWWWWWWWWWWWWWWW~W,,,,,,,........p...........................,,,,,,W~WWWWWWWWWWWWWWWWWWWWW
WWWWWWWWWWWWWWWWWWWWWWWW,,,,,,,,............................k......,,,,,,WWWWWWWWWWWWWWWWWWWWWWW
WWWWWWWWWWWWWWWWWWWWWWW~W,,,,,,..............k....E...................,,W~WWWWWWWWWWWWWWWWWWWWWW
WWWWWWWWWWWWWWWWWWWWWWWW~,,,,,,.................c.....................,,~WWWWWWWWWWWWWWWWWWWWWWW
WWWWWWWWWWWWWWWWWWWWWWWWW~,.,,,,.,,,,.................................,~WWWWWWWWWWWWWWWWWWWWWWWW
WWWWWWWWWWWWWWWWWWWWWWWWW~W,,,,,,,,,,,...............................,W~WWWWWWWWWWWWWWWWWWWWWWWW
WWWWWWWWWWWWWWWWWWWWWWWWWWW,,,,,,,,,,,...S..........................,,WWWWWWWWWWWWWWWWWWWWWWWWWW
WWWWWWWWWWWWWWWWWWWWWWWWWW~W,,,,,,,,,,.............................,,W~WWWWWWWWWWWWWWWWWWWWWWWWW
WWWWWWWWWWWWWWWWWWWWWWWWWWW~W,,,,,,,,,............,,,.............,,W~WWWWWWWWWWWWWWWWWWWWWWWWWW
WWWWWWWWWWWWWWWWWWWWWWWWWWWW~W,,,,,,,,...........,,,,............,,W~WWWWWWWWWWWWWWWWWWWWWWWWWWW
WWWWWWWWWWWWWWWWWWWWWWWWWWWWW~W,,,,,,,............,.............,,W~WWWWWWWWWWWWWWWWWWWWWWWWWWWW
WWWWWWWWWWWWWWWWWWWWWWWWWWWWWW~WW,,,,.........................,,WW~WWWWWWWWWWWWWWWWWWWWWWWWWWWWW
WWWWWWWWWWWWWWWWWWWWWWWWWWWWWWWW~~,,,...............,,.....,,,,~~WWWWWWWWWWWWWWWWWWWWWWWWWWWWWWW
WWWWWWWWWWWWWWWWWWWWWWWWWWWWWWWWWW~W,,,,........,..,,,,,,.,,,W~WWWWWWWWWWWWWWWWWWWWWWWWWWWWWWWWW
WWWWWWWWWWWWWWWWWWWWWWWWWWWWWWWWWWW~WW,,,,,....,,,,,,,,,,,,WW~WWWWWWWWWWWWWWWWWWWWWWWWWWWWWWWWWW
WWWWWWWWWWWWWWWWWWWWWWWWWWWWWWWWWWWWW~~WW,,,,,,,,,,,,,,,WW~~WWWWWWWWWWWWWWWWWWWWWWWWWWWWWWWWWWWW
WWWWWWWWWWWWWWWWWWWWWWWWWWWWWWWWWWWWWWW~W~~WWW,,,,,WWW~~W~WWWWWWWWWWWWWWWWWWWWWWWWWWWWWWWWWWWWWW
WWWWWWWWWWWWWWWWWWWWWWWWWWWWWWWWWWWWWWWWWWWW~~W~~~W~~WWWWWWWWWWWWWWWWWWWWWWWWWWWWWWWWWWWWWWWWWWW
WWWWWWWWWWWWWWWWWWWWWWWWWWWWWWWWWWWWWWWWWWWWWWWWWWWWWWWWWWWWWWWWWWWWWWWWWWWWWWWWWWWWWWWWWWWWWWWW
WWWWWWWWWWWWWWWWWWWWWWWWWWWWWWWWWWWWWWWWWWWWWWWWWWWWWWWWWWWWWWWWWWWWWWWWWWWWWWWWWWWWWWWWWWWWWWWW
WWWWWWWWWWWWWWWWWWWWWWWWWWWWWWWWWWWWWWWWWWWWWWWWWWWWWWWWWWWWWWWWWWWWWWWWWWWWWWWWWWWWWWWWWWWWWWWW
WWWWWWWWWWWWWWWWWWWWWWWWWWWWWWWWWWWWWWWWWWWWWWWWWWWWWWWWWWWWWWWWWWWWWWWWWWWWWWWWWWWWWWWWWWWWWWWW
WWWWWWWWWWWWWWWWWWWWWWWWWWWWWWWWWWWWWWWWWWWWWWWWWWWWWWWWWWWWWWWWWWWWWWWWWWWWWWWWWWWWWWWWWWWWWWWW
WWWWWWWWWWWWWWWWWWWWWWWWWWWWWWWWWWWWWWWWWWWWWWWWWWWWWWWWWWWWWWWWWWWWWWWWWWWWWWWWWWWWWWWWWWWWWWWW
WWWWWWWWWWWWWWWWWWWWWWWWWWWWWWWWWWWWWWWWWWWWWWWWWWWWWWWWWWWWWWWWWWWWWWWWWWWWWWWWWWWWWWWWWWWWWWWW
