name: Salt Pan
theme: desert
objective: collect
doctrine: ambush
order: 38
mechanic: flat, bright and overlooked
brief: Crates scattered across the pan, and nowhere at all to stand out of sight.
tile: 16
---
WWWWWWWWWWWWWWWWWWWWWWWWWWWWWWWWWWWWWWWWWWWWWWWWWWWWWWWWWWWWWWWWWWWWWWWWWWWWWWWWWWWWWWWWWWWWWWWW
WWWWWWWWWWWWWWWWWWWWWWWWWWWWWWWWWWWWWWWWWWWWWWWWWWWWWWWWWWWWWWWWWWWWWWWWWWWWWWWWWWWWWWWWWWWWWWWW
WWWWWWWWWWWWWWWWWWWWWWWWWWWWWWWWWWWWWWWWWWWWWWWWWWWWWWWWWWWWWWWWWWWWWWWWWWWWWWWWWWWWWWWWWWWWWWWW
WWWWWWWWWWWWWWWWWWWWWWWWWWWWWWWWWWWWWWWWWWWWWWWWWWWWWWWWWWWWWWWWWWWWWWWWWWWWWWWWWWWWWWWWWWWWWWWW
WWWWWWWWWWWWWWWWWWWWWWWWWWWWWWWWWWWWWWWWWWWWWWWWWWWWWWWWWWWWWWWWWWWWWWWWWWWWWWWWWWWWWWWWWWWWWWWW
WWWWWWWWWWWWWWWWWWWWWWWWWWWWWWWWWWWWWWWWWWWWWWWWWWWWWWWWWWWWWWWWWWWWWWWWWWWWWWWWWWWWWWWWWWWWWWWW
WWWWWWWWWWWWWWWWWWWWWWWWWWWWWWWWWWWWWWWWWWWWWWWWWWWWWWWWWWWWWWWWWWWWWWWWWWWWWWWWWWWWWWWWWWWWWWWW
WWWWWWWWWWWWWWWWWWWWWWWWWWWWWWWWWWWWWWWWWWWWWWWWWWWWWWWWWWWWWWWWWWWWWWWWWWWWWWWWWWWWWWWWWWWWWWWW
WWWWWWWWWWWWWWWWWWWWWWWWWWWWWWWWWWWWWWWWWWWW~~W~~~W~~WWWWWWWWWWWWWWWWWWWWWWWWWWWWWWWWWWWWWWWWWWW
WWWWWWWWWWWWWWWWWWWWWWWWWWWWWWWWWWWWWWW~W~~WWW,,,,,WWW~~W~WWWWWWWWWWWWWWWWWWWWWWWWWWWWWWWWWWWWWW
WWWWWWWWWWWWWWWWWWWWWWWWWWWWWWWWWWWWW~~WW,,,,,,,,,,,,,,,WW~~WWWWWWWWWWWWWWWWWWWWWWWWWWWWWWWWWWWW
WWWWWWWWWWWWWWWWWWWWWWWWWWWWWWWWWWW~WW,,,,........,...,,"",WW~WWWWWWWWWWWWWWWWWWWWWWWWWWWWWWWWWW
WWWWWWWWWWWWWWWWWWWWWWWWWWWWWWWWWW~W,,,................."",,,W~WWWWWWWWWWWWWWWWWWWWWWWWWWWWWWWWW
WWWWWWWWWWWWWWWWWWWWWWWWWWWWWWWW~~,,,......................,,,,~~WWWWWWWWWWWWWWWWWWWWWWWWWWWWWWW
WWWWWWWWWWWWWWWWWWWWWWWWWWWWWW~WW,,...........................,,WW~WWWWWWWWWWWWWWWWWWWWWWWWWWWWW
WWWWWWWWWWWWWWWWWWWWWWWWWWWWW~W,,...............................,,W~WWWWWWWWWWWWWWWWWWWWWWWWWWWW
WWWWWWWWWWWWWWWWWWWWWWWWWWWW~W,,.................................,,W~WWWWWWWWWWWWWWWWWWWWWWWWWWW
WWWWWWWWWWWWWWWWWWWWWWWWWWW~W,,..............E....................,,W~WWWWWWWWWWWWWWWWWWWWWWWWWW
WWWWWWWWWWWWWWWWWWWWWWWWWW~W,,.....................................,,W~WWWWWWWWWWWWWWWWWWWWWWWWW
WWWWWWWWWWWWWWWWWWWWWWWWWWW,,.......................................,,WWWWWWWWWWWWWWWWWWWWWWWWWW
WWWWWWWWWWWWWWWWWWWWWWWWW~W,.........................................,W~WWWWWWWWWWWWWWWWWWWWWWWW
WWWWWWWWWWWWWWWWWWWWWWWWW~,.............B.....k.......................,~WWWWWWWWWWWWWWWWWWWWWWWW
WWWWWWWWWWWWWWWWWWWWWWWW~,,..............................E............,,~WWWWWWWWWWWWWWWWWWWWWWW
WWWWWWWWWWWWWWWWWWWWWWW~W,.............................................,W~WWWWWWWWWWWWWWWWWWWWWW
WWWWWWWWWWWWWWWWWWWWWWWW,,...............#.............................,,WWWWWWWWWWWWWWWWWWWWWWW
WWWWWWWWWWWWWWWWWWWWWW~W,...............E###............................,W~WWWWWWWWWWWWWWWWWWWWW
WWWWWWWWWWWWWWWWWWWWWW~,,..............,,#..............................,,~WWWWWWWWWWWWWWWWWWWWW
WWWWWWWWWWWWWWWWWWWWW~W,................,....,.p.........................,W~WWWWWWWWWWWWWWWWWWWW
WWWWWWWWWWWWWWWWWWWWWWW,............,,..,...,,,..........................,WWWWWWWWWWWWWWWWWWWWWW
WWWWWWWWWWWWWWWWWWWWW~,,............,,..,,,,...................k.........,,~WWWWWWWWWWWWWWWWWWWW
WWWWWWWWWWWWWWWWWWWWW~,............,,,..,,,,,............................,,~WWWWWWWWWWWWWWWWWWWW
WWWWWWWWWWWWWWWWWWWWWW,.............,,,,.,,,,,..........................,,,WWWWWWWWWWWWWWWWWWWWW
WWWWWWWWWWWWWWWWWWWW~W,..............,,c.,,,,"...........................,,W~WWWWWWWWWWWWWWWWWWW
WWWWWWWWWWWWWWWWWWWW~W,...P.........,E.,,.,,.,""""......E.........,,,,...,,W~WWWWWWWWWWWWWWWWWWW
WWWWWWWWWWWWWWWWWWWWW,,..........,P,,,,,..,.""""",............,,..,,,,,.,,,,WWWWWWWWWWWWWWWWWWWW
WWWWWWWWWWWWWWWWWWWW~,,,..........,,,,,,,E,,...",.............,,,,,,,,,,,,,,~WWWWWWWWWWWWWWWWWWW
WWWWWWWWWWWWWWWWWWWW~,,,P.......P..,,,,,,....................,,,,,,,,,,,,,,,~WWWWWWWWWWWWWWWWWWW
WWWWWWWWWWWWWWWWWWWW~,,.............,.,,......................,,,,,,,,,,,,,,~WWWWWWWWWWWWWWWWWWW
WWWWWWWWWWWWWWWWWWWWW,,..,,..,.......k....,,,..................,,,,,,,,,,,,,WWWWWWWWWWWWWWWWWWWW
WWWWWWWWWWWWWWWWWWWW~W,,,,,,P,...P........,,,.................,,,,,,,,,,,,,W~WWWWWWWWWWWWWWWWWWW
WWWWWWWWWWWWWWWWWWWW~W,,,,,,,,,..............................,,,,,,,,,,,,,,W~WWWWWWWWWWWWWWWWWWW
WWWWWWWWWWWWWWWWWWWWWW,,,,,,,,,,.............................,,,,,,,,,,,,,,WWWWWWWWWWWWWWWWWWWWW
WWWWWWWWWWWWWWWWWWWWW~,,,,,,,,,,............................p.,,,,E,,,,,#,,~WWWWWWWWWWWWWWWWWWWW
WWWWWWWWWWWWWWWWWWWWW~,,,,,,,,,,...............................,,,,,,,,###,~WWWWWWWWWWWWWWWWWWWW
WWWWWWWWWWWWWWWWWWWWWWW,,,,,,,,,,.,,..........................,,,,,,,,,###WWWWWWWWWWWWWWWWWWWWWW
WWWWWWWWWWWWWWWWWWWWW~W,,,,,,,,,..,,.......S...................,,,,,,,,,,,W~WWWWWWWWWWWWWWWWWWWW
WWWWWWWWWWWWWWWWWWWWWW~,,,,,,,,,................................,..,,,,,,,~WWWWWWWWWWWWWWWWWWWWW
WWWWWWWWWWWWWWWWWWWWWW~W,,,,,,,.......................E............,,,,,,W~WWWWWWWWWWWWWWWWWWWWW
WWWWWWWWWWWWWWWWWWWWWWWW,,,,,,,,................c...........k......,,,,,,WWWWWWWWWWWWWWWWWWWWWWW
WWWWWWWWWWWWWWWWWWWWWWW~W,,,,,,..............k....E...................,,W~WWWWWWWWWWWWWWWWWWWWWW
WWWWWWWWWWWWWWWWWWWWWWWW~,,,,,,.......................................,,~WWWWWWWWWWWWWWWWWWWWWWW
WWWWWWWWWWWWWWWWWWWWWWWWW~,.,,,,.,,,,.....E...........................,~WWWWWWWWWWWWWWWWWWWWWWWW
WWWWWWWWWWWWWWWWWWWWWWWWW~W,,,,,,,,,,,...............................,W~WWWWWWWWWWWWWWWWWWWWWWWW
WWWWWWWWWWWWWWWWWWWWWWWWWWW,,,,,,,,,,,..............................,,WWWWWWWWWWWWWWWWWWWWWWWWWW
WWWWWWWWWWWWWWWWWWWWWWWWWW~W,,,,,,,,,,.............................,,W~WWWWWWWWWWWWWWWWWWWWWWWWW
WWWWWWWWWWWWWWWWWWWWWWWWWWW~W,,,,,,,,,.........p..,,,.............,,W~WWWWWWWWWWWWWWWWWWWWWWWWWW
WWWWWWWWWWWWWWWWWWWWWWWWWWWW~W,,,,,,,,...........,,,,............,,W~WWWWWWWWWWWWWWWWWWWWWWWWWWW
WWWWWWWWWWWWWWWWWWWWWWWWWWWWW~W,,,,,,,............,.............,,W~WWWWWWWWWWWWWWWWWWWWWWWWWWWW
WWWWWWWWWWWWWWWWWWWWWWWWWWWWWW~WW,,,,.........................,,WW~WWWWWWWWWWWWWWWWWWWWWWWWWWWWW
WWWWWWWWWWWWWWWWWWWWWWWWWWWWWWWW~~,,,...............,,.....,,,,~~WWWWWWWWWWWWWWWWWWWWWWWWWWWWWWW
WWWWWWWWWWWWWWWWWWWWWWWWWWWWWWWWWW~W,,,,........,..,,,,,,.,,,W~WWWWWWWWWWWWWWWWWWWWWWWWWWWWWWWWW
WWWWWWWWWWWWWWWWWWWWWWWWWWWWWWWWWWW~WW,,,,,....,,,,,,,,,,,,WW~WWWWWWWWWWWWWWWWWWWWWWWWWWWWWWWWWW
WWWWWWWWWWWWWWWWWWWWWWWWWWWWWWWWWWWWW~~WW,,,,,,,,,,,,,,,WW~~WWWWWWWWWWWWWWWWWWWWWWWWWWWWWWWWWWWW
WWWWWWWWWWWWWWWWWWWWWWWWWWWWWWWWWWWWWWW~W~~WWW,,,,,WWW~~W~WWWWWWWWWWWWWWWWWWWWWWWWWWWWWWWWWWWWWW
WWWWWWWWWWWWWWWWWWWWWWWWWWWWWWWWWWWWWWWWWWWW~~W~~~W~~WWWWWWWWWWWWWWWWWWWWWWWWWWWWWWWWWWWWWWWWWWW
WWWWWWWWWWWWWWWWWWWWWWWWWWWWWWWWWWWWWWWWWWWWWWWWWWWWWWWWWWWWWWWWWWWWWWWWWWWWWWWWWWWWWWWWWWWWWWWW
WWWWWWWWWWWWWWWWWWWWWWWWWWWWWWWWWWWWWWWWWWWWWWWWWWWWWWWWWWWWWWWWWWWWWWWWWWWWWWWWWWWWWWWWWWWWWWWW
WWWWWWWWWWWWWWWWWWWWWWWWWWWWWWWWWWWWWWWWWWWWWWWWWWWWWWWWWWWWWWWWWWWWWWWWWWWWWWWWWWWWWWWWWWWWWWWW
WWWWWWWWWWWWWWWWWWWWWWWWWWWWWWWWWWWWWWWWWWWWWWWWWWWWWWWWWWWWWWWWWWWWWWWWWWWWWWWWWWWWWWWWWWWWWWWW
WWWWWWWWWWWWWWWWWWWWWWWWWWWWWWWWWWWWWWWWWWWWWWWWWWWWWWWWWWWWWWWWWWWWWWWWWWWWWWWWWWWWWWWWWWWWWWWW
WWWWWWWWWWWWWWWWWWWWWWWWWWWWWWWWWWWWWWWWWWWWWWWWWWWWWWWWWWWWWWWWWWWWWWWWWWWWWWWWWWWWWWWWWWWWWWWW
WWWWWWWWWWWWWWWWWWWWWWWWWWWWWWWWWWWWWWWWWWWWWWWWWWWWWWWWWWWWWWWWWWWWWWWWWWWWWWWWWWWWWWWWWWWWWWWW
