name: Snow Blind
theme: arctic
objective: assassinate
doctrine: ambush
order: 45
mechanic: a corridor, and one man in it
brief: He is somewhere along the pass, and so is everybody guarding him.
tile: 16
---
####################################################################################################################################################
####################################################################################################################################################
########################################################################################################...#########################################
####################################################################################################################################################
#########################################################################################################..#########################################
########################......################################################.#.#######################.#.#########################################
####################.............##############################################........TTT##########################################################
#################.##...##.#........##########################################...#.#....T.T................#...######################################
#######........#.####.##.#.#..........#####################################....###.....................#.#.......###################################
#######.........#....#.#.#.#............#################################.......###........................#.......###################......########
#######..........#..##.###..#.............................#i##########.i#.#######..#.................#.#######........#############.........########
#######....#....#..#####..##...............................####ii.##....###....#.##...................######.............######.............########
########....##.#.##.#.####................................####i#ii.....#i#i##.#........................######.............TTT...............########
########....#####.#.#####..................#...............i####.#..#..i##.###.....................#..###.##.#............T.T...............########
#########....#..ii.#.#.##................#.###..........................###.......................##.....#...#.............T.................#######
####.####....i.iii..###...#...............#.#.....................#......###......................##.........................................#######
####..####...iiii#i.i#...#............E..###...................#....................E...............#........................................#######
###.#...##....iiiiiii.#...................##.................................................................................................#######
.#...#..##....iiiiii......................E...................................................................................................######
####.#..###....i..............................................................................................................................######
####..#####...................................................................................................................................######
#####..................................S..................................................B....................................................#..##
####...........c.....................................................................o..........................................................####
###...P..........................................................................................................................................###
###...........P................................................................................................................................#####
###...............E............................................................................................................................#####
###..................E.........................................................................................................................#####
###..........P...........E........................................................E....ipi.i..................................................######
###P......P...................................c.................o......................iiiiii...............................i....E............######
###...................C................................................................iiiii...............................iiii...............######
####..P........................................ii.....................................iiiiii................................ii...............#######
#####....................E...................iiii..........E..........................iiiiii.................................................#######
##########...................................iiii.......................................iiii...........................................TTT.T.#######
##########..........E........................iiii.......................................ii............................................TTTTT.########
##########..................................iiiiii.................E....................ii.............................................TTTTT########
#########....###.......E....................iiiiii...................................................E................................T.TTT#########
#########.....#.#.................iii......iiiiiiii..............##.............T.T............................###...................iTiTTT#########
#########....####.................iiii......i.iiiii..............#..#.#...........T#..#......................#...#..............#..iiii.Ti##########
#########....#....................iiiii..........ii.............####.#........TTTT#...#.#........................##..........#.i##iiiiii..##########
#########.............................ii..#....................##.##.##.......TTTTT##..#.....................####.T#.#.......#####i#iiii..##########
#########.#..##......#####............#.###.##...................#.##...........T.T.#.####.........#####.......###T.T......#.###.##iiiiii.##########
#########...###...############..........######....................#................######......############...#.##TT#.......######iiiiii..##########
############.#####################....####..#.#...................#.................#..##..###################.#..T.T.......######i...iii###########
#########.########################################..............##........######################################.##.........#.######....i###########
#########.###########################################.............#.....##########################################..........#....i#.......##########
########################################################.............###################################################################..##########
###########################################################.......##################################################################################
###############################################################.####################################################################################
#######################################...###################....#####################################################################.#.###########
######################################..##.###################..######################################################################..#.##########
######################################.....###################...#######################################################################.#.#########
###############################################################.####################################################################################
