name: Snow Blind
theme: arctic
objective: assassinate
doctrine: ambush
order: 45
mechanic: a corridor, and one man in it
brief: He is somewhere along the pass, and so is everybody guarding him.
advice: He is somewhere along the pass and so is everybody guarding him. Work down it and you will find them both.
tile: 16
---
####################################################################################################################################################
####################################################################################################################################################
####################################################################################################################################################
####################################################################################################################################################
####################################################################################################################################################
#####################################################################.......#####################################################################.##
##########........################################################.............#################################################################..##
##########..........############################################...................#############################################....########..#.#.##
##.#######............########################################.#......................i.i.iii.....#########################....................#.#.#
.##########......#.#..#####################################.#..##........................iii..........##################.....................T#T##..
##.#.####.......#.#.##.###...##########..................i...i.####......................iii...........###############.......................TT#TTT#
.#.#######..........####...................................#.#####......................................###########............................T#T##
#..#######......####.###..#........##.......................#.##.##...................................####.####.................................TT.#
#########..........######..........####.....................##.i..#i....................................###.#...................................#.##
#########.........#.##..............##......................i.iii.i....................................#...#.#...................................###
#########TTT.........##.#....................................iiiii........................................#.##...............................##..###
#########T...........#.................i..i..................iiiii...........................................................................####.##
#########T...........................iiiiii..................iiiiii..........................................................................#######
#########............................iiiiii..................iiiiiii........................................................................########
#########..........................i.iiiiii.............#.#.iiiiiiii........TTT.....B...................................................###.########
#########.........................iiE.iiii..............####.iiii.ii.........TT..........E...............................................#.#########
#####.............................ii...iiiS..............#.....i............TT......................................................#.#...##########
####...................................iii...................................T.......................................................#.#.###########
###.....P...P..................................................................p.....E...........T.TTT..............................##..############
###...........c...................................................................................T..................................#..############
###.P....................E...................c.E................................................TTT..T...................................###########
###................................................................E............................TTTTTT...............................E..############
###........P.....p................................................................................T......................................###########
###............i..........E..........................................................o...................................................###########
###......P....iii........................................................................................................................###########
####..........ii.........................................................................................................................###########
#####..P...............C.................................................................................................................###########
######................................................................................................................ii.................###########
######....................E...........................................................................................iii......i.........###########
######................E....................................o.......E..........................##.....................iiiii...iiii..T.....###########
#####..........................................................................................##.......E..........ii.iiiiii..iiiiiTT....###########
#####......................................#..................................................##.##................i..iiiiiii..iiiiT.T....##########
#####...............E....................#.##..........................................#.......#....................i.iiiiiiiii.ii..T...T.##########
#####.................................####.##......................................#.#..............................i##...iiii#i##i...T..###########
#####................................#....##...........###........................#....#.............................##..i.i.###.##....TT#######.#.#
#####................................#.######.#.........##......................##..###.#.#.......................##.#.#######.#.##....T.T######.#.#
#####................................#.#.#######........############............#i#####.##........................#################.......#######.##
######................................#################################.......iii#.#.###......................#.#.##################.......######.##
######..............................#####################################.....iiii###.###.....................###########################..####..###
###############...................##########################################.iiii#i#.##.#.......#...........#####################################.##
###################............###############################################ii.........###########################################################
#######################.....########################################################################################################################
####################################################################################################################################################
##############################################################################################################...###################################
####################################################################################################################################################
####################################################################################################################################################
####################################################################################################################################################
