name: Swim For It
theme: arctic
objective: reach
doctrine: ambush
order: 17
mechanic: water as a route you pay for
brief: One bridge and it is covered. The channel will take you anywhere else, slowly, and you cannot shoot while in it.
tile: 16
---
################################################################################################
################################################################################################
################################################################################################
################################################################################################
######################################..........################################################
##################################...................###########################################
#################...########..........................................TT########################
########.............................................................TTTTTTT.##########....#####
#####..............TTTTT.............................................TTTTTTT....AA.........#####
#####............TTTTTTT............................................TTTTTTTTT...AA.........#####
#####............TTTTTTTT.........................E.................TTTTTTTTT..............#####
#####...........TTTTTTTTT...........................................TTTTTTTTT..............#####
#####...........TTTTTTTTE...............E...........................TTTTTTTT...............#####
#####...........TTTTTTTTT............................................TTTTTTT..............######
#####...........TTTTTTTTT.................................E..........TTTTT................######
#####............TTTTTTT..........i.......................................................######
#####..............TTT....E.....iiiii.................................E...................######
####...........................iiEiiii...................................................#######
####...........................iiiiiii........E.......................................E..#######
####..........................iiiiiiiii..................................................#######
####..........................Biiiiiiii..................................................#######
####..........................iiiiiiiii.................................................########
####..........................iiiiiiii................S.........E...........,,,,,,,,,,,,,,,#####
####...........................iiiiiii...........................,,,,,,,,,,,,,,,,,,,,,,,,,,#####
#####..........................iiiii...................,,,,,,,,,,,,,,,,,,,S,~~~~~~~~~~~~~~~#####
#####,,,,,,,,,,,,...........................,,,,,,,,,,,,,,,,,,,,,~~~~~~~~~~~~~~~~~~~~~~~~~~#####
#####,,,,,,,,,,,,,,,,,,,,,,,==,,,,o,,,,,,,,,,,,,,,,,,,,~~~~~~~~~~~~~~~~~~~~~WWWWWWWWWWWWWWW#####
#####~~~~~~~~~~~~,,,,,,,,,,,==,,,,,,,,,,,,,,~~~~~~~~~~~~~~~~~~~~~WWWWWWWWWWWWWWWWWWWWWWWWWW#####
#####~~~~~~~~~~~~~~~~~~~~~~~==~~~~~~~~~~~~~~~~~~~~~~~~~WWWWWWWWWWWWWWWWWWWWWWWWWWWWWWWWWWWW#####
#####WWWWWWWWWWWW~~~~~~~~~~~==~~~~~~~~~~~~~~WWWWWWWWWWWWWWWWWWWWWWWWWWWWWWWWWWWWWWWWWWWWWWW#####
#####WWWWWWWWWWWWWWWWWWWWWWW==WWWWWWWWWWWWWWWWWWWWWWWWWWWWWWWWWWWWWWWWWWWWWWWWWWWWWWWWWWWWW#####
#####WWWWWWWWWWWWWWWWWWWWWWW==WWWWWWWWWWWWWWWWWWWWWWWWWWWWWWWWWWWWWWWWWWWWWWWWWWWWWWWWWWWWW#####
#####WWWWWWWWWWWWWWWWWWWWWWW==WWWWWWWWWWWWWWWWWWWWWWWWWWWWWWWWWWWWWWWWWWWWWWWWWWWWWWWWWWWWW#####
#####WWWWWWWWWWWWWWWWWWWWWWW==WWWWWWWWWWWWWWWWWWWWWWWWWWWWWWWWWWWWWWWWWWWWWWWWWWWWWWWWWWWWW#####
#####WWWWWWWWWWWWWWWWWWWWWWW==WWWWWWWWWWWWWWWWWWWWWWWWWWWWWWWWWWWWWWWWWWWWWWWWWWWWWWWWWWWWW#####
#####WWWWWWWWWWWWWWWWWWWWWWW==WWWWWWWWWWWWWWWWWWWWWWWWWWWWWWWWWWWWWWWWWWWWWW~~~~~~~~~~~~~~~#####
#####WWWWWWWWWWWWWWWWWWWWWWW==WWWWWWWWWWWWWWWWWWWWWWWWWWWWWWWWWWW~~~~~~~~~~~~~~~~~~~~~~~~~~#####
#####WWWWWWWWWWWWWWWWWWWWWWW==WWWWWWWWWWWWWWWWWWWWWWWWW~~~~~~~~~~~~~~~~~~~~~,,,,,,,,,,,,,,,#####
#####~~~~~~~~~~~~WWWWWWWWWWW==WWWWWWWWWWWWWW~~~~~~~~~~~~~~~~~~~~~,,,,,,,,,,,,,,,,,,,,,,,,,,#####
#####~~~~~~~~~~~~~~~~~~~~~~~==~~~~~~~~~~~~~~~~~~~~~~~~~,,,,,,,,,,,,,,,,,,,,,..............######
#####,,,,,,,,,,,,~~~~~~~~~~~==~~~~~~~~~~~~~~,,,,,,,,,,,,,,,,,,,,,.........................######
#####,,,,,,,,,,,,,,,,,,,,,,,==,,,,,,,,,,,,,,,,,,,,,,,,,...................................######
#######......iiii,,,,,,,,,,,==,,,,,,,,,,,,,,...................iiiii......................######
#######.......iiii...........................................iiiiiii......................######
#######........ii............................................iiiiiiii.....................######
#######.....................................................iiiiiiiii.....................######
#######.............c.......................................iiiiiiiii.....................######
#######.....................................................iiiiiiiii.....................######
#######.....................................................iiiiiiiii.....................######
#######........P.............................................iiiiiii......................######
#######.....P.....P......TTTT..................................iii........................######
#######................TTTTTTTT...........................................................######
#######.......P.......TTTTTTTTT.............................c.............................######
#######....P.....P....TTTTTTTTT............................................TTTT...........######
#######...............TTTTTTTTT..........................................TTTTTTT...........#####
#######...............TTTTTTTTT..........................................TTTTTTT...........#####
#######...............TTTTTTTTT.....................................#####TTTTTTTT..........#####
#######................TTTTTTT...............#################################TTT..........#####
##############.######....TTT.............#########################################.........#####
###########################.........############################################################
################################################################################################
################################################################################################
################################################################################################
################################################################################################
