name: Swim For It
theme: arctic
objective: reach
doctrine: ambush
order: 17
mechanic: water as a route you pay for
brief: One bridge and it is covered. The channel will take you anywhere else, slowly, and you cannot shoot while in it.
tile: 16
---
################################################################################################
################################################################################################
################################################################################################
################################################################################################
######################################..........################################################
##################################..hh....hh....hh...###########################################
#################...########........hh....hh....hh....................TT########################
########.............................................................TTTTTTT.##########....#####
#####..............TTTTT....................E........................TTTTTTT....AA.........#####
#####............TTTTTTT............................................TTTTTTTTT...AA.........#####
#####............TTTTTTTT.........................E.......E.........TTTTTTTTT..............#####
#####...........TTTTTTTTT...............E...........................TTTTTTTTT..............#####
#####...........TTTTTTTTE...............E...........................TTTTTTTT...............#####
#####...........TTTTTTTTT.....................E.p........p........p..TTTTTTT..............######
#####...........TTTTTTTTT...............E.................E..........TTTTT................######
#####............TTTTTTT..........i.................E.....................................######
#####..............TTT....E.....iiiii.................................E...................######
####...........................iiEiiii...................E...............................#######
####...........................iiiiiii........E.......................................E..#######
####..........................iiiiiiiii...E..............................................#######
####..........................Biiiiiiii..................................................#######
####..........................iiiiiiiii.....................E...........................########
####..........................iiiiiiii................S.........E...........,,,,,,,,,,,,,,,#####
####...........................iiiiiii......E.p........p........p,,,,,,,,,,,,,,,,,,,,,,,,,,#####
#####..........................iiiii...................,,,,,,,,,,,,,,,,,,,S,~~~~~~~~~~~~~~~#####
#####,,,,,,,,,,,,...........................,,,,,,,,,,,,,,,,,,,,,~~~~~~~~~~~~~~~~~~~~~~~~~~#####
#####,,,,,,,,,,,,,,,,,,,,,,,==,,,,o,,,,,,,,,,,,,,,,,,,,~~~~~~~~~~~~~~~~~~~~~WWWWWWWWWWWWWWW#####
#####~~~~~~~~~~~~,,,,,,,,,,,==,,,,,,,,,,,,,,~~~~~~~~~~~~~~~~~~~~~WWWWWWWWWWWWWWWWWWWWWWWWWW#####
#####~~~~~~~~~~~~~~~~~~~~~~~==~~~~~~~~~~~~~~~~~~~~~~~~~WWWWWWWWWWWWWWWWWWWWWWWWWWWWWWWWWWWW#####
#####WWWWWWWWWWWW~~~~~~~~~~~==~~~~~~~~~~~~~~WWWWWWWWWWWWWWWWWWWWWWWWWWWWWWWWWWWWWWWWWWWWWWW#####
#####WWWWWWWWWWWWWWWWWWWWWWW==WWWWWWWWWWWWWWWWWWWWWWWWWWWWWWWWWWWWWWWWWWWWWWWWWWWWWWWWWWWWW#####
#####WWWWWWWWWWWWWWWWWWWWWWW==WWWWWWWWWWWWWWWWWWWWWWWWWWWWWWWWWWWWWWWWWWWWWWWWWWWWWWWWWWWWW#####
#####WWWWWWWWWWWWWWWWWWWWWWW==WWWWWWWWWWWWWWWWWWWWWWWWWWWWWWWWWWWWWWWWWWWWWWWWWWWWWWWWWWWWW#####
#####WWWWWWWWWWWWWWWWWWWWWWW==WWWWWWWWWWWWWWWWWWWWWWWWWWWWWWWWWWWWWWWWWWWWWWWWWWWWWWWWWWWWW#####
#####WWWWWWWWWWWWWWWWWWWWWWW==WWWWWWWWWWWWWWWWWWWWWWWWWWWWWWWWWWWWWWWWWWWWWWWWWWWWWWWWWWWWW#####
#####WWWWWWWWWWWWWWWWWWWWWWW==WWWWWWWWWWWWWWWWWWWWWWWWWWWWWWWWWWWWWWWWWWWWWW~~~~~~~~~~~~~~~#####
#####WWWWWWWWWWWWWWWWWWWWWWW==WWWWWWWWWWWWWWWWWWWWWWWWWWWWWWWWWWW~~~~~~~~~~~~~~~~~~~~~~~~~~#####
#####WWWWWWWWWWWWWWWWWWWWWWW==WWWWWWWWWWWWWWWWWWWWWWWWW~~~~~~~~~~~~~~~~~~~~~,,,,,,,,,,,,,,,#####
#####~~~~~~~~~~~~WWWWWWWWWWW==WWWWWWWWWWWWWW~~~~~~~~~~~~~~~~~~~~~,,,,,,,,,,,,,,,,,,,,,,,,,,#####
#####~~~~~~~~~~~~~~~~~~~~~~~==~~~~~~~~~~~~~~~~~~~~~~~~~,,,,,,,,,,,,,,,,,,,,,..............######
#####,,,,,,,,,,,,~~~~~~~~~~~==~~~~~~~~~~~~~~,,,,,,,,,,,,,,,,,,,,,.........................######
#####,,,,,,,,,,,,,,,,,,,,,,,==,,,,,,,,,,,,,,,,,,,,,,,,,...................................######
#######......iiii,,,,,,,,,,,==,,,,,,,,,,,,,,...................iiiii......................######
#######.......iiii...........................................iiiiiii......................######
#######........ii............................................iiiiiiii.....................######
#######.....................................................iiiiiiiii.....................######
#######.............c.......................................iiiiiiiii.....................######
#######.....................................................iiiiiiiii.....................######
#######.....................................................iiiiiiiii.....................######
#######........P.............................................iiiiiii......................######
#######.....P.....P......TTTT..................................iii........................######
#######................TTTTTTTT...........................................................######
#######.......P.......TTTTTTTTT.............................c.............................######
#######....P.....P....TTTTTTTTT............................................TTTT...........######
#######...............TTTTTTTTT..........................................TTTTTTT...........#####
#######...............TTTTTTTTT..........................................TTTTTTT...........#####
#######...............TTTTTTTTT.....................................#####TTTTTTTT..........#####
#######................TTTTTTT...............#################################TTT..........#####
##############.######....TTT.............#########################################.........#####
###########################.........############################################################
################################################################################################
################################################################################################
################################################################################################
################################################################################################
