name: Test Range
theme: jungle
objective: eliminate
doctrine: garrison
order: 99
mechanic: everything at once
brief: Dev only. One of everything, for looking at rather than winning.
dev: true
tile: 16
---
##################################################################
#..............,,,,,,,,,,~~~~~~iiiiiiii%%%%%%....................#
#..............,,,,,,,,,,~~~~~~iiiiiiii%%%%%%....................#
#..............,,,,,,,,,,~~~~~~iiiiiiii%%%%%%....................#
#..............,,,,,,,,,,~~~~~~iiiiiiii%%%%%%...hh....FFF........#
#..............,,,,,,,,,,~~~~~~iiiiiiii%%%%%%*..hh....FFF........#
#.........c....,,,,,,,,,,~~~~~~iiiiiiii%%%%%%.........FFF........#
#..............,,,,,,,,,,~~~~~~iiiiiiii%%%%%%................#...#
#..............,,,,,,,,,,~~~~~~iiiiiiii%%%%%%................##..#
#..............,,,,,,,,,,~~~~~~iiiiiiii%%%%%%...............##...#
#..............,,,,,,,,,,~~~~~~iiiiiiii%%%%%%................S...#
#..............,,,,,,,,,,~~~~~~iiiiiiii%%%%%%*...................#
#..............,,,,,,,,,,~~WW~~iiiiiiii%%%%%%...AA......."#......#
#..............,,,,,,,,,,~~WW~~iiiiiiii%%%%%%...AA...............#
#..............,,,,,,,,,,~~WW~~iiiiiiii%%%%%%...o......B.........#
...............,,,,,,,,,,~~WW~~iiiiiiii%%%%%%....................#
#..............,,,,,,,,,,~~WW~~iiiiiiii%%%%%%*...................#
#..............,,,,,,,,,,~~WW~~iiiiiiii%%%%%%....................#
#..............,,,,,,,,,,~~~~~~iiiiiiii%%%%%%.o..................#
#......P.......,,,,,,,,,,~~~~~~iiiiiiii%%%%%%....................#
#..............,,,,,,,,,,======iiiiiiii%%%%%%....................#
#........P.....,,,,,,,,,,======iiiiiiii%%%%%%....E..........H....#
#..............,,,,,,,,,,~~~~~~iiiiiiii%%%%%%*...................#
#..............,,,,,,,,,,~~~~~~iiiiiiii%%%%%%....................#
#..............,,,,,,,,,,~~~~~~iiiiiiii%%%%%%....................#
#..............,,,,,,,,,,~~~~~~iiiiiiii%%%%%%...........E........#
#..P........P..,,,,,,,,,,~~~~~~iiiiiiii%%%%%%........T.TT........#
#.....P........,,,,,,,,,,~~~~~~iiiiiiii%%%%%%........T.TT........#
#.........P....,,,,,,,,,,~~~~~~iiiiiiii%%%%%%..........TT........#
####.......##############.########################################
