name: The Quarry
theme: desert
objective: demolish
doctrine: garrison
order: 39
mechanic: terraces and dead ground
brief: They work the pit from the rim. Level what they built and get out.
tile: 16
---
################################################################################################################
################################################################################################################
################################################################################################################
################################################################################################################
################################################################################################################
################################################################################################################
################################################################################################################
################################################################################################################
################################################################################################################
################################################################################################################
################################################################################################################
################################################################################################################
################################################################################################################
################################################################################################################
################################################################################################################
################################################################################################################
################################################################################################################
################################################################################################################
################################################################################################################
################################################################################################################
################################################################################################################
################################################################################################################
################################################################################################################
################################################################################################################
################################################################################################################
################################################################################################################
################################################################################################################
####..P....##################################################################################################.##
##..........############################################...################################################...##
##,........P.####################################.."""",,,,,#############################################.....##
##........,..#################################",..",",...,,,,,#########################################.......##
##,....,.,,,,###############################.......,,,,,hh,,,,,,######################################,.,,,...##
##,.....,.P,,,,###########################........E,,,,,hh,E,,,,,###################################....,,,,..##
##.......,.,,,,,########################......,,.,,,,,,,,,,,,,,,,,,################################,,,.....,..##
##..P.....,,P,,..,,###################.......,,,,,,,,,,,,,,,,,,,,,,,##########################....,,,,,...,...##
##........,,,,,,....,##############..........,,.,,,,,,,o,...,#,.,,,,,,#######################.....,,,,,,,.,,.###
###......,,,..,c.....""E.######..................,,,,,##...######,,,,,..###...##############......,,,,,#.#######
####....P.,.............."".....................,.,################,...........############...hh....#,##########
#######".........p................E....E.......,.###################,#E.........###########.,Ehh....############
#######"""...........................hh..c.....#########################...hh,E..########..,,.,,....############
###########.......hh.................hh....,,.##########################...hh,...,B,.....,,........#############
###########.......hh.......................#############################..........,,,....,,#E.....##############
#############...........##.........S......###############################.......#####.,.,#####...###############
###############.........#.................################################.....#################################
###############.........,,..............###################################...##################################
#################......E,,.............#########################################################################
###################..%,,,,,,..........##########################################################################
#####################.%,,,,,..,,...#############################################################################
######################,,,,,,.,,,################################################################################
#########################,,.,,,#################################################################################
################################################################################################################
################################################################################################################
################################################################################################################
################################################################################################################
################################################################################################################
################################################################################################################
################################################################################################################
################################################################################################################
################################################################################################################
################################################################################################################
################################################################################################################
################################################################################################################
################################################################################################################
################################################################################################################
