name: The Cistern
theme: desert
objective: rescue
doctrine: garrison
order: 43
mechanic: a compound wound inward
brief: They are held at the middle of it, and every turn of the spiral is watched.
tile: 16
---
########################################################################################
###################################################################.####################
###################################################################.####################
##################################################################..####################
#############################,,,,,%#####################################################
#########################...,,,,,,##.,#,.###############################################
###################...,......,,,#.##.,,,.............###################################
#######....................,,,,,,.,,,,,,........................########################
#######....................,,,,...,,,,,,,.,.......................,..,#####,,,,#########
#######.....................,,.....,,++++,+++++.++++..................,,,,,,,,,,########
#######......................,,,.+++..,,,............+++...............,,,,,,,,,########
#######..................,,..,.++.,,..................,.++.............,,,,,,,,,########
#######............,,...,,,,+.+.,...................,,....+.+.........,%,,,,,,,,########
#######............,,...,,++...,.,.................,,,.......++.......,.,,%,..,.########
#######...........,,,,,,,+,,,...,,............,,,,.,,,,,.......+.........%...,,,########
#######............,,,,++,,,,.................,,,,,,,,,,........++...........,,,########
#######...........,..,+.,,,,,,...............,,,E,,,,,,H..........+....%%....,,,,#######
#######......"""".,,.+,,,,,,,,...........,...,,,,,,,,,.............+......%...,.,#######
#######......""""..++,,,,,,,,,,,........,,....,,,,,,,,..............++...........#######
#######.......""."+..,,,,,,,,,,,.......+++++++++,,,,H.,H..............+..........#######
#######..........,+...,,,,,,,,,....++++,....,.,,,,,,,..,,,............+..........#######
#######.........,+,....,,,,,,,,..+++........,,,,,,,,,,,,,,.............+.........#######
#######.........+,,,....,,,,,,.++..........,,,,,E,,,,,,H................+........#######
#######........+.........,..,,++............,,,,,,,,,,,,.................+.......#######
##########.....+............,+.............,,,,,,,,,,,,,,,...............+......,#######
######..##....+............++.........##.#.,,,,,,,,,,,,,,,,...............+.....,#######
######.......+.............+,.........,####,,,,,,,,,,,,,,,,................+...,,#######
######.......+....,,..,..++...........###..,,,,,,,,,,,,,,,,,...............+,,,.########
######......+....,,,,,,,.+...............,....,,,,,,,,,,,,,,,..............,+,,,########
#####.............,,,,,,+,...............+++++++,,,,,,,,,,,,,..............,.,,,,#######
#####.......+.....,,,,,+,,,...........++++,.,,.++++,.,,,,,,,,....+..........+.,,,#######
#####......+...E...,,,++,,,,........+++,,,,,,,,..,+++.,..,,,.....++..........+,,,#######
#####.,,,,.+........,,+,,,,,.......++,,,,,,,,,,,,,,.++,...,.......+..........+,,,,######
####,,,,,,+........,,+,,p,,.......+.,.,,,,,,,,,,,,,...+,...........+.......,,.+,,,######
##,#,,,,,.+........,,+.,,,,......+.....,,.,,,,,,,,.....+...........+.......,,,+,,,######
.#,,,,,,,,+.......B.++,,,,.,,...+......,...,,,,,,.......+.,........++......,,,+,,,######
##.,,,,,,.,,........+,.,,,,.,..++....,,,,.,,,,,,........++.,.....,,.+,....."",,,,,,#####
##,,,,,,.+.,..E.....+,.,,......+....,,,,,,,,,,,,,,,,.....+,..,,.,,,.+....."""""+,,,#####
####,,,,,+,,,.......+..o.......+.....,,,,,,,,,,,,,,,.....++..,,,,,..+,.....,"",+.,,#####
####.,,,,+,,,......+..........."".....,,,E.,,,,,,,........+,,,,,,,,.,+,........+,,,#####
####.,,,.+,,,......+"......."""".......,,.,.,.,...........+,,,,,,,,,,+.........+,,.#####
####,,,,,,,,,......+"..""..."""".......,,,...,...........,++,,,,,,...+.............#####
#####,,,,+,,,......+"."""".""""..................E........,+,,,,,,...+.........+...,####
#####,,,,+,,,......+"".""...""""...........................+..,,,....+,........+...#####
#####,,,,+,,,,,....+...""....""...........................,+...,,....+.........+...#####
######,,,+,,,,,....+.......................................+..,,....,+........,+..,,####
######,,,+,,,......+.......................................+,........+.........+..,,####
######,,,,,,.......+......................................++.........+............,,####
######,,,+,,.......+......................................+..........+...##....+..,,####
######...+,,,,.....+......................p...............+..........+...##....+,.,,####
######.,,+.,,,,.....+..........+.........................++.........+..S..#...,+,,.#####
######,,.+..,,,.....+..........+.........................+..........+..........+,,,#####
######%.............+..........++.......................++..........+...........,,,#####
#######...+.........++..........+.......................+..........++..c......+..,,#####
#######...+..........+...........+.....................+...........+.........,+....#####
#.#####...+..........+............+...................+.........E..+..........+,,,######
#######....+..........+............++...............++............+..........+,.,.######
##.#####...+..........++............+++...........+++............++...E..###.+,...######
..#####.....+..........+..............++++.....++++..............+........##+,,..,######
.#.######...............+................+++++++................+...........,.,...######
.######.#...+............+.,...................................+............+..,,,######
#######......+..#......,.++,,..,..............................++...........+....,.######
#######......+..##....,,,,.+.,,,,............................+.............+...,,#######
#######.......+#.#....,,,,,++.,,,,,.........................++............+.....,#######
#######........+......,,,,,,,+,,,,,,.......................+.............+......,,######
#######........+.......,,,,,,,++,,,,,............".......++..............+......,,######
#######.........+......,,,,,,,,++,,,..........."""".....++.....................,,,######
#######..........+.....,,,,,,,,,,+++..........."""...+++........................,,######
########..........+...,,,,,,,,,,,..++++..E....."""++++.........................,,,######
########..........+,,,,,,,,,,,,,,.,,...+++++++++++""..........................,,,,######
########..........,++.,,,,,,,,,,#,....E......,,,,..............................,,.######
########.............+,,,,,,.###,o........,,,.,,.................................#######
########,....,........+,,,,,#####......,,,,,,.,,,................................#######
#########....,,,...,,.,++,,..,,#.....,,,,,,,..,,,................................#######
#########,,,,,,,...",..,,+,.,,,,...,,,,,,,,..,,,,................................#######
#########,,,,,..,,..".,,,,++,,,,.,,.,,,,,,,,,,,,,..........................""....#######
#########,,,,,..,,"""""",,,,+,+.##,..,,,,,,,,,............................"""....#######
#########,,,,,,,.,,""""",,,,,,,++,..,,,,,,,,,,............................."""..########
#########,,,,,,,.."""",,,,,,,,,,.+++,,,..,P,,,............................""""".########
##########,,,,,,,","",,,,,,,,,,.....,++++.+++++P..............#......##.""""""".########
########.###,,,,,.",.,,,,,,,,,............,...,...AA.....c.#.################"."########
########,####,,,.,...,...,,,,,,..........,,.......AA.....###############################
#######################..,,,,,,,,....,..P.,............####..###########################
##.########################,...,,,.####................####..###########################
,...###################################...P.....P.....####....##########################
...#####################################.........##.########.###########################
.#.######################################...P...########################################
########################################################################################
