name: The Quarry
theme: desert
objective: demolish
doctrine: garrison
order: 39
mechanic: terraces and dead ground
brief: They work the pit from the rim. Level what they built and get out.
advice: They work the pit from the rim. Level what they built and get out before somebody asks you to fill the hole in.
tile: 16
---
################################################################################################################
################################################################################################################
################################################################################################################
################################################################################################################
################################################################################################################
################################################################################################################
################################################################################################################
################################################################################################################
################################################################################################################
################################################################################################################
################################################################################################################
################################################################################################################
################################################################################################################
################################################################################################################
################################################################################################################
################################################################################################################
################################################################################################################
################################################################################################################
################################################################################################################
################################################################################################################
################################################################################################################
################################################################################################################
################################################################################################################
################################################################################################################
################################################################################################################
################################################################################################################
################################################################################################################
####..P....##################################################################################################.##
##..........############################################...################################################...##
##,........P.####################################.."""",,,,,#############################################.....##
##........,..#################################",..",",...,,,,,#########################################.......##
##,....,.,,,,###############################.......,,,E,hh,,,,,,######################################,.,,,...##
##,.....,.P,,,,###########################........E,,,,,hh,,,,,,,###################################....,,,,..##
##.......,.,,,,,########################......,,.,,,,,,,,,,,,o,,,,,################################,,,.....,..##
##..P.....,,P,,..,,###################.......,,,,,,,,,,,,,,,,,,,,,,,##########################....,,,,,...,...##
##........,,,,,,c,..,##############......E...,,.,,,,,,,,,...,#,.,,,,,,#######################.....,,,,,,,.,,.###
###......,,,..,,...p.""..######..................,,,,,##...######,,,,,..###...##############......,,,,,#.#######
####....P.,.............."".....................,.,################,...........############...hh....#,##########
#######".......................................,.###################,#E.........###########.,EhhE...############
#######"""...........................hh........#########################...hhE...########..,,.,,....############
###########.......hh.............S...hh....,,.##########################...hh,...B,,.....,,........#############
###########.......hh......E................#############################..........,,,....,,#,.....##############
#############...........##................###############################.......#####.,.,#####...###############
###############.........#.........c...E...################################.....#################################
###############........E,,..............###################################...##################################
#################.......,,.............#########################################################################
###################..%,,,,,,..........##########################################################################
#####################.%,,,,,..,,...#############################################################################
######################,,,,,,.,,,################################################################################
#########################,,.,,,#################################################################################
################################################################################################################
################################################################################################################
################################################################################################################
################################################################################################################
################################################################################################################
################################################################################################################
################################################################################################################
################################################################################################################
################################################################################################################
################################################################################################################
################################################################################################################
################################################################################################################
################################################################################################################
################################################################################################################
