name: The Crevasse
theme: arctic
objective: collect
doctrine: hunters
order: 47
mechanic: a split you cannot cross
brief: Supplies down both sides of a gap, and they will come round it faster than you.
tile: 16
---
################################################################################################################################
################################################################################################################################
################################################################################################################################
################################################################################################################################
################################################################################################################################
################################################################################################################################
################################################################################################################################
################################################################################################################################
################################################################################################################################
################################################################################################################################
################################################################################################################################
################################################################################################################################
################################################################################################################################
################################################################################################################################
################################################################################################################################
################################################################################################################################
################################################################################################################################
################################################################################################################################
################################################################################################################################
################################################################################################################################
################################################################################################################################
################################################################################################################################
################################################################################################################################
################################################################################################################################
#################################################################################################################.....##########
####.......##################################################################################################.............######
##..........####################################......TT.,#################################################.................####
##........P..################################..........TTTT,.############################################....E......#.........##
##...P.....,.#############################.............TTTT...E.#######################################............#..#.......##
##.......,,,..###########################...........T.TT,TT.......###################################.....k........#.##.......##
##.......P,,,...#######################..k.............T,TT........#################################.................#........##
##..........P......##################..................T.............##############################...........................##
##...................#############.......................#..k..........##########################............E................##
##.P........c..............###........................############.E....########################.............##..#............##
###....P.......................................E.c.################.......####################i........#.#############........##
####...............E....E.......................#######################.....#################i......##################........##
#########...............................E......#########################......#############.i......#######################....##
########.#..................................S#############################.........####.Eii.....##########################....##
###########................................###################################..E..k.....iiiii##############################..##
############.............k................#########################################.......i#.###################################
##############...........................############################################..#########################################
###############..p.....................#########################################################################################
################.......................#########################################################################################
###################..................###########################################################################################
#####################.............##############################################################################################
######################..........################################################################################################
###########################.i.##################################################################################################
################################################################################################################################
################################################################################################################################
################################################################################################################################
################################################################################################################################
################################################################################################################################
################################################################################################################################
################################################################################################################################
################################################################################################################################
################################################################################################################################
################################################################################################################################
################################################################################################################################
################################################################################################################################
################################################################################################################################
