name: The Drum
theme: jungle
objective: demolish
doctrine: hunters
order: 36
mechanic: a compound to get into
brief: Everything worth levelling is inside the wire, and they will not wait for you.
tile: 16
---
TTTTTTTTTTTTTTTTTTTTTTTTTTTTTTTTTTTTTTTTTTTTTTTTTTTTTTTTTTTTTTTTTTTTTTTTTTTTTTTTTTTTTTTTTTTT
TTTTTTTTTTTTTTTTTTTTTTTTTTTTTTTTTTTTTTTTTT.TTTTTTTTTTTTTTTTTTTTTTTTTTTTTTTTTTTTTTTTTTTTTTTTT
TTTTTTTT..TTTTTTTTTTTTTTTTTTTTTTTTTTTTTTT.TT.TTTTTTTTTTTTTTTTTTTTTTTTTTTTTTTTTTTTTTTTTTTTTTT
TTTTTTT..TTTTTTTTT....TTTTTTTTTTTTTTTTT.TTTTTTTTTTTTTTTTTTTTTTTTTTTTTTTTTTTTTTTTTTTTTTTTTTTT
TTTTTTT.T.TTTTTTTT.T..TTTTTTTTTTTTTTTTTT.TTTTTTTTTTTTTTTTTTT........TTTTTTTTTTTTTTTTTTTTTTTT
TTTTTTTTT.TTTTTTTTTTTTTTTTTTTTTTTTTTTTTTTTTTTTTTTTTTTTTTTTT............TTTTTTTTTTTTTTTTTTTTT
TTTTT.TTT...#TTTTTTTTTTTTTTTTTTTTTTTTTTTTTTTTTTTTTTTTT.TTT.TTT.............TTTTTTTTTTTTTTTTT
TTTTTTTTT.......TTTTTTTTTTTTTTTTTTTTTTTTTTTTTTTTTTTT....TT.TT..T.................TTTTTTTTTTT
TTTTTTTTT......T.TTTTTTTTTTTTTTTT.........T.T.....TTT.T...TTT......................TTTTTTTTT
TTTTTTTTT......T.TTT..TTTTTT.............................T..TTT....................TTTTTTTTT
TTTTTTTTT......T.TTT.....................................TTT.......................TTTTTTTTT
TTTTTTTTT..........................................................................TTTTTTTTT
TTTTTTTTT........T.................................................................TTTTTTTTT
TTTTTTTTT...........................................................................TTTTTTTT
TTTTTTTTT...........................................................................TTTTTTTT
TTTTTTTTT...........................................................................TTTTTTTT
TTTTTTTT............................................................................TTTTTTTT
TTTTTTTT......................................................................""....TTTTTTTT
TTTTTTTT............................................T.T...................."""""""..TTTTTTTT
TTTTTTTT...........................................TTTT............p..."""."""""""..TTTTTTTT
TTTTTTTT............................................TTT................"""..""TT....TTTTTTTT
TTTTTTTT.......................................TT.TT..TT................"...""T"T...TTTTTTTT
TTTTTTTT.......................................TTT...T................."."""""TTT"..TTTTTTTT
TT..TTTT.......................................TTTT......................""""""TT...TTTTTTTT
T....TTT........................E.............T.TT..T...................."""".......TTTTTTTT
TT.TT.TT....................##................T..TTT......E................"........TTTTTTTT
.TT.T.TT.......................................TT...................................TTTTTTTT
TT.TTTTT.........................................T..................................TTTTTTTT
....TTTT............................................................................TTTTTTTT
TTTTTTTT............................................................................TTT..TTT
TTTTTTTT............................................................................TTTT.TTT
TTTTTTTT............................................................................TTT.TTTT
TTTTTTTT......................+++++++++++++++...+++++++++++++........................TTTTTTT
TTTTTTTT......................+""...........................+........................TTTTTTT
TTTTTTTT......................+"............................+........................TTTTTTT
TTTTTTTT............."".".....+.""".........................+.........................TTTTTT
TTTTTTT.............""""....."+"""""........................+.........................TTTTTT
TTTTTTT.............""".......+.""""........................+.........................TTTTTT
TTTTTTT""...""................+""...........................+..........................TTTTT
TTTTTT.""..""""...............+"............................+..........................TTTTT
TTTTTT....."""................+".................E..........+..........................TTTTT
TTTTTT...."""""...............+.............................+...........................TTTT
TTTTT....."""""...............+.............................+................S..........TTTT
TTTTT......"""................+.............................+...........................TTTT
TTTTT.....E...................+..........p..................+...........................TTTT
TTTT...........hh............................hhE.............".."".........hh...........TTTT
TTTT..........Ehh............................hh............""""""".........hh.....E.....TTTT
TTTT......................................................."""""""......................TTTT
TTTT..........................+.............................+.""".......................TTTT
TTTT..........................+............................"+.."......c................TTTTT
TTTT.TT.T...................TT+............................"+.............E............TTTTT
TTTT.TTT.T...................T+.............................+..........................TTTTT
TTTTTTT..T.................T..+.............................+.........................TTTTTT
TTTTTTT.T.....................+.............................+.........................TTTTTT
TTTTTTTTTT....................+.............................+.........................TTTTTT
TTTTTTT...T...................+.............................+.........................TTTTTT
TTTTTTT..T....................+.............................+........................TTTTTTT
TTTTTT..............""".......+.............................+........................TTTTTTT
TTTTTT............."""""......+.............................+........................TTTTTTT
TTTTTT............."""."......+++++++++++++++...+++++++++++++........................TTTTTTT
TTTTTTT..........."T""TT"............................................................TTTTTTT
TTTTTTT............."TT"TT.....................................................TT....TTTTTTT
TTTTTTT...........TTTT"TTT......................................................T....TTTTTTT
TTTTTTT...........T"T.TTT.T...................................................T.T....TTTTTTT
TTTTTTT.............TTT..T...........................................................TTTTTTT
TTTTTTT............TTTTTTT......................................""...................TTTTTTT
TTTTTTT............###TT......................................."""...................TTTTTTT
TTTTTTT.............#..........................................""....................TTTTTTT
TTTTTTT..................................................E...........................TTTTTTT
TTTTTTT................"""...........................................................TTTTTTT
TTTTTTT................""...............................#............................TTTTTTT
TTTTTTT................""B...Ehh....p.......................hh.......................TTTTTTT
TTTTTTT"".............."".....hh............................hh......................TTTTTTTT
TTTTTTT""".....................................................o....................TTTTTTTT
TTTTTTT"""".""""....................................................................TTTTTTTT
TTTTTTT""""".""".........................................E..........................TTTTTTTT
TTTTTTT"""""""""...................................................................TTTTTTTTT
TTTTTTTT."""""""............o.....E................................................TTTTTTTTT
TTTTTTTT".""...".............T.....................................................TTTTTTTTT
TTTTTTTT"..................T..TT.......T............................T..............TTTTTTTTT
TTTTTTTTT..................TT.T....."""T"T...............TT.TT......TTT...........TTTTTTTTTT
TTTTTTTTT..................TT.T....."T""".....P...P.....T...T......T"T"...T.......TTTTTTTTTT
TTTTTTTTTT........TTTTTTT..TTTTT.....T.TT...............TTTT......TTTTTTT.........TTTTTTTTTT
TTTTTTTTTT.....TTTTTTTTTTTTTTTT.....TTTTT..P....P.......TTTTTc.....T"TT.T.T.......TTTTTTTTTT
TTTTTTTTTTT.TTTTTTTTTTTTTTTTTTTTTT..T..TT..........P...T.TTTTT....TT"TTTT.TTTTTTTTTTTTTTTTTT
TTTTTTTTTTTTTTTTTTTTTTTTTTTTTTTTTTTTTTTTT.............."."TTT......T"TTTTTTTTTTTTTTTTTTTTTTT
TTTTTTTTTTTTTTTTTTTTTTTTTTTTTTTTTTTTTTTTT........P..T"".T"TT.T....."TTTTTTTTTTTTTTTTTTTTTTTT
TTTTTTTTTTTTTTTTTTTTTTTTTTTTTTTTTTTTTTTTT...........TTTT"".T....TTTTTTTTTTTTTTTTTTTTTTTTTTTT
TTTTTTTTTTTTTTTTTTTTTTTTTTTTTTTTTTTTTTTTTT.........TTTTTTTTTTTTTTTTTTTTTTTTTTTTTTTTTTTTTTTTT
TTTTTTTTTTTTTTTTTTTTTTTTTTTTTTTTTTTTTTTTTTT.......TTTTTTTTTTTTTTTTTTTTTTTTTTTTTTTTTTTTTTTTTT
TTTTTTTTTTTTTTTTTTTTTTTTTTTTTTTTTTTTTTTTTTTTTTTTTTTTTTTTTTTTTTTTTTTTTTTTTTTTTTTTTTTTTTTTTTTT
TTTTTTTTTTTTTTTTTTTTTTTTTTTTTTTTTTTTTTTTTTTTTTTTTTTTTTTTTTTTTTTTTTTTTTTTTTTTTTTTTTTTTTTTTTTT
