name: The Spine
theme: arctic
objective: eliminate
doctrine: hunters
order: 30
mechanic: a ridge with three passes
brief: Rock from end to end and three ways through it. They know which three.
advice: Rock end to end and three ways through it. They know which three, so you are not surprising anybody.
tile: 16
---
..#.#############################################################################################..#############
...#############################################################################################.#..############
.################################################################################################.##############
#####.......####################################################################################################
####.........###############################################...#.....###########################################
###...........###########################################......#......#..#######################################
###..P......P...#####################################..p.............#.###.#.###################################
###................###############..i..ii.i.i.........................#####....................#################
###..............c.....######......ii..ii..i.................B........###.#.........................############
###....P..P..P......................iiiiiiiii..........................#.................#.#........#..#########
###...................................iiiiii...........................#.#..............###.#......#.#.#########
###....................................iiii.......o....................................#...#......#.###.########
####..P..................................................................................##.........###.########
#####.....................................................................................#.........#...########
#########..................................................E............................................########
#########...............................................................................................########
#########.............................................E.................................................########
##########..............................................................................................########
############.............................................................................................#######
##############...........................................................................................#######
################.............E...........................................................................#######
##################..............................................................TTT......................#######
####################............................................................T.TTTT...................#######
########.##############..........................................................T..T....................#######
########..#############..E.......................................................TT.T....................#######
########....###########........................................................................##.#......#######
#######.......#########........###..............................................................##.#....########
#######i........#######........########..........................................................#......########
#######...........#####........#############.....................................................##.....########
#######i............###......S.##################....................................iiii...............########
#######....ii...........E......#####################.................................iiii...............########
#######.iiiii..................########################T............................iiii................########
#######iiiii...................##########################...........................iiiii...............########
#######.iii.......................########################............................i.................#####.##
######.iiiii...........................###################......#............TT.T.T......................###.###
#######iiiii................................##############...................T.TT..T.....................###.###
#######.iii......................................#########E...#####..........TTTTTT......................#..####
#######iii..........................................######....c.###...............T......................#..#.##
#######.i..............................................###......E.##..........#TT.........................#.####
#######..#...............................................#........####.......#.#..........................######
#######..#.#......................................................#####......#.#..........................######
#######..##...................................................E...#######...#..............................#####
#######..#........................................................########.................................####.
######............................................................##########...............................####.
######.............................................................##########..............................##..#
######...........................iii...............................p###########................###..........###.
######..........................iiii........................S.........##########...............###..........#.i.
######............................iii..................................###########.............#............####
######.............................i.........T...........................##########.........................####
#####.....................................TTTT............................###########.......................####
#####......................................TTT.....................T..T.....###########.........E...........####
#####.....................................TT..T...................TTTTTT.....###########o...................####
#####................................................................T..T......#########...................i####
####..........................................i....................TTTT.T.......########...................#####
####.........................................iii...................TT.............######...................#####
####.........................................iiiii.................................#####.....E..#..........#####
####.......................................iiiiiiii.................TT...............###........###........#####
####.....................................iiiiiiiiiii..........................#........#........#######...######
####.....................................iiiiiiiiiii.........................##...............E.################
####......................................iiiiiiiii............................#................################
####......................................iiiiiiiiii............................................################
#####.....................................iiiiiiii..............................................################
#####........................................iiii................................................###############
#####.........................................i....................................................#############
#####.................................................................................................##########
######...............................................................................................##..#######
######............................................................................................#..##..#######
######.........................T......................E..............................................###########
#######........................T.T..................................................................#####.######
#######..................#####..TT................................................................#..###########
#######..............###############.............................................................##########..###
#######...........#####################################.T.T...E.................##########################.##.##
#######.......#############################################................###############################.#.###
##############################################################.........#########################################
################################################################################################################
################################################################################################################
##############################################################################.#################################
###########################################################################.####################################
