name: The Narrows
theme: desert
objective: reach
doctrine: ambush
order: 26
mechanic: a clock, and a wrong turn
brief: A hundred seconds to the far end of the canyon, and the canyon lies about the way.
timelimit: 100
tile: 16
---
########################################################################################################################################################
########################################################################################################################################################
########################################################################################################################################################
########################################################################################################################################################
########################################################################################################################################################
########################################################################################################################################################
########################################################################################################################################################
########################################################################################################################################################
########################################################################################################################################################
########################################################################################################################################################
########################################################################################################################################################
########################################################################################################################################################
########################################################################################################################################################
########################################################################################################################################################
########################################################################################################################################################
########################################################################################################################################################
########################################################################################################################################################
########################################################################################################################################################
########################################################################################################################################################
########################################################################################################################################################
########################################################################################################################################################
###################################################################################################################.####################################
####.......#####################################################################################################.......#################################
##..P....P..###################################################################################################...E...S.################################
##..........P#####################################..........#################################################............###############################
##............################################.........E.......##########################################..........E......##############################
##..............############################......................###################################.........E...........##############################
##.P..............#######################......................E....############################..........................##############################
##.........P.........#################..................####.##.......#####################.............................E..#############################
##.......................#######....................##############......###########...........................E...........##############################
##..P..................................E..........##################..E...#####.................................E......E..##############################
###.........c....................................#####################.......##..............................o............##############################
####..........................................##########################........................................E........###############################
##########...........................E........############################......E...............,,...........##.........################################
############................................#################################.......c..........,,,...##..#######...E...#################################
##############............................#####################################.......E....##..,###################.####################################
###############..........................#########################################.......###############################################################
################......................############################################..........############################################################
##################....................###############################################.........##########################################################
#####################............#####################################################..........,#######################################################
#########################.......#######################################################...........E###########.......###################################
#########################################################################################.............#####.............################################
##########################################################################################..............#.................##############################
############################################################################################................................############################
#############################################################################################................E......E.........#####################.####
##############################################################################################...........................S..........#############.....##
#################################################################################################...........................................####.......#
#################################################################################################.................................................AA...#
###################################################################################################............,.,............E...................AA....
####################################################################################################..........,,,,,....................................#
######################################################################################################.......,.,,,,,...................................#
########################################################################################################...##,#######.................E...............##
########################################################################################################.###############............................####
##########################################################################################################################.....................#########
############################################################################################################################............################
##############################################################################################################################.#########################
########################################################################################################################################################
########################################################################################################################################################
