name: The Coil
theme: arctic
objective: assassinate
doctrine: patrol
order: 29
mechanic: three rings, three gaps
brief: He is at the centre and every ring makes you walk most of a lap. Only he has to die.
tile: 16
---
###################...####################################################################
##################......##########################################################.####.##
######################..#############################################################...##
#####################.#############################################################..#..#.
###################################################################........##########...#.
######...iiii..i.i.############################################...............#######..###
######.....i..........###################............#######..................#.###..#...#
######...................#########...###.....................................#############
######.....................i.i#.......#........................................###########
######.................................++++.+++.++++..........................#..#########
######............................++++...............++++.........................########
######.........................+.+.......................+.+......................########
######.......................++.............................++....................########
######............TT........+.................................+...................########
######T.T........TTT......++...................................++.................########
######TTT.........TTTT...+.......................................+................########
#####.TT..........TTT..++.........................................++..............########
#####..............T..+.............................................+..............#######
#####................+.................................E.............+.............#######
#####...............+.....................+++++++.....................+............#######
#####..............+..................++++....................E........+...........#######
#####.............+................+++..................................+..........#######
####......TTTT...+...............+++.....................................+.........#######
####....T..TT...+..............++.........................................+........#######
####......TT....+.............++..........................................+........#######
####.......T...+............++.............................................+.......#######
####..........+.............+...............................................+.....########
####..........+............+................................................+.....##.#####
#####........+.......p...++...............................#####..............+....#..#####
#####.......+............+.................................###.#..............+...########
#####...#...+...........+................+++++++++..........#.................+...########
#####......+...........++.............+++.........+++.............++...........+...#######
######.................+..E..........++.............++.............+...............####.##
######.....+.........o+............++.................++............+..........+...#######
######....+.........i.+...........++...................++...........+...........+...####.#
#######T..+.....B...i++i.........++................ii..i++..........++..........+...#.....
#######...+..........+ii.........+...............Tiiiii..+...........+..........+...#.####
#######...+.........i+iii.......+...............iiiiiiiii.+..........+..........+...######
######..............+.iiii.....++...............iiiiiiiii.++..........+..............##.##
######...+..........+Eiii......................Eiiiiiiiii..+..........+..........+...#####
######...+..........+..iii......................iiiiiiiii..+..........+..........+...#####
######...+..........+...i................E.......iiiiiiiii..+.........+..........+...#####
######...+.........+........................E.....iii..ii...+..........+.........+...#####
######.............+.......##.....................iii..ii...+..........+..............####
######...+.........+.......##.....................iiii......+..........+.........+....####
######...+......ii.+.........#...............C...E..i.......+..........+.........+....####
######...+i..iiiiii+........................................+..........+.........+....####
######......iiiiii.+i.......................................+..........+..............####
######...+i..iii...+.........................E....E.........+..........+.........+....####
######...+i..iii....+.......................................+.........+..........+....####
######...+....i.....+......................................+..........+..........+....####
######...+..........+......T...............................+..........+p.........+...#####
######..............+..T.T.T...++................ii..iii..++..........+..............#####
#######...+..........+T..T......+.............ii.iiiiiiiii+.....E....+..........+....#####
#######...+..........+T.TTTTT....+............iiiiiiiiii.+...........+....c.....+....#####
#######...+..........++.T..T.....++.............iiiiiiii++..........++.......E..+....#####
#######...+...........+TTT........++..............iiii.++i..........+...........+...######
########...+..........+............++.............iiii++i...........+..........+....######
########...............+.............++..........i..++iii..........+................######
########...+...........++.............+++........i+++..i..........++...S.......+....######
########....+...........+................+++++++++.i..............+...........+.....######
########....+............+......................iii..............+............+.....######
########.....+...........++.....................................++...........+......######
########......+............+...................................+............+.......######
########......+.............+.................................+.............+.......######
########.......+............++...............................++............+........######
########........+.............++...........................++.............+.........######
########........+..............++.........................++........................######
########.........+...............+++.E.................+++..........................######
########..........+................+++...............+++............................######
#######..........ii+..................++++.......++++...............ii.ii...........######
#######..........iii+.....................+++++++...................iiiiiii.........######
#######...........iii+........o...............#.....................iiiiiii.........######
######...........iiii.+i......................#...................iiii..iii........#######
######...........iiii..++...............E........................iiii....ii........#######
######...................+........................................ii....i..........#######
#####.....................++........................................ii.ii.....##...#######
#####.......................+........................................iii.....#..#..#######
#####..#.....................++...............P.......c.....................##############
#####.###......................+.+.........P................................#.############
#####.#####...T.TT................++++....................................#..#.###########
####..#.##.....TT..........##..........++++.+++.+.P...........#.............###...########
####..........T.TT....#########................P................................##########
####...............###############.......................###...................#.#########
####............######################...............#######.................#############
########################################..P........#############........##################
########.###############################.........P.#######################################
######..#################################.........########################################
#####....#################################.......#########################################
#####.#.#..###############################################################################
