name: The Long White
theme: arctic
objective: hold
doctrine: swarm
order: 32
mechanic: holding a corridor
brief: Walk the length of it, take the far bunker, and keep somebody standing on it while they come.
waves: 4@11
tile: 16
duration: 45
---
###################################################################################################################..#.###############################
#################################################################################################################..#..########################.#.#####
######################################################################################################...##########..#########################..######
#########################################################################################################.########.#.#################################
######################################################################################################################################################
##############################################################TTT....#################################################################################
###########################################################..TT.T.......##################################################################...#########
##########..#.##########################################...................###########################################.......................#########
#########.##.#..######################################........................#####################################.........................##########
#########.......#####################.........................###.#...................TT......###################...........................##########
##########.#...##..##...#########.............................####.#.................TTT..........###############..........................######iii##
#########.####...#.#.....###................................#..#..###...............TT...............########...#..........................#####..i###
#########..##.#.###..............................................###...............................#############...........................###########
###########.######...hh.......................#..............ii##.##...............................#..###.#.###.#.........................############
##########...#.......hh....#i..............####.............i.#..#.#.................................#.###########........................############
#########......#...........iii..............##.#..........iiii##....................................##.......#####........................############
#########........#........iiii...............##..........iiiiii.......................................##.#####............................############
#########.........#......iiii.............................iiiii.............................................#.............................############
#########..............iiiiii...............................iiii..........................................................................############
#########..............iiiiiii............T.TTT.............iiii..........................................................................############
#########..............iiiiiii...............T.............................................................................................###########
#########.............ii....i............T..TTTT...........................................................................................###########
#..##...............ci......ii.............T..TT...........................................................................................###########
..........P...........T....................T.T..............................................................................................##########
....P..............TTTT.T.......................................................o.......................ii..................................##########
.............P......T.TTT...................c........................##................................iiii...........##....................##########
###..................................................................#.................................iiiii.........###.....................#########
###............................................................................TT.T.....................iii..................................#########
###...........................................................................TTT...p........................................................#########
###P..P..........................................TT.............................TTT...##.....................................................#########
###...........#.....UU.............................T...........o....................#.#......................................................#########
####....P....#.p....UU.....p...........hh......TTT.TT................................##.#.....................................................########
#####.......##.........................hh......T.TT...........................................................................................########
#####...#.####.......X.............................TT.........................................................................................########
#####...#..###................................................................................................................................########
#####.....####.#..............................................................................................................................########
#####....##.#..............................#.#................................................................................................########
#####...#..#.#.............................#####.......................i.....................................................................#########
#####..###.##...........................##.##..........................i..............#.#........................................#.#.........#########
#####..###.#..............................#.##..................................................................................###..........#########
######..####.#........................##..##..#....................................#.###.........................................##..#........########
######....#.#.......................##i###.#.#.###..................................#.####..................i.ii..............###.#.#T...T..##########
######.............................i.ii###.##..##.................................##.#####.#ii............#######.............###.###.#TTTT.#.########
#######....................###########.#.#i##.#......................................######iiiiii......#############.........#.######..T.T....########
#######......#..##......#################################..........................#.####.##iiiii...###################......#.##.##..TT.T....########
#######......#.###....######################################..............................#.iiii#########################.......#.##...TTT....########
########....####....##########################################...................############################################...#...######.....#######
########...##.###################################################.............########################################################################
####################################################################......##########################################################################.#
#####################################################################################################################################################.
#######################################################################################################..###########################################..
########################################################################################################.#.########################################.##
######################################################################################################.#..#.#######################################.##
########################################################################################################..#.##########################################
