name: The Hangar
theme: arctic
objective: demolish
doctrine: garrison
order: 44
mechanic: a junction they built on
brief: Four roads meet at their sheds. Take the sheds down and the roads are yours.
tile: 16
---
#########################################.######################################################
################################################################################################
#####################################.....######################################################
##..#################################.#...######################################################
#...#######################........##....#.#####################################################
######################................##.#.#########################################.......#####
########T..T..............................#####################################.#..#.......#####
#########..TT............................#.#..,####..........###############...............#####
########T.T........................TTTT..####,,___,,.............#.#.##....................#####
###########......................TTTTTT...##..,,__,,..............#........................#####
##########T........................TT.T.T....,,___,,.......................................#####
########..T.......................T.TTTTT....,,___,,.......................................#####
##########.......................T.TT.T......,,___,,......................................######
########.#....................TT.#TTTTT.T....,,___,,............##....................T.TT######
#######.........................T..TTTTTT....,,___,,.............#....................TTT#######
########........................T..TTT..T....,,___,,..........###.#..................TTT########
#######...........................T...T...#..,,___,,.........#.###..................TTTT########
#######.........................T....T...##..,,___,,..........#..#.................TT.T.T#######
#######..................................#...,,___,,...............................T..TT########
#######......................................,,___,,..................................TT########
#######......................................,,___,,...................................T########
#######......................................,,___,,....................................########
#######........TT............................,,___,,...................................#########
#######......T.TT............................,,___,,...................................#########
#######i.....TT..T...........................,,___,,...................................#########
#######.......T.T............................,,___,,...................................#########
#.#i###......................................,,___,,...................................#########
##ii###iii...................................,,___,,...................................#########
######iii....................................,,___,,...................................#########
######.ii........................_______________________________........................########
######iiii......................._______________________________........................########
######iiii.......................__........__..E....__........__........................########
#####.iiii.......................__.....p..__.......__........o_........................########
#####.ii................#........__..hh...c__..hh...__..hh...T__........................########
#####............................__..hh....__..hh...E_..hh....__.........................#######
####............................E__..hh....__..hh...__..hh....__.........................#######
####.............iii.............__........__.......__.E......__.........................#######
####.............iiiiii..........__........_E.......__........__.........................#######
####P...........i.iii.ii.........__E.......__.......__........__.........................#######
###.,,,,P,,,,,,,,,,,,,,,,,,,,,,,,__........__.......__........__,,,,,,,,,,,,,,,,,,,,,,,,,#######
###.,,,,,,,,,,,,,,,,,,,,,,,,,,,,,__........__.......__........__,,,,,,,,,,,,,,,,,,,,,,,,,#######
###.,____,_________________________........__.....S.__........___,_______________________#######
###.________P____________________________________________________________________________#######
###.,____________________________________________________________________________________#######
###..,P,,,,,,,,,,,,,,,,,,,,,,,,,,_o........__.......__........__,,,,,,,,,,,,,,,,,,,,,,,,,#######
###..,,,,,,,,,,,,,,c,,,,,,,,,,,,,__......E.__.......__........__,,,,,,,,,,,,,,,,,,,,T,,,,#######
####....P..P...............i.....__..hh....__..hh...__..hh....__...................TTTT..#######
#####...........................i__..hh....__..hh...__E.hh..E.__..................TT.....#######
######...........................__..hh....__..hh...__..hh....__..................TTTT.T.#######
######...........................B_........__.......__........__.....................TTT.#######
######...........................__........__.......__........__.........................#######
######...........................__........__.......__........__.............ii..........#######
#######..........................__........__.......__........__...........iiiii.........#######
#######..........................__....E...__.......__........__...........iiiii..........######
#######.........................._____________________________..............iii...........######
#######.........................._____________________________T...........................######
#######......................................,,___,,....T..T.T.............................#####
#######......................................,,___,,.......................................#####
##..###......................................,,__,,,.......................................#####
#...###......................................,,___,,.......................................#####
##..###.....................T................,,___,,........................................####
##.####................T....T..........TTTT..,,___,,........................................####
#######.TT..............T..T..........T.TTTT.,,___,,........................................####
#######.T.TT..........T..TT.TTT.......TTTTT..,,__T,,........................................####
#######.TTT...........T..TTT.TTT........TT.T.T,T_T,....................................TT...####
#######T.TTT...........T.TTTT...........T....T,,TT,TT................................T...TT.####
#######................TTTTT.T.T............TT,TTTTT....................................TT..####
#######.................T.TT.TT..............T,T_TT.T..................................TTTTT####
#######...................T..TT...............,T_TT.T...............................iT..T.T.####
#######......................T...............TTTTT,T................................ii.TTTT#####
########.....................................,,_TTTTT.............................iiii.....#####
########.....................................,,___TT..............................iiiii....#####
########.....................................,TTTTTTTTT..........................iiiiii....#####
########....................................TTT_TTT.TT...........................ii.i.....######
########.....................................T,TTTT.T.T...........#.......................######
#########......................##............TTT_TT............##.........................######
#########................################....TT_TTT###.........##.#.#.....................######
#########.............######################################....#######..................#######
#########..........###############################################..#.#.....ii.#################
###########.#...#####################################################......#####################
###########.#.#.################################################################################
#############..######################################################################.#i########
####################################################################################....########
################################################################################################
