name: The Sink
theme: desert
objective: hold
doctrine: hunters
order: 18
duration: 75
mechanic: quicksand as a shape
brief: Firm ground in the middle and sinks all round it. Four waves come out of the huts, and every one of them has to wade. They cannot fire while they do.
waves: 4@11
tile: 16
---
########################################################################################
########################################################################################
########################################################################################
########################################################################################
######################################,,,,,,,,,,########################################
##################################,,,,,,,,,,,,,,,,,,,###################################
#################,,,########,,,,,,,,,,,,,,,,,,,,,,,,,,,,,,,,,,,,,,,,,,,,################
########,,,,,,,,,,,,,,,,,,,,,,,,,,,,,,,,,,,,,,,,,,,,,,,,,,,,,,,,,,,,,,,,,,,,,###########
#####,,,,,,,,,,,,,,,,,,,,,,,,,,,,,,,,,,,,,hh,,,,,,,,,,,,,,,,,,,,,,,,,,,,,,,,,,,,,,,#####
#####,,,,,,,,,,,,,,,,,,,,,,,,,,,,,,,,,,,,,hh,,,,,,,,,,,,,,,,,,,,,,,,,,,,,,,,,,,,,,,#####
#####,,,,,,,,,TTTTT,,,,,,,,,,,,,,,,,,,,,,,,,,,,,,,,,,,,,,,,,,,,,,,,,,,,,,,,,,,,,,,,#####
#####,,,,,,,,TTTTTTT,,,,,,,,,,,,,,,,,,,,,,,,,,,,,,,,,,,,,,,,,,,,,,,,,,,,T,,,,,,,,,,#####
#####,,,,,,,,TTTTTTT,,,,,,,,,,,,,,,,,,,,,,,,,,,,,,,,,,,,,,,,,,,,,,,,,,TTTTT,,,,,,,,#####
#####,,,,,,,TTTTTTTTT,,,,,,,,,,,,,,,,,,,,,,,,,,,,,,,,,,,,,,,,,,,,,,,,TTTTTTT,,,,,,######
#####,,,,,,,TTTTTTTTT,,,,,,,,,,,,,,,,,,,,,,,,,,,,,,,,,,,,,,,,,,,,,,,,TTTTTTT,,,,,,######
#####,,,,,,,TTTTTTTTT,,,,,,,,,,,,,,,,,,,,,%%%%%,,,,,,,,,,,,,,,,,,,,,TTTTTTTTT,,,,,######
#####,,,,,,,,TTTTTTT,,,,,,,,,,,,,,,,,,,,%%%%%%%%%,,,,,,,,,,,,,,,,,,,TTTTTTTTT,,,,,######
####,,,,,,,,,TTTTTTT,,,,,,,%%%%%%,,,,,,%%%%%%%%%%%,,,,,,,,,,,,,,,,,,TTTTTTTTT,,,,#######
####,,,,,,,,,,TTTT,,,,,,,,%%%%%%%%,,,,,%%%%%%%%%%%,,,,,,,,,,,,,,,,,,TTTTTTTT,,,,,#######
####,,,,,,,,,,,,,,,,,,,,,%%%%%%%%%%,,,%%%%%%%%%%%%%,,,,,,,,,,,,,,,,,,TTTTTTT,,,,,#######
####,,,,,,,,,,,,,,,,,,,,,%%%%%%%%%%%,,%%%%%%%%%%%%%,,,,,,,,,,,,,,,,,,TTTTT,,,,,,,#######
####,,,,,,,,,,,,,,,,,,,,,%%%%%%%%%%%,,%%%%%%%%%%%%,,,,,,%%%%%%,,,,,,,,,,,,,,,,,,########
####,,,,,,,,,,,,,,,,,,,,,%%%%%%%%%%%,,,%%%%%%%%%%%,,,,,%%%%%%%%,,,,,,,,,,,,,,,,,########
####,,,,,,,,,,,,,,,,,,,,,%%%%%%%%%%%,,,,%%%%%%%%%%,,,,%%%%%%%%%%,,,,,,,,,,,,,,,,########
#####,,,,,,,,,,,,,,,,,,,,%%%%%%%%%%%,,,,,,,,,,,,%,,,,%%%%%%%%%%%,,,,,,,,,,,,,,,,########
#####,,,,,,,,,,,,,,,,,,,,,%%%%%%%%%,,,,,,,,,.,,,,,,,,%%%%%%%%%%%%,,,,,,,,,,,,,,,########
#####,,,,,,,,,,,,,,,,,,,,,,%%%%%%%%,,,,,.........,,,,%%%%%%%%%%%%,,,,,,,,,hh,,,,########
#####,,,,,,,,,,,,,,,,,,,,,,,%%%%%%,,,,,...........,,%%%%%%%%%%%%%,,,,,,,,,hh,,,,########
#####,,,,,,,.,,,,,,,,,,,,,,,%%%%,,,,,,.............,,%%%%%%%%%%%,,,,,,,,,,,,,,,,########
######,,,.......,,,,,,,,%%%%%%%,,,,,,...............,,%%%%%%%%%%,,,,,,,,,,,,,,,,,#######
######,,.........,,,,,,%%%%%%%%,,,,,..c..............,%%%%%%%%,,,,,,,,,,,,,,,,,,,#######
######,......P....,,,,%%%%%%%%%%,,,,.................,,,%%%%%,,,,,,,,,,,,,,,,,,,,#######
######,...P.....P.,,,,%%%%%%%%%%,,,,.................,,,,,,,,,,,,,,,,,,,,,,,,,,,,#######
#######.........,,,,,,,,,,,,,,,,,,,,.................,,,,,,,,,,,,,,,,,,,,,,,,,,,,#######
######......P...,,,,,,,,,,,,,,,,,,,.........X.........,,,,,,,,,,,,,,,,,,,,,,,,,,,#######
#######..P.....P,,,,,,,,,,,,,,,,,,,,.................,,,,,,%%%%%%,,,,,,,,,,,,,,,,#######
#######...........,,,%%%%%%%%%%%,,,,.................,,,,,%%%%%%%%,,,,,,,,,,,,,,,,,#####
#######...........,,,%%%%%%%%%%%,,,,.................,,,,%%%%%%%%%%%,,,,,,,,,,,,,,######
#######,.........,,,,,%%%%%%%%%,,,,,..............c..,,,,%%%%%%%%%%%,,,,,,,,,,,,,,######
#######,,.......,,,,,,,,%%%%%,,,,,,,,...............,,,,%%%%%%%%%%%%%,,,,,,,,,,,,,######
#######,,,,,.,,,,,,,,,,,,,,,,,,,,%%%,,..o..........,,,,,,%%%%%%%%%%%%,,,,,,,,,,,,,######
#######,,,,,,,,,,,,,,,,,,,,,,,,,%%%%%,,...........,,,,,,,%%%%%%%%%%%,,,,,,,,,,,,,,######
#######,,,,,,,,,,,,,,,,,,,,,,,,%%%%%%%,,.........,,,,,,,,%%%%%%%%%%%,,,,,,,,,,,,,,######
#######,,,,,,,,,,,,,,,,,,,,,,,%%%%%%%%%,,,,,.,,,,,%%%,,,,,%%%%%%%%%%,,,,,,,,,,,,,,######
#######,,,,,,,,,,,,,,,,,,,,,,%%%%%%%%%%%,,,,,,,,%%%%%%%,,,,%%%%%%%%,,,,,,,,,,,,,,,######
#######,,,,,,,,,,,,,,,,,,,,,,%%%%%%%%%%%,,,,,%%%%%%%%%%%,,,,%%%%%%,,,,,,,,,,,,,,,,######
#######,,,,,,,,,,,,,,,,,,,,,,%%%%%%%%%%%,,,,,%%%%%%%%%%%,,,,,,,,,,,,,,,,,,,,,,,,,,######
#######,,,,,,,,,TTTT,,,,,,,,,%%%%%%%%%%%,,,,%%%%%%%%%%%%%,,,,,,,,,,,,,,,,,,,,,,,,,######
#######,,,,,,,,TTTTTTT,,,,,,,%%%%%%%%%%%,,,,%%%%%%%%%%%%%,,,,,,,,,,,,TTTT,,,,,,,,,######
#######,,,,,,,TTTTTTTTT,,,,,,%%%%%%%%%%,,,,,,%%%%%%%%%%%,,,,,,,,,,,TTTTTTTT,,,,,,,######
#######,,,,,,,,TTTTTTTT,,,,,,,%%%%%%%%,,,,,,,%%%%%%%%%%%,,,,,,,,,,TTTTTTTTT,,,,,,,######
#######,,,,,,,,TTTTTTT,,,,,,,,,%%%%%%,,,,,,,,,%%%%%%%%%%,,,,,,,,,,TTTTTTTTT,,,,,,,######
#######,,,,,,,,,TTTTTT,,,,,,,,,,,,,,,,,,,,,,,,,%%%%%%%%,,,,,,,,,,,TTTTTTTTT,,,,,,,######
#######,,,,,,hh,,TTTT,,,,,,,,,,,,,,,,,,,,,,,,,,,%%%%%%,,,,,,,,,,,,TTTTTTTTT,,,,,,,######
#######,,,,,,hh,,,,,,,,,,,,,,,,,,,,,,,,,,,,,hh,,,,,,,,,,,,,,,,,,,,TTTTTTTTT,,,,,,,,#####
#######,,,,,,,,,,,,,,,,,,,,,,,,,,,,,,,,,,,,,hh,,,,,,,,,,,,,,,,,,,,,TTTTTTT,,,,,,,,,#####
#######,,,,,,,,,,,,,,,,,,,,,,,,,,,,,,,,,,,,,,,,,,,,,,,,,,,,,,,,,,,,,#####,,,,,,,,,,#####
#######,,,,,,,,,,,,,,,,,,,,,,,,,,,,,,,,,,,,,,#################################,,,,,#####
#####################,,,,,,,,,,,,,,,,,,,,#########################################,#####
###########################,,,,,,,,,####################################################
########################################################################################
########################################################################################
########################################################################################
########################################################################################
