name: Through the Wall
theme: desert
objective: collect
doctrine: garrison
order: 16
mechanic: the door is a building
brief: The supplies are on the far side and there is no way round. Bring the wall down.
gated: true
tile: 16
---
###########################################################.#.##################################
##########################################################.#.###################################
#########################################################......#################################
########################################################.#....##################################
#################....###################################.......###########.......###############
##########.###.........T.T################################.###########..............#.##########
#######.#######...........T..################################.#####.................#.###..#####
#######..##.#.#.................###############....,###########....E............#.###.#.,..#####
#######....#.........................."."...###................E...................,###,##.#####
#######,....................................###...................................,,###,#,.#####
########..........""".............."".......###...................................##,#,#,,,#####
.,#,###...........""".............."""""....###........................................,,,.#####
#..####............"................."""....###...................",..................,,,,######
####.##...........""".................".....###..................".",,................##,,######
..#####,..........."........................###..............""..,"""",..............,,,########
#######.....................................###.............""E."""""..,,..,.........,,#########
###...................."....................###............."""""""",,..,,,,,,.........,.#######
##.#..#..............."""..............,,...###.............""""""..,,,,,,,,,,........##,#######
###.#.#..............."""...........,,,,,...###................",,..,,,,,,..S..........#.#######
####..#............."""""".........,,,,,,...###..................,,,,,,,,,.............#########
#######............"""""".........,,,,,,....###.................E..,,,,,,,,...........#.########
#######............,""............,,,,,,....###.....................,,,,,,............##########
#######.......,,,,,."............,,,,,......###.....""................,.,,..............########
#######..,,,.,,,,,...............,,,,TTT....###.....""""................................########
######...,,.,,,,,,.................,TTTT....###......""".................k.............#########
######.......,,,,,,................TTT.T,...###......"""...............................#########
######........,,,c,,..................T,....###........................k...............#########
#######......,,,,,,,........................###........................................#########
######.......,,,..,,........................###........................................#########
#####........,,,..,,,.......................###........................................#########
#####.....P...P..,,,........."".""..........FFF.........................................########
#####.P........,..,,.....,,."""."".....o....FFF.........................................########
####...........,,,...,,.,,,.................FFF.........................E..,,,,.........########
####...........,,,,,,,,..,..................FFF.............................,,,,,.......########
####.P..........,,,,,,,,....................FFF.............................,,,,,.......########
####.........P..,,,,,,,,,,..................###...........................,,,,,,,.......########
####.....P........c,,.,,,,..................###...........................,,,,,,,........#######
####...................,....................###.............................,,,,,,.......#######
####....#...................................###................................,,........#######
####....#..#................................###..................k.......................#######
####...#..#.#...............................###.,........................................#######
#####..####.................................###,,,...................,,,,................#######
#####.......................................###,,,,,..............,,,,,,E,...............#######
#####.......................................###,,,,.,............,,,,,,,,,,.......,,,,..,#######
#####.......................................###,,,,................,,,..,,.......,,,,,,.,#######
######......................................###.,,,,..............E,,,..,.....B,,,,,,,...#######
######......................................###..,,,...............,,.,,,,....,,,,,,,,,.,#######
######................................T.....###,...................,.,,,,......,,,,,,,.,,#######
#######..............................T......###...................,,............,,......,#######
#######.............................TTTT....###.................................,,.......#######
#######................................T....###..................................,......,#######
#######..............................TT.....###.....................T.T..................#######
#######........T............................###....................TT.TT..k..............#######
#######......TTTT.........................."###".....................T...................#######
#######.......TTT.........................""###....................T.T.T..................######
#######...................................".###"....................TTT...........##############
#################.........######..........."###......................TT.......##################
#####################################.......###..........................#######################
######################..################....###.........########################################
######################.##.#####################.....############################################
#######################...######################################################################
######################..########################################################################
#####################.###.######################################################################
#######################.########################################################################
