name: Through the Wall
theme: desert
objective: collect
doctrine: garrison
order: 16
mechanic: the door is a building
brief: The supplies are on the far side and there is no way round. Bring the wall down.
gated: true
tile: 16
---
###########################################################.#.##################################
##########################################################.#.###################################
#########################################################......#################################
########################################################.#....##################################
#################....###################################.......###########.......###############
##########.###.........T.T################################.###########..............#.##########
#######.#######...........T..################################.#####.................#.###..#####
#######..##.#.#.................###############....,###########....E....E.......#.###.#.,..#####
#######....#.........................."."...###................E...................,###,##.#####
#######,....................................###...................................,,###,#,.#####
########..........""".............."".......###...................................##,#,#,,,#####
.,#,###...........""".............."""""....###........................................,,,.#####
#..####............"................."""....###...................",..................,,,,######
####.##...........""".................".....###..................".",,................##,,######
..#####,..........."........................###..............""..,"""",..............,,,########
#######.....................................###.............""E."""""..,,..,.........,,#########
###...................."....................###............."""""""",,..,,,,,,.........,.#######
##.#..#..............."""..............,,...###.............""""""..,,,,,,,,,,........##,#######
###.#.#...............""".......E...,,,,,...###................",,..,,,,,,.............#.#######
####..#............."""""".........,,,,,,...###..............p...,,,,,,,,,.k....S......#########
#######............"""""".........,,,,,,....###....................,,,,,,,,,..........#.########
#######............,""............,,,,,,....###....hh...............,,,,,,............##########
#######.......,,,,,."........p...,,,,,......###....hh.................,.,,..............########
#######..,,,.,,,,,...............,,,,TTT....###.........................................########
######...,,.,,,,,,.................,TTTT....###...............E........................#########
######.......,,,,,,................TTT.T,...###........................................#########
######........,,,c,,..................T,....###........................................#########
#######......,,,,,,,........................###........................................#########
######.......,,,..,,........................###........................................#########
#####........,,,..,,,.........E"............###........................................#########
#####.....P...P..,,,........."".""..........###.........................................########
#####.P........,..,,.....,,."""."".....o....FFF................................hh.......########
####...........,,,...,,.,,,.................FFF............................,,,,hh.......########
####...........,,,,,,,,..,..................FFF.....................p.......,,,,,.......########
####.P..........,,,,,,,,.......p............###........................k....,,,,,.......########
####.........P..,,,,,,,,,,..................###...................k.......,,,,,,,.......########
####.....P........c,,.,,,,..................###...........................,,,,,,,........#######
####...................,....................###.............................,,,,,,.......#######
####....#.....................E.............###.................E..............,,........#######
####....#..#................................###..........................................#######
####...#..#.#...............................###.,.........p..............................#######
#####..####.................................###,,,.hh................,,,,................#######
#####.......................p...............###,,,,hh,............,,,,,,,,...............#######
#####.......................................###,,,,.,,...........,,,,,,,,,,.......,,,,..,#######
#####.......................................###,,,,................,,,..,,.......,,,,,,.,#######
######......................................###.,,,,...............,,,..,......,,,,,,,...#######
######......................................###..,,,..............k,,.,,,,....,,,,,,,,,.,#######
######................................T.....###,...................,.,,,,......,,,,,,,.,,#######
#######..............................T......###...................,,............,,...B..,#######
#######.............................TTTT....###.................................,,.......#######
#######................................T....###..................................,......,#######
#######..............................TT.....###.....................T.T..................#######
#######........T............................###....................TT.TT.................#######
#######......TTTT.........................."###".....................T...................#######
#######.......TTT.........................""###....................TET.T..................######
#######...................................".###".................E..TTT...........##############
#################.........######..........."###......................TT.E.....##################
#####################################.......###.....................E....#######################
######################..################....###.........########################################
######################.##.#####################.....############################################
#######################...######################################################################
######################..########################################################################
#####################.###.######################################################################
#######################.########################################################################
