name: Undergrowth
theme: jungle
objective: eliminate
doctrine: patrol
order: 6
mechanic: tall grass
brief: Tall grass hides you but not your bullets. Snipers own the open ground.
advice: Tall grass hides you. It does not hide your bullets, which is a distinction I have had explained to me twice.
tile: 16
---
TTTTTTTTTTTTTTTTTTTTTTTTTTTTTTTTTTTTTTTTTTTTTTTTTTTTTTTTTTTTTTTTTTTTTTTTTTTTT.TTTTTTTTTTTTTTTTTT
TTTTTTTTTTTTTTTTTTTTTTTTTTTTTTTTTTTTTTTTTTTTTTTTTTTTTTTTTTTTTTTTTTTTTTTTTTTTT...TTTTTTTTTTT.TTTT
TTTTTTTTTTTTTTTTTTTTTTTTTTTTTTTTTTTTTTTTTTTTTTTTTTTTTTTTTTTTTTTTTTTTTTTTTTTTTT.TTTTTTTTTT.TT.TTT
TTTTTTTTTTTTTTTTTTTTTTTTTTTTTTTTTTTTTTTTTTTTTTTTTTTTTTTTTTTTTTT""""""."TTTTTTT.TTTTTTTTT.T...TTT
TTTTTTTT""""".TTTTTTTTTTTTTTTTTTTTTTTTTTTTTTTTTTTTTTTTTTTTTT"""""""""""""""TTTTTTTTTTTTTTT..TTTT
TTTTTTTT"""""."..TTTTTTTTTTTTTTTTTTTTTTTTTTTTTTTTTTTTTTTT"""""""""""""""""""""TTTTTTTTTTTT.TTTTT
TTTTTTTT"""........TTTTTTTTTTTTTTTTTTTTTTTTTTTTTTTTTTT""""""""""""""""""""""""""""""""""""""TTTT
TTTTTTTT............".TTTTTTTTTTTTT""""""""T""""""""""""""""""""""""."""""""""""""""""""""""TTTT
TTTTTTTT................".TTTT""...""""""""T"TTT""""""""""""""""""T.."""""""""""""""""""""""TTTT
TTTTTTTT.........................."""""""""TTTTTT""""""""""""""""TTTT""...."""."""""""""""""TTTT
TTTTTTTT.............""..........""""""""T"TTTTT"T""""""""""".""""T."...........p"""""""""""TTTT
TTTTTTTT.".".....""""""........."""""""""""TT""T""""""""""".......T"...E......""""""""""""""TTTT
TTTTTTTT""".""""""""""....""..."""""""""""""T"""""""""""""...................."""..""""""""TTTTT
TTTTTTTTT"..""""""""""....""..""""""""""""""""TT""""""""""...."................".....""""p"TTTTT
TTTTTTTTT"...""..""""........."""""""""""""""""""""""""""...E""......................"""T""TTTTT
TTTTTTTT.""......"""..........."""""""""""""""""""""""""...."......................."""TT"TTTTTT
TTTTTTT"T"""....."""..........."""""""""""""""""""""""""..."............c...........""TT""TTTTTT
T.T.TTTT"""""....""".."...."."""""""""""""""""T"""""""...."""""."..................."".TTTTTTTTT
T..TTTT""""""""""""""""".""""""""""""""""""""T""TE""".....""""""""."."...."".......""".TTTTTTTTT
.T..TTT""""""""""""""""""""""""""""""""""""""TTTTTT""..."""""."""""""""...""......E."..."TTTTTTT
TTTTTTT"""""""""""""""""""""""""""""""""""""T"T"""""""""""""".""""""""""................TTTTTTTT
TTTTTTT"""""""""""""""""""""""""""""""""""""TT"TTT""""""""""""""""""""""".............."TTTTTTTT
TTTTTTT."""""""""""""""""""""""""""""""."""""""T""""""""""""""""""""""""""".............TTTTTTTT
TTTTTTT."""""""""""""""""""""""""""""......"""""""""""""""""""""""""""""""............."TTTTTTTT
TTTTTTT."""""""""""""""""""#"""""""""......""""""""""""""""""""""""""""""".....E......"TTTTTTTTT
TTTTTTT""""""""""""""""""""##"""""""......."""""""""""""""""""""""""""""""............"TTTTTTTTT
TTTTTTT.""""""""""""""""""##""""""..........."""""""""""""""""""""""""""""""......T"...TTTTTTTTT
TTTTTTT."""""""""""""""""""""""""............""""""""""""""""""""""""""""""""......TTT.TTTTTTTTT
TTTTTTT."""""""""""""""""""""""""........""""""""""""""""""""""""""""""""""""".""T"TTT.TTTTTTTTT
TTTTTTT"""""""""""""""""""""""""."......."""""""""""""""""""""""""""""""""""""""TT.T..".TTTTTTTT
TTTTTTT."""""""""""""""""""TT"""........."""""""""""""""""""""""""""""""""""""""TT.TTT."TTTTTTTT
TTTTTTT.""""""""""""""""T"TTT"""......."""""""""""""""""""""""""""""""""""""""""".T"""..TTTTTTTT
TTTTTTT"""""""""""""""""TT"TTT""......"""""""""""""""""""""""""""""""E"""""""""""""T""""TTTTTTTT
TTTTTTT""""""""""""""""""TT""TT"......."""""""""""""""""""""""""""""""""""""E"""""""""""TTTTTTTT
TTTTTTT"""""""""""""""""TTT""T.""......""""""""""""""""""""""""""""""""""""""""""""""".".TTTTTTT
TTTTTTT""""""""""""""""""T"T"""""""..."""""""""""""""""""""""""""""""""""""""""""""""..."TTTTTTT
TTTTTT""""""""""""""""""""TT"""""""".""""""""""""""""""""""""""""""""""""""""""""""....."TTTTTTT
TTTTTT"""""""""""""""""""""""""""""""S""""""""""""""""""""""""""""""""""""""""""""...."".TTTTTTT
TTTTTT"""""""""""""""""""""""""""""c"""""""""""""""""..."..""""""""""""""""""""""".S.".".TTTTTTT
TTTTT""""""""""""""""""""""""""""""""""""""""""""""".......""""""""""""""""""""""""""""..TTTTTTT
TTTT."""""""""""""""""""""""""""""""""""""""""""""""........"""""""""""""""""""""""""""S.TTTTTTT
TT.T.""""""""""....""""""""""""""""""""""""""""""""..........""""""""""""""""""""""""".."TTTTTTT
TTTT"""""""""......"""""""""""""""""""""""""""""""............"""""""""""""""""""""""""."TTTTTTT
TT.TT""""..""......""""""""""""""""""""""""""""".............""""""""""""""""""""""""".T.TTTTTTT
TT..T""""..""........""""""""""""""""""""""""."""............"""""""""..."""""""""""""T""TTTTTTT
TTTT"TT"""............""""""""""""""""""""""...""............"""""""E......"""""""""T".TTTTTTTTT
TTTTTT""".........."""""""""""""""""""""""""".............."""""""""......."""""""""""T.TTTTTTTT
TTTT.T""...........""""""""""""""""""""""""""""""........."""""""""".......""""""""""T"TTTTTTTTT
TTTT"T"""..........""""""""""""""""""""""""""""""........."""""""""".""."""""""""""""""""TTTTTTT
TTT""T""""........."""""""""""""""""""""""""""""""...."".."""""""""""""""""""""""""""""""TTTTTTT
TTT""""""".........""""""""""""""""""""""""""""""....."""""""""""""""""""""""""""""""""""TTTTTTT
TTT"""""".........."""""""""""#""""""""""""""""""..".""""""""""""""""""""""""""""""""""""TTTTTTT
TTTT"""".""""....""""""""""#"#""""""""""""""""""""p.""""""""""""""""""""""T"""""""""""""""TTTTTT
TTTT"""""."""""..."""""""""###"""""""""""""""""""""""""""""""""""""""""TTTTT"""E""""""""""TTTTTT
TTTT""""T...""""."""""""""""#""""""""""""""""""""""""""""""""""""""""""""T"""T""""""""""""TTTTTT
TTTT".......""""""""""""""""""""""....""""""""""""""""""""""""""T"""""""."TT""""""""""""""STTTTT
TTTT.....P..."""""""""""""""""""""....""""""""""""""""""""""""TT...""""TT.T""""""""""""""""TTTTT
TTT...........""""""""""""""""""""".p.""""""""""""""""""""""""TTT.".""".."T""""""""""""""""TTTTT
TTT..P........""""T""""""""""""..""....""""""..""""""""""""""""TTT.".."."...""""""E"""""""""TTTT
TTT..........."""""""""""""""""........""""".T"T.""""""""""""".T.".."..TT"."E""""""""#""""""T.TT
TTT..........."""TTT""T""""""""........"""".T"T..""E"".""""""""."TTTTTTTTTTTTT"""""###""""""..T.
TTT...........PT"T"T"T""".".T"....."..."""...TTTTTTTTTTTTTTTTTTTTTTTTTTTTTTTTTTTT""####"""""...T
TTTP..........TTTTTTTTT"TTT"TT"..."""""..""TTTTTTTTTTTTTTTTTTTTTTTTTTTTTTTTTTTTTTTT""""#""""".TT
TTT.....P.....TTTTTTTTTTTTTTT""...."""..TTTTTTTTTTTTTTTTTTTTTTTTTTTTTTTTTTTTTTTTTTTTTT#""""""T.T
TTTT.........TTTTTTTTTTTTTTTT."."..".TTTTTTTTTTTTTTTTTTTTTTTTTTTTTTTTTTTTTTTTTTTTTTTTTTTTTTTTTTT
TTTTT.....P.TTTTTTTTTTTTTTTTTTTTTTTTTTTTTTTTTTTTTTTTTTTTTTTTTTTTTTTTTTTTTTTTTTTTTTTTTTTTTTTTTTTT
TTTTTTTTTTTTTTTTTTTTTTTTTTTTTTTTTTTTTTTTTTTTTTTTTTTTTTTTTTTTTTTTTTTTTTTTTTTTTTTTTTTTTTTTTT..TTTT
TTTTTTTTTTTTTTTTTTTTTTTTTTTTTTTTTTTTTTTTTTTTTTTTTTTTTTTTTTTTTTTTTTTTTTTTTTTTTTTTTTTTTTTTTTT..TTT
