name: White Cut
theme: arctic
objective: survive
doctrine: swarm
order: 33
mechanic: nowhere to spread out
brief: A canyon floor, four waves, and walls that stop you going round them.
waves: 4@22
tile: 16
duration: 100
---
##########################################################################################################################################
##########################################################################################################################################
##########################################################################################################################################
##########################################################################################################################################
##########################################################################################################################################
##########################################################################################################################################
##########################################################################################################################################
##########################################################################################################################################
##########################################################################################################################################
##########################################################################################################################################
##########################################################################################################################################
##########################################################################################################################################
##########################################################################################################################################
##########################################################################################################################################
##########################################################################################################################################
##########################################################################################################################################
##########################################################################################################################################
##########################################################################################################################################
##########################################################################################################################################
######...#################################################################################################################################
#####.....################################################################################################################################
####.......###############################################################################################################################
###...OO....##############################################################################################################################
###..POO....#####################################################################################################....#####################
##..........##################################################################################################E......,,.##################
##...........###############################################################################################...............###############
##....P......###################################............##############################################...................T############
##............###############################.,................#########################################....................TT.###########
##..............###########################,....E................######################################.......................Tii#########
##...P....P.....c.#####################.,,p,......................##...##############################..........................i.ii#######
##...............i.iT###############,.....,.,hh................E........###########################..............................iiii#####
##..............i...i.....#####.,,,,,........hh....................E.....#########################...................E.............iiii.##
###...P...P.....ii.iii..........,,,,.....................###.##.#...hh....######################..............#..#......................##
####.............iiiiT...........,,,..................###########...hh....#################...#.E.........#.#########...................##
#######.........iiiiT...............,..............##############.........################.............###############..................##
#########........ii..........p........,,,...c...##################..........#############..........#####################........,,,.....##
###########...........hh..............,,,,E,..S####################......o....##########...hh.....########################......,,,,....##
############..........hh....T.............,..#######################...###.........,##,,...hh.B..##########################......,,.....##
##############..............TT............,###################################......,,.,,E.......#############################..........##
###############.....E......T..........,,..,#########################################............###############################.........##
################..........T............##############################################.####.....##################################.......##
##################.......ET............####################################################...###################################.......##
#####################...............###############################################################################################.....##
######################..........#####################################################################################################...##
##########################.....###########################################################################################################
##########################################################################################################################################
##########################################################################################################################################
##########################################################################################################################################
##########################################################################################################################################
##########################################################################################################################################
##########################################################################################################################################
##########################################################################################################################################
##########################################################################################################################################
##########################################################################################################################################
##########################################################################################################################################
##########################################################################################################################################
